 QPSK_system_v3f_sfun

 Timestamp is 51a28fba (Sun May 26 15:42:02 2013)

 Preferred load address is 0000000180000000

 Start         Length     Name                   Class
 0001:00000000 000387a4H .text                   CODE
 0001:000387b0 00000092H .text$x                 CODE
 0002:00000000 00000498H .idata$5                DATA
 0002:00000498 00000008H .CRT$XCA                DATA
 0002:000004a0 00000008H .CRT$XCZ                DATA
 0002:000004a8 00000008H .CRT$XIA                DATA
 0002:000004b0 00000008H .CRT$XIAA               DATA
 0002:000004b8 00000008H .CRT$XIZ                DATA
 0002:000004c0 00004b2cH .rdata                  DATA
 0002:00004ff0 00000008H .rtc$IAA                DATA
 0002:00004ff8 00000008H .rtc$IZZ                DATA
 0002:00005000 00000008H .rtc$TAA                DATA
 0002:00005008 00000008H .rtc$TZZ                DATA
 0002:00005010 00004034H .xdata                  DATA
 0002:00009044 000000a0H .idata$2                DATA
 0002:000090e4 00000014H .idata$3                DATA
 0002:000090f8 00000498H .idata$4                DATA
 0002:00009590 00000ab0H .idata$6                DATA
 0002:0000a040 0000005aH .edata                  DATA
 0003:00000000 000034d8H .data                   DATA
 0003:000034e0 000026f8H .bss                    DATA
 0004:00000000 000030fcH .pdata                  DATA

  Address         Publics by Value              Rva+Base               Lib:Object

 0000:00000000       ___safe_se_handler_table   0000000000000000     <absolute>
 0000:00000000       ___safe_se_handler_count   0000000000000000     <absolute>
 0000:00000000       __ImageBase                0000000180000000     <linker-defined>
 0001:00000000       sf_c2_QPSK_system_v3f_get_eml_resolved_functions_info 0000000180001000 f   c2_QPSK_system_v3f.obj
 0001:00001b40       sf_c2_QPSK_system_v3f_get_check_sum 0000000180002b40 f   c2_QPSK_system_v3f.obj
 0001:00001bc0       sf_c2_QPSK_system_v3f_get_autoinheritance_info 0000000180002bc0 f   c2_QPSK_system_v3f.obj
 0001:00002280       sf_internal_get_sim_state_c2_QPSK_system_v3f 0000000180003280 f   c2_QPSK_system_v3f.obj
 0001:00002770       sf_internal_set_sim_state_c2_QPSK_system_v3f 0000000180003770 f   c2_QPSK_system_v3f.obj
 0001:00002cd0       c2_QPSK_system_v3f_method_dispatcher 0000000180003cd0 f   c2_QPSK_system_v3f.obj
 0001:000061c0       sf_process_check_sum_call  00000001800071c0 f   QPSK_system_v3f_sfun_registry.obj
 0001:00006210       sf_process_autoinheritance_call 0000000180007210 f   QPSK_system_v3f_sfun_registry.obj
 0001:000063b0       sf_process_get_eml_resolved_functions_info_call 00000001800073b0 f   QPSK_system_v3f_sfun_registry.obj
 0001:00006530       sf_mex_unlock_call         0000000180007530 f   QPSK_system_v3f_sfun_registry.obj
 0001:000065e0       sf_machine_global_initializer_called 00000001800075e0 f   QPSK_system_v3f_sfun_registry.obj
 0001:00006610       sf_machine_global_method_dispatcher 0000000180007610 f   QPSK_system_v3f_sfun_registry.obj
 0001:00006670       sf_machine_global_terminator 0000000180007670 f   QPSK_system_v3f_sfun_registry.obj
 0001:000066b0       sf_register_machine_exported_symbols 00000001800076b0 f   QPSK_system_v3f_sfun_registry.obj
 0001:000066d0       callCustomFcn              00000001800076d0 f   QPSK_system_v3f_sfun_registry.obj
 0001:000066e0       sf_machine_global_initializer 00000001800076e0 f   QPSK_system_v3f_sfun_registry.obj
 0001:00006750       _ssSetStateAbsTol          0000000180007750 f   QPSK_system_v3f_sfun_registry.obj
 0001:00006830       _ssGetAbsTol               0000000180007830 f   QPSK_system_v3f_sfun_registry.obj
 0001:000068a0       _ssSetInputPortMatrixDimensions 00000001800078a0 f   QPSK_system_v3f_sfun_registry.obj
 0001:000069b0       _ssSetOutputPortMatrixDimensions 00000001800079b0 f   QPSK_system_v3f_sfun_registry.obj
 0001:00006ac0       _ssSetInputPortVectorDimension 0000000180007ac0 f   QPSK_system_v3f_sfun_registry.obj
 0001:00006b90       _ssSetOutputPortVectorDimension 0000000180007b90 f   QPSK_system_v3f_sfun_registry.obj
 0001:00006c60       ssIsRunTimeParamTunable    0000000180007c60 f   QPSK_system_v3f_sfun_registry.obj
 0001:00006cd0       ssGetSFuncBlockHandle      0000000180007cd0 f   QPSK_system_v3f_sfun_registry.obj
 0001:00006d40       _ssGetCurrentInputPortWidth 0000000180007d40 f   QPSK_system_v3f_sfun_registry.obj
 0001:00006e60       _ssGetCurrentOutputPortWidth 0000000180007e60 f   QPSK_system_v3f_sfun_registry.obj
 0001:00006f80       _ssGetCallSystemNumFcnCallDestinations 0000000180007f80 f   QPSK_system_v3f_sfun_registry.obj
 0001:00006ff0       ssWarning                  0000000180007ff0 f   QPSK_system_v3f_sfun_registry.obj
 0001:00007100       ssGetIsZeroCrossControlDisabled 0000000180008100 f   QPSK_system_v3f_sfun_registry.obj
 0001:00007170       ssSetIsInputPortUsedForContZcSignal 0000000180008170 f   QPSK_system_v3f_sfun_registry.obj
 0001:000071e0       ssSetZcSignalIsZcElementDisc 00000001800081e0 f   QPSK_system_v3f_sfun_registry.obj
 0001:00007290       ssSetZcSignalName          0000000180008290 f   QPSK_system_v3f_sfun_registry.obj
 0001:00007300       ssSetZcSignalWidth         0000000180008300 f   QPSK_system_v3f_sfun_registry.obj
 0001:00007370       ssSetZcSignalZcEventType   0000000180008370 f   QPSK_system_v3f_sfun_registry.obj
 0001:000073e0       ssSetZcSignalType          00000001800083e0 f   QPSK_system_v3f_sfun_registry.obj
 0001:00007450       ssSetZcSignalZcTol         0000000180008450 f   QPSK_system_v3f_sfun_registry.obj
 0001:000074c0       ssSetZcSignalNeedsEventNotification 00000001800084c0 f   QPSK_system_v3f_sfun_registry.obj
 0001:00007530       ssCreateAndAddZcSignalInfo 0000000180008530 f   QPSK_system_v3f_sfun_registry.obj
 0001:000075a0       ssCloneAndAddZcSignalInfo  00000001800085a0 f   QPSK_system_v3f_sfun_registry.obj
 0001:00007610       ssGetNumZcSignals          0000000180008610 f   QPSK_system_v3f_sfun_registry.obj
 0001:00007680       ssGetZcSignalVector        0000000180008680 f   QPSK_system_v3f_sfun_registry.obj
 0001:000076f0       ssGetZcSignalZcEvents      00000001800086f0 f   QPSK_system_v3f_sfun_registry.obj
 0001:00007760       ssGetZcSignalName          0000000180008760 f   QPSK_system_v3f_sfun_registry.obj
 0001:000077d0       ssGetZcSignalWidth         00000001800087d0 f   QPSK_system_v3f_sfun_registry.obj
 0001:00007840       ssGetZcSignalZcEventType   0000000180008840 f   QPSK_system_v3f_sfun_registry.obj
 0001:000078b0       ssGetZcSignalType          00000001800088b0 f   QPSK_system_v3f_sfun_registry.obj
 0001:00007920       ssGetZcSignalZcTol         0000000180008920 f   QPSK_system_v3f_sfun_registry.obj
 0001:000079a0       ssGetZcSignalNeedsEventNotification 00000001800089a0 f   QPSK_system_v3f_sfun_registry.obj
 0001:00007a10       ssGetZcSignalIsZcElementDisc 0000000180008a10 f   QPSK_system_v3f_sfun_registry.obj
 0001:00007ab0       ssGetIsInputPortElementContinuous 0000000180008ab0 f   QPSK_system_v3f_sfun_registry.obj
 0001:00007b50       _ssGetInputPortSignalPtrsFcn 0000000180008b50 f   QPSK_system_v3f_sfun_registry.obj
 0001:00007e10       _ssGetInputPortSignalFcn   0000000180008e10 f   QPSK_system_v3f_sfun_registry.obj
 0001:00008030       _ssSetInputPortDirectFeedThroughFcn 0000000180009030 f   QPSK_system_v3f_sfun_registry.obj
 0001:00008190       _ssSetInputPortReusableFcn 0000000180009190 f   QPSK_system_v3f_sfun_registry.obj
 0001:00008280       _ssSetOutputPortReusableFcn 0000000180009280 f   QPSK_system_v3f_sfun_registry.obj
 0001:00008360       ssGetDTypeIdFromMxArray    0000000180009360 f   QPSK_system_v3f_sfun_registry.obj
 0001:00008480       ssWriteRTWStr              0000000180009480 f   QPSK_system_v3f_sfun_registry.obj
 0001:000084e0       ssWriteRTWMxVectParam      00000001800094e0 f   QPSK_system_v3f_sfun_registry.obj
 0001:00008540       ssWriteRTWMx2dMatParam     0000000180009540 f   QPSK_system_v3f_sfun_registry.obj
 0001:000085c0       ssWriteRTWNameValuePair    00000001800095c0 f   QPSK_system_v3f_sfun_registry.obj
 0001:00008ab0       ssWriteRTWParameters       0000000180009ab0 f   QPSK_system_v3f_sfun_registry.obj
 0001:000090b0       ssWriteRTWParamSettings    000000018000a0b0 f   QPSK_system_v3f_sfun_registry.obj
 0001:00009780       ssWriteRTWWorkVect         000000018000a780 f   QPSK_system_v3f_sfun_registry.obj
 0001:00009c80       mexFunction                000000018000ac80 f   QPSK_system_v3f_sfun_registry.obj
 0001:0000b940       ProcessMexSfunctionEveryCall 000000018000c940 f   QPSK_system_v3f_sfun_registry.obj
 0001:0000bab0       QPSK_system_v3f_initializer 000000018000cab0 f   QPSK_system_v3f_sfun.obj
 0001:0000bac0       QPSK_system_v3f_terminator 000000018000cac0 f   QPSK_system_v3f_sfun.obj
 0001:0000bad0       sf_QPSK_system_v3f_method_dispatcher 000000018000cad0 f   QPSK_system_v3f_sfun.obj
 0001:0000bb20       sf_QPSK_system_v3f_process_check_sum_call 000000018000cb20 f   QPSK_system_v3f_sfun.obj
 0001:0000bf30       sf_QPSK_system_v3f_autoinheritance_info 000000018000cf30 f   QPSK_system_v3f_sfun.obj
 0001:0000c0a0       sf_QPSK_system_v3f_get_eml_resolved_functions_info 000000018000d0a0 f   QPSK_system_v3f_sfun.obj
 0001:0000c1d0       QPSK_system_v3f_debug_initialize 000000018000d1d0 f   QPSK_system_v3f_sfun.obj
 0001:0000c240       QPSK_system_v3f_register_exported_symbols 000000018000d240 f   QPSK_system_v3f_sfun.obj
 0001:0000c250       load_QPSK_system_v3f_optimization_info 000000018000d250 f   QPSK_system_v3f_sfun.obj
 0001:0000c2a0       unload_QPSK_system_v3f_optimization_info 000000018000d2a0 f   QPSK_system_v3f_sfun.obj
 0001:0000c3c0       sf_mex_mx_is_numeric       000000018000d3c0 f   sfc_mex:sfc_mex.obj
 0001:0000c400       strcmp_ignore_ws           000000018000d400 f   sfc_mex:sfc_mex.obj
 0001:0000c540       sf_mex_duplicatearraysafe  000000018000d540 f   sfc_mex:sfc_mex.obj
 0001:0000c6a0       sf_set_error_debugger_context_message_fcn 000000018000d6a0 f   sfc_mex:sfc_mex.obj
 0001:0000c6b0       sf_set_debugger_matlab_error_fcn 000000018000d6b0 f   sfc_mex:sfc_mex.obj
 0001:0000c6e0       sf_set_error_prefix_string 000000018000d6e0 f   sfc_mex:sfc_mex.obj
 0001:0000c710       sf_get_error_prefix_string 000000018000d710 f   sfc_mex:sfc_mex.obj
 0001:0000c720       sf_mex_enter_parallel_region 000000018000d720 f   sfc_mex:sfc_mex.obj
 0001:0000c730       sf_mex_exit_parallel_region 000000018000d730 f   sfc_mex:sfc_mex.obj
 0001:0000c740       sf_get_current_jmp_buf_ptr 000000018000d740 f   sfc_mex:sfc_mex.obj
 0001:0000c750       sf_set_current_jmp_buf_ptr 000000018000d750 f   sfc_mex:sfc_mex.obj
 0001:0000c760       sf_mex_set_halt_simulation 000000018000d760 f   sfc_mex:sfc_mex.obj
 0001:0000c770       sf_mex_get_halt_simulation 000000018000d770 f   sfc_mex:sfc_mex.obj
 0001:0000c780       sf_mex_clear_error_message 000000018000d780 f   sfc_mex:sfc_mex.obj
 0001:0000c7a0       sf_mex_get_error_message_for_read 000000018000d7a0 f   sfc_mex:sfc_mex.obj
 0001:0000c7b0       sf_mex_get_error_message_buffer_length 000000018000d7b0 f   sfc_mex:sfc_mex.obj
 0001:0000c890       sf_mex_warning_message     000000018000d890 f   sfc_mex:sfc_mex.obj
 0001:0000c900       sf_mex_v_errbuf_createf    000000018000d900 f   sfc_mex:sfc_mex.obj
 0001:0000c910       sf_mex_errbuf_createf      000000018000d910 f   sfc_mex:sfc_mex.obj
 0001:0000c940       sf_mex_v_errbuf_catf       000000018000d940 f   sfc_mex:sfc_mex.obj
 0001:0000c980       sf_mex_errbuf_catf         000000018000d980 f   sfc_mex:sfc_mex.obj
 0001:0000c9d0       sf_mex_errbuf_copy         000000018000d9d0 f   sfc_mex:sfc_mex.obj
 0001:0000c9e0       sf_mex_errbuf_clear        000000018000d9e0 f   sfc_mex:sfc_mex.obj
 0001:0000c9f0       sf_mex_errbuf_isempty      000000018000d9f0 f   sfc_mex:sfc_mex.obj
 0001:0000cb00       sf_mex_set_error_status    000000018000db00 f   sfc_mex:sfc_mex.obj
 0001:0000cb50       sf_mex_error_direct_call   000000018000db50 f   sfc_mex:sfc_mex.obj
 0001:0000cb70       sf_mex_error_message_no_long_jump 000000018000db70 f   sfc_mex:sfc_mex.obj
 0001:0000cb90       sf_mex_long_jump_on_error  000000018000db90 f   sfc_mex:sfc_mex.obj
 0001:0000cbc0       sf_mex_call_matlab         000000018000dbc0 f   sfc_mex:sfc_mex.obj
 0001:0000cce0       sf_mex_check_builtin       000000018000dce0 f   sfc_mex:sfc_mex.obj
 0001:0000cd80       sf_mex_check_builtin_vs    000000018000dd80 f   sfc_mex:sfc_mex.obj
 0001:0000ce40       sf_mex_check_enum          000000018000de40 f   sfc_mex:sfc_mex.obj
 0001:0000cec0       sf_mex_create_enum         000000018000dec0 f   sfc_mex:sfc_mex.obj
 0001:0000cf30       sf_mex_get_enum_element    000000018000df30 f   sfc_mex:sfc_mex.obj
 0001:0000cf40       sf_mex_createcellarray     000000018000df40 f   sfc_mex:sfc_mex.obj
 0001:0000cf50       sf_mex_setcell             000000018000df50 f   sfc_mex:sfc_mex.obj
 0001:0000cf60       sf_mex_getcell             000000018000df60 f   sfc_mex:sfc_mex.obj
 0001:0000cf70       sf_mex_dup                 000000018000df70 f   sfc_mex:sfc_mex.obj
 0001:0000cf90       sf_mex_assign              000000018000df90 f   sfc_mex:sfc_mex.obj
 0001:0000d010       sf_mex_destroy             000000018000e010 f   sfc_mex:sfc_mex.obj
 0001:0000d040       mx_array_has_fi_type       000000018000e040 f   sfc_mex:sfc_mex.obj
 0001:0000d070       sf_mex_convert_from_fi     000000018000e070 f   sfc_mex:sfc_mex.obj
 0001:0000d1a0       sf_mex_convert_to_double   000000018000e1a0 f   sfc_mex:sfc_mex.obj
 0001:0000d2c0       sf_mex_import_fi_vs        000000018000e2c0 f   sfc_mex:sfc_mex.obj
 0001:0000d480       sf_matrix_matrix_index_ok  000000018000e480 f   sfc_mex:sfc_mex.obj
 0001:0000d510       sf_vector_vector_index_ok  000000018000e510 f   sfc_mex:sfc_mex.obj
 0001:0000d540       ssGetCurrentInputPortDimensions_wrapper 000000018000e540 f   sfc_mex:sfc_mex.obj
 0001:0000d560       ssGetCurrentOutputPortDimensions_wrapper 000000018000e560 f   sfc_mex:sfc_mex.obj
 0001:0000d580       sf_mex_emlrt_context_is_debug_mode 000000018000e580 f   sfc_mex:sfc_mex.obj
 0001:0000d590       sf_mex_emlrt_context_set_debug_mode 000000018000e590 f   sfc_mex:sfc_mex.obj
 0001:0000d5a0       sf_mex_emlrtNameCapturePostProcessR2012a 000000018000e5a0 f   sfc_mex:sfc_mex.obj
 0001:0000d610       sf_clear_error_manager_info 000000018000e610 f   sfc_mex:sfc_mex.obj
 0001:0000d670       sf_mex_stop_simulation_abruptly_wo_error 000000018000e670 f   sfc_mex:sfc_mex.obj
 0001:0000d6b0       sf_mex_error_message       000000018000e6b0 f   sfc_mex:sfc_mex.obj
 0001:0000d710       sf_react_to_error_in_matlab_call 000000018000e710 f   sfc_mex:sfc_mex.obj
 0001:0000d740       sf_mex_addfield            000000018000e740 f   sfc_mex:sfc_mex.obj
 0001:0000d7e0       sf_mex_getfield            000000018000e7e0 f   sfc_mex:sfc_mex.obj
 0001:0000dae0       sf_mex_check_class         000000018000eae0 f   sfc_mex:sfc_mex.obj
 0001:0000db80       sf_mex_is_real             000000018000eb80 f   sfc_mex:sfc_mex.obj
 0001:0000dff0       sf_mex_decode_encoded_mx_struct_array 000000018000eff0 f   sfc_mex:sfc_mex.obj
 0001:0000e2d0       sf_mex_lw_bounds_check     000000018000f2d0 f   sfc_mex:sfc_mex.obj
 0001:0000e300       sf_mex_lw_size_eq_check_1d 000000018000f300 f   sfc_mex:sfc_mex.obj
 0001:0000e320       sf_mex_lw_size_eq_check_nd 000000018000f320 f   sfc_mex:sfc_mex.obj
 0001:0000e500       sf_mex_lw_dim_size_eq_check 000000018000f500 f   sfc_mex:sfc_mex.obj
 0001:0000e530       sf_mex_lw_dim_size_geq_check 000000018000f530 f   sfc_mex:sfc_mex.obj
 0001:0000e560       sf_mex_lw_sub_assign_size_check_nd 000000018000f560 f   sfc_mex:sfc_mex.obj
 0001:0000e790       sf_mex_lw_runtime_error_msgid 000000018000f790 f   sfc_mex:sfc_mex.obj
 0001:0000e880       sf_mex_lw_matrix_matrix_index_check 000000018000f880 f   sfc_mex:sfc_mex.obj
 0001:0000e8a0       sf_mex_lw_vector_vector_index_check 000000018000f8a0 f   sfc_mex:sfc_mex.obj
 0001:0000e8e0       sf_mex_lw_for_loop_vector_check 000000018000f8e0 f   sfc_mex:sfc_mex.obj
 0001:0000e970       sf_mex_lw_non_negative_check 000000018000f970 f   sfc_mex:sfc_mex.obj
 0001:0000e9b0       sf_mex_overflow_error      000000018000f9b0 f   sfc_mex:sfc_mex.obj
 0001:0000e9c0       sf_mex_dividebyzero_error  000000018000f9c0 f   sfc_mex:sfc_mex.obj
 0001:0000e9d0       sf_mex_unsafe_enum_error   000000018000f9d0 f   sfc_mex:sfc_mex.obj
 0001:0000e9e0       sf_emlrtErrHandler         000000018000f9e0 f   sfc_mex:sfc_mex.obj
 0001:0000eac0       sf_mex_size_one_check      000000018000fac0 f   sfc_mex:sfc_mex.obj
 0001:0000eae0       sf_mex_printf              000000018000fae0 f   sfc_mex:sfc_mex.obj
 0001:0000ecb0       sf_mex_check_size          000000018000fcb0 f   sfc_mex:sfc_mex.obj
 0001:0000ef80       sf_mex_check_struct        000000018000ff80 f   sfc_mex:sfc_mex.obj
 0001:0000f1e0       sf_mex_check_struct_vs     00000001800101e0 f   sfc_mex:sfc_mex.obj
 0001:0000f270       sf_mex_check_fi            0000000180010270 f   sfc_mex:sfc_mex.obj
 0001:0000f370       sf_mex_check_fi_vs         0000000180010370 f   sfc_mex:sfc_mex.obj
 0001:0000f410       sf_echo_expression         0000000180010410 f   sfc_mex:sfc_mex.obj
 0001:0000f470       sf_assertion_failed        0000000180010470 f   sfc_mex:sfc_mex.obj
 0001:0000f750       sf_mex_evalin              0000000180010750 f   sfc_mex:sfc_mex.obj
 0001:0000f9c0       sf_mex_export              00000001800109c0 f   sfc_mex:sfc_mex.obj
 0001:0000fa80       sf_mex_get_ml_var_no_error 0000000180010a80 f   sfc_mex:sfc_mex.obj
 0001:0000fc20       sf_mex_get_ml_var          0000000180010c20 f   sfc_mex:sfc_mex.obj
 0001:000100c0       ml_set_element_value_in_array 00000001800110c0 f   sfc_mex:sfc_mex.obj
 0001:00011790       sf_mex_call_impl           0000000180012790 f   sfc_mex:sfc_mex.obj
 0001:00011cc0       sf_mex_call_debug          0000000180012cc0 f   sfc_mex:sfc_mex.obj
 0001:00011cf0       sf_mex_call                0000000180012cf0 f   sfc_mex:sfc_mex.obj
 0001:00012340       sf_mex_createstruct        0000000180013340 f   sfc_mex:sfc_mex.obj
 0001:00012430       sf_mex_createstructarray   0000000180013430 f   sfc_mex:sfc_mex.obj
 0001:000124b0       sf_mex_get_mx_datatype_from_sf_datatype 00000001800134b0 f   sfc_mex:sfc_mex.obj
 0001:000127c0       sf_mex_ml_var_sub          00000001800137c0 f   sfc_mex:sfc_mex.obj
 0001:00012990       sf_mex_ml_var_subsasgn     0000000180013990 f   sfc_mex:sfc_mex.obj
 0001:00012d80       sf_mex_sub                 0000000180013d80 f   sfc_mex:sfc_mex.obj
 0001:00012f80       sf_mex_subsasgn            0000000180013f80 f   sfc_mex:sfc_mex.obj
 0001:00013460       sf_mex_create              0000000180014460 f   sfc_mex:sfc_mex.obj
 0001:00013eb0       sf_mex_import_named        0000000180014eb0 f   sfc_mex:sfc_mex.obj
 0001:00013f10       sf_mex_import              0000000180014f10 f   sfc_mex:sfc_mex.obj
 0001:00013f60       sf_mex_import_vs           0000000180014f60 f   sfc_mex:sfc_mex.obj
 0001:00014070       sf_mex_lower_fixpt_mx_array 0000000180015070 f   sfc_mex:sfc_mex.obj
 0001:00014360       sf_send_message_wrapper    0000000180015360 f   sfc_mex:sfc_sf.obj
 0001:00014390       sf_receive_message_wrapper 0000000180015390 f   sfc_mex:sfc_sf.obj
 0001:000143d0       sf_check_out_message_wrapper 00000001800153d0 f   sfc_mex:sfc_sf.obj
 0001:00014410       sf_check_in_message_wrapper 0000000180015410 f   sfc_mex:sfc_sf.obj
 0001:00014450       sf_no_message_wrapper      0000000180015450 f   sfc_mex:sfc_sf.obj
 0001:000147e0       sim_mode_is_rtw_gen        00000001800157e0 f   sfc_mex:sfc_sf.obj
 0001:00014810       sim_mode_is_external       0000000180015810 f   sfc_mex:sfc_sf.obj
 0001:00014820       sim_mode_is_modelref_sim   0000000180015820 f   sfc_mex:sfc_sf.obj
 0001:00014840       mdlInitializeSizes         0000000180015840 f   sfc_mex:sfc_sf.obj
 0001:00014860       mdlInitializeSampleTimes   0000000180015860 f   sfc_mex:sfc_sf.obj
 0001:000148a0       mdlZeroCrossings           00000001800158a0 f   sfc_mex:sfc_sf.obj
 0001:00014980       mdlDerivatives             0000000180015980 f   sfc_mex:sfc_sf.obj
 0001:00014a30       mdl_initialize_conditions_processing 0000000180015a30 f   sfc_mex:sfc_sf.obj
 0001:00014a60       mdlInitializeConditions    0000000180015a60 f   sfc_mex:sfc_sf.obj
 0001:00014b20       mdlGetSimState             0000000180015b20 f   sfc_mex:sfc_sf.obj
 0001:00014b30       mdlSetSimState             0000000180015b30 f   sfc_mex:sfc_sf.obj
 0001:00014b40       mdl_ext_mode_exec_processing 0000000180015b40 f   sfc_mex:sfc_sf.obj
 0001:00014b60       mdlExtModeExec             0000000180015b60 f   sfc_mex:sfc_sf.obj
 0001:00014cf0       mdlTerminate               0000000180015cf0 f   sfc_mex:sfc_sf.obj
 0001:00014d60       mdlRTW                     0000000180015d60 f   sfc_mex:sfc_sf.obj
 0001:00014d90       mdlSetWorkWidths           0000000180015d90 f   sfc_mex:sfc_sf.obj
 0001:00014da0       mdlProcessParameters       0000000180015da0 f   sfc_mex:sfc_sf.obj
 0001:00014db0       mdl_start_processing       0000000180015db0 f   sfc_mex:sfc_sf.obj
 0001:00014e10       mdlStart                   0000000180015e10 f   sfc_mex:sfc_sf.obj
 0001:00014f20       mdlEnable                  0000000180015f20 f   sfc_mex:sfc_sf.obj
 0001:00014ff0       mdlDisable                 0000000180015ff0 f   sfc_mex:sfc_sf.obj
 0001:000150a0       sf_get_chart_instance_ptr  00000001800160a0 f   sfc_mex:sfc_sf.obj
 0001:000150c0       sf_load_rtw_optimization_info 00000001800160c0 f   sfc_mex:sfc_sf.obj
 0001:00015190       sf_rtw_info_uint_prop      0000000180016190 f   sfc_mex:sfc_sf.obj
 0001:000152d0       sf_is_chart_inlinable      00000001800162d0 f   sfc_mex:sfc_sf.obj
 0001:000152f0       sf_mark_output_events_with_multiple_callers 00000001800162f0 f   sfc_mex:sfc_sf.obj
 0001:00015480       sf_mark_chart_reusable_outputs 0000000180016480 f   sfc_mex:sfc_sf.obj
 0001:000156e0       sf_mark_chart_expressionable_inputs 00000001800166e0 f   sfc_mex:sfc_sf.obj
 0001:00015940       sf_get_subchart_simstruct  0000000180016940 f   sfc_mex:sfc_sf.obj
 0001:00015990       sf_get_fixpt_data_type_id  0000000180016990 f   sfc_mex:sfc_sf.obj
 0001:000159d0       sf_get_enum_data_type_id   00000001800169d0 f   sfc_mex:sfc_sf.obj
 0001:00015a10       sf_get_param_data_type_id  0000000180016a10 f   sfc_mex:sfc_sf.obj
 0001:00015a40       sf_mex_listen_for_ctrl_c_force 0000000180016a40 f   sfc_mex:sfc_sf.obj
 0001:00015b50       sf_mex_draw_now            0000000180016b50 f   sfc_mex:sfc_sf.obj
 0001:00015b90       sf_mex_set_debugger_sim_status_listener_fcn 0000000180016b90 f   sfc_mex:sfc_sf.obj
 0001:00015ba0       sf_mex_listen_for_ctrl_c   0000000180016ba0 f   sfc_mex:sfc_sf.obj
 0001:00015c30       sf_mex_get_sfun_param      0000000180016c30 f   sfc_mex:sfc_sf.obj
 0001:00015c80       sf_get_runtime_param_data  0000000180016c80 f   sfc_mex:sfc_sf.obj
 0001:00015cc0       sf_call_output_fcn_call    0000000180016cc0 f   sfc_mex:sfc_sf.obj
 0001:00015e00       sf_call_output_fcn_enable  0000000180016e00 f   sfc_mex:sfc_sf.obj
 0001:00015e90       sf_call_output_fcn_disable 0000000180016e90 f   sfc_mex:sfc_sf.obj
 0001:00015f20       sf_clear_rtw_identifier    0000000180016f20 f   sfc_mex:sfc_sf.obj
 0001:00016710       sf_set_encoded_dwork_info  0000000180017710 f   sfc_mex:sfc_sf.obj
 0001:00016760       sf_get_dwork_info_from_mat_file 0000000180017760 f   sfc_mex:sfc_sf.obj
 0001:00016920       sf_set_rtw_dwork_info      0000000180017920 f   sfc_mex:sfc_sf.obj
 0001:00016a90       mdlOutputs                 0000000180017a90 f   sfc_mex:sfc_sf.obj
 0001:00016c30       sf_debug_disp              0000000180017c30 f   sfc_debug:sfcdebug.obj
 0001:00016e90       sf_debug_data_runtime_size_mismatch_error_check 0000000180017e90 f   sfc_debug:sfcdebug.obj
 0001:00016f30       sf_debug_try_loading_machine 0000000180017f30 f   sfc_debug:sfcdebug.obj
 0001:00017030       sf_debug_reset_current_state_configuration 0000000180018030 f   sfc_debug:sfcdebug.obj
 0001:000170c0       sf_debug_store_current_state_configuration 00000001800180c0 f   sfc_debug:sfcdebug.obj
 0001:00017150       sf_debug_restore_previous_state_configuration 0000000180018150 f   sfc_debug:sfcdebug.obj
 0001:000171e0       sf_debug_restore_previous_state_configuration2 00000001800181e0 f   sfc_debug:sfcdebug.obj
 0001:00017270       sf_debug_get_event_scope   0000000180018270 f   sfc_debug:sfcdebug.obj
 0001:000173e0       use_debugger_step_animation 00000001800183e0 f   sfc_debug:sfcdebug.obj
 0001:00017400       sf_debug_get_script_id     0000000180018400 f   sfc_debug:sfcdebug.obj
 0001:00017490       sf_debug_set_script_translation 0000000180018490 f   sfc_debug:sfcdebug.obj
 0001:00017610       sf_debug_extract_message_post_receive_info 0000000180018610 f   sfc_debug:sfcdebug.obj
 0001:00017710       sf_debug_get_current_machine_id 0000000180018710 f   sfc_debug:sfcdebug.obj
 0001:00017730       sf_debug_get_current_optional_integer 0000000180018730 f   sfc_debug:sfcdebug.obj
 0001:00017740       sf_debug_get_current_machine_number 0000000180018740 f   sfc_debug:sfcdebug.obj
 0001:00017760       sf_debug_get_current_machine_name 0000000180018760 f   sfc_debug:sfcdebug.obj
 0001:00017780       sf_debug_get_current_chart_id 0000000180018780 f   sfc_debug:sfcdebug.obj
 0001:000177d0       sf_debug_get_current_chart_number 00000001800187d0 f   sfc_debug:sfcdebug.obj
 0001:000177e0       sf_debug_get_current_instance_number 00000001800187e0 f   sfc_debug:sfcdebug.obj
 0001:000177f0       sf_debug_get_current_is_minor_time_step 00000001800187f0 f   sfc_debug:sfcdebug.obj
 0001:00017870       sf_debug_get_current_object_type 0000000180018870 f   sfc_debug:sfcdebug.obj
 0001:00017880       sf_debug_get_current_instance_handle 0000000180018880 f   sfc_debug:sfcdebug.obj
 0001:000178e0       sf_debug_get_current_event_type 00000001800188e0 f   sfc_debug:sfcdebug.obj
 0001:000178f0       sf_debug_get_current_object_id 00000001800188f0 f   sfc_debug:sfcdebug.obj
 0001:00017930       sf_debug_get_current_active_event_type 0000000180018930 f   sfc_debug:sfcdebug.obj
 0001:00017940       sf_debug_get_current_active_event_id 0000000180018940 f   sfc_debug:sfcdebug.obj
 0001:00017980       sf_debug_get_current_tag_type 0000000180018980 f   sfc_debug:sfcdebug.obj
 0001:00017990       sf_debug_get_current_simulation_time 0000000180018990 f   sfc_debug:sfcdebug.obj
 0001:000179a0       sf_debug_get_current_coverage_percentage 00000001800189a0 f   sfc_debug:sfcdebug.obj
 0001:000179b0       sf_debug_current_statement_context 00000001800189b0 f   sfc_debug:sfcdebug.obj
 0001:00017a40       sf_debug_get_current_statement_info 0000000180018a40 f   sfc_debug:sfcdebug.obj
 0001:00017bc0       sf_debug_terminate_instance 0000000180018bc0 f   sfc_debug:sfcdebug.obj
 0001:00017f00       sf_debug_assertion_failed  0000000180018f00 f   sfc_debug:sfcdebug.obj
 0001:00018160       sf_debug_set_number_of_data_with_change_event_for_machine 0000000180019160 f   sfc_debug:sfcdebug.obj
 0001:000181a0       sf_debug_set_machine_event_thresholds 00000001800191a0 f   sfc_debug:sfcdebug.obj
 0001:000181c0       sf_debug_set_machine_event_scope 00000001800191c0 f   sfc_debug:sfcdebug.obj
 0001:00018200       sf_debug_set_machine_data_thresholds 0000000180019200 f   sfc_debug:sfcdebug.obj
 0001:00018240       sf_debug_set_machine_data_scope 0000000180019240 f   sfc_debug:sfcdebug.obj
 0001:000182d0       sf_debug_set_machine_data_name 00000001800192d0 f   sfc_debug:sfcdebug.obj
 0001:00018370       sf_debug_set_machine_data_size 0000000180019370 f   sfc_debug:sfcdebug.obj
 0001:000184b0       sf_debug_set_machine_data_type 00000001800194b0 f   sfc_debug:sfcdebug.obj
 0001:00018620       sf_debug_get_chart_data_number 0000000180019620 f   sfc_debug:sfcdebug.obj
 0001:00018640       sf_debug_get_chart_event_number 0000000180019640 f   sfc_debug:sfcdebug.obj
 0001:00018660       sf_debug_set_chart_state_info 0000000180019660 f   sfc_debug:sfcdebug.obj
 0001:000186e0       sf_debug_set_chart_decomposition 00000001800196e0 f   sfc_debug:sfcdebug.obj
 0001:00018750       sf_debug_set_chart_substate_count 0000000180019750 f   sfc_debug:sfcdebug.obj
 0001:00018830       sf_debug_set_chart_substate_index 0000000180019830 f   sfc_debug:sfcdebug.obj
 0001:000188a0       sf_debug_set_chart_state_substate_count 00000001800198a0 f   sfc_debug:sfcdebug.obj
 0001:000189b0       sf_debug_set_chart_state_substate_index 00000001800199b0 f   sfc_debug:sfcdebug.obj
 0001:00018a30       sf_debug_set_number_of_data_with_change_event_for_chart 0000000180019a30 f   sfc_debug:sfcdebug.obj
 0001:00018ab0       sf_debug_set_number_of_states_with_entry_event_for_chart 0000000180019ab0 f   sfc_debug:sfcdebug.obj
 0001:00018b20       sf_debug_set_number_of_states_with_exit_event_for_chart 0000000180019b20 f   sfc_debug:sfcdebug.obj
 0001:00018b90       sf_debug_set_chart_disable_implicit_casting 0000000180019b90 f   sfc_debug:sfcdebug.obj
 0001:00018c00       sf_debug_set_chart_event_thresholds 0000000180019c00 f   sfc_debug:sfcdebug.obj
 0001:00018c70       sf_debug_set_chart_data_compiled_props 0000000180019c70 f   sfc_debug:sfcdebug.obj
 0001:00018fc0       sf_debug_set_chart_data_props 0000000180019fc0 f   sfc_debug:sfcdebug.obj
 0001:000192e0       sf_debug_check_fi_license  000000018001a2e0 f   sfc_debug:sfcdebug.obj
 0001:000194d0       sf_debug_symbol_scope_push 000000018001a4d0 f   sfc_debug:sfcdebug.obj
 0001:00019510       sf_debug_symbol_scope_push_eml 000000018001a510 f   sfc_debug:sfcdebug.obj
 0001:00019560       sf_debug_symbol_scope_pop  000000018001a560 f   sfc_debug:sfcdebug.obj
 0001:000195a0       sf_debug_symbol_scope_add_importable 000000018001a5a0 f   sfc_debug:sfcdebug.obj
 0001:00019620       sf_debug_symbol_scope_add  000000018001a620 f   sfc_debug:sfcdebug.obj
 0001:000196a0       sf_debug_symbol_scope_add_dyn_importable 000000018001a6a0 f   sfc_debug:sfcdebug.obj
 0001:00019760       sf_debug_symbol_scope_add_dyn 000000018001a760 f   sfc_debug:sfcdebug.obj
 0001:00019790       sf_debug_symbol_scope_add_eml_importable 000000018001a790 f   sfc_debug:sfcdebug.obj
 0001:000197d0       sf_debug_symbol_scope_add_eml 000000018001a7d0 f   sfc_debug:sfcdebug.obj
 0001:00019810       sf_debug_symbol_scope_add_eml_dyn_importable 000000018001a810 f   sfc_debug:sfcdebug.obj
 0001:00019880       sf_debug_symbol_scope_add_eml_dyn 000000018001a880 f   sfc_debug:sfcdebug.obj
 0001:000198e0       sf_debug_symbol_switch     000000018001a8e0 f   sfc_debug:sfcdebug.obj
 0001:00019900       sf_debug_symbol_scope_add_verbose 000000018001a900 f   sfc_debug:sfcdebug.obj
 0001:000199d0       sf_debug_set_machine_data_value_ptr 000000018001a9d0 f   sfc_debug:sfcdebug.obj
 0001:00019a10       sf_debug_set_instance_data_value_ptr 000000018001aa10 f   sfc_debug:sfcdebug.obj
 0001:00019ad0       sf_debug_unset_instance_data_value_ptr 000000018001aad0 f   sfc_debug:sfcdebug.obj
 0001:00019b80       sf_debug_set_chart_event_scope 000000018001ab80 f   sfc_debug:sfcdebug.obj
 0001:00019c00       sf_debug_set_chart_transition_coverage_maps 000000018001ac00 f   sfc_debug:sfcdebug.obj
 0001:00019d10       sf_debug_set_chart_state_coverage_maps 000000018001ad10 f   sfc_debug:sfcdebug.obj
 0001:00019df0       sf_debug_set_instance_transition_coverage_weights 000000018001adf0 f   sfc_debug:sfcdebug.obj
 0001:00019e90       sf_debug_set_instance_state_coverage_weights 000000018001ae90 f   sfc_debug:sfcdebug.obj
 0001:0001a0e0       sf_debug_unload_machine    000000018001b0e0 f   sfc_debug:sfcdebug.obj
 0001:0001a130       sf_debug_load_machine      000000018001b130 f   sfc_debug:sfcdebug.obj
 0001:0001a230       sf_debug_set_active_instance_in_data_dictionary 000000018001b230 f   sfc_debug:sfcdebug.obj
 0001:0001a410       sf_debug_set_active_instance 000000018001b410 f   sfc_debug:sfcdebug.obj
 0001:0001a570       sf_debug_chart_visiblity_change 000000018001b570 f   sfc_debug:sfcdebug.obj
 0001:0001a670       sf_debug_select_chart      000000018001b670 f   sfc_debug:sfcdebug.obj
 0001:0001a7e0       sf_debug_set_instance_cv_ids 000000018001b7e0 f   sfc_debug:sfcdebug.obj
 0001:0001aaf0       sf_debug_select_charts     000000018001baf0 f   sfc_debug:sfcdebug.obj
 0001:0001ac80       sf_debug_initialized       000000018001bc80 f   sfc_debug:sfcdebug.obj
 0001:0001ac90       sf_debug_is_uninterruptible 000000018001bc90 f   sfc_debug:sfcdebug.obj
 0001:0001acc0       sf_debug_initialize_debugger_gui 000000018001bcc0 f   sfc_debug:sfcdebug.obj
 0001:0001b0b0       sf_debug_resume            000000018001c0b0 f   sfc_debug:sfcdebug.obj
 0001:0001b0d0       sf_debug_go                000000018001c0d0 f   sfc_debug:sfcdebug.obj
 0001:0001b0e0       sf_debug_break             000000018001c0e0 f   sfc_debug:sfcdebug.obj
 0001:0001b0f0       sf_debug_step_over         000000018001c0f0 f   sfc_debug:sfcdebug.obj
 0001:0001b100       sf_debug_step_out          000000018001c100 f   sfc_debug:sfcdebug.obj
 0001:0001b110       sf_debug_set_disable_all_breakpoints 000000018001c110 f   sfc_debug:sfcdebug.obj
 0001:0001b120       sf_debug_disable_all_breakpoints_and_go 000000018001c120 f   sfc_debug:sfcdebug.obj
 0001:0001b130       sf_debug_break_on_chart_entry 000000018001c130 f   sfc_debug:sfcdebug.obj
 0001:0001b140       sf_debug_break_on_event_broadcast 000000018001c140 f   sfc_debug:sfcdebug.obj
 0001:0001b150       sf_debug_break_on_state_entry 000000018001c150 f   sfc_debug:sfcdebug.obj
 0001:0001b160       sf_debug_break_between_times 000000018001c160 f   sfc_debug:sfcdebug.obj
 0001:0001b180       sf_debug_browse_data       000000018001c180 f   sfc_debug:sfcdebug.obj
 0001:0001b1a0       sf_debug_watch_data        000000018001c1a0 f   sfc_debug:sfcdebug.obj
 0001:0001b1c0       sf_debug_assign_data       000000018001c1c0 f   sfc_debug:sfcdebug.obj
 0001:0001b1e0       sf_debug_whos              000000018001c1e0 f   sfc_debug:sfcdebug.obj
 0001:0001b200       sf_debug_get_consistency_info 000000018001c200 f   sfc_debug:sfcdebug.obj
 0001:0001b210       sf_debug_browse_trace      000000018001c210 f   sfc_debug:sfcdebug.obj
 0001:0001b220       sf_debug_set_breakpoints   000000018001c220 f   sfc_debug:sfcdebug.obj
 0001:0001b380       sf_debug_set_eml_breakpoints 000000018001c380 f   sfc_debug:sfcdebug.obj
 0001:0001b4e0       sf_debug_set_script_breakpoints 000000018001c4e0 f   sfc_debug:sfcdebug.obj
 0001:0001b560       sf_debug_add_script_breakpoints 000000018001c560 f   sfc_debug:sfcdebug.obj
 0001:0001b5d0       sf_debug_clear_script_breakpoints 000000018001c5d0 f   sfc_debug:sfcdebug.obj
 0001:0001b640       sf_debug_query_script_breakpoints 000000018001c640 f   sfc_debug:sfcdebug.obj
 0001:0001b700       sf_debug_get_eml_script_id 000000018001c700 f   sfc_debug:sfcdebug.obj
 0001:0001b750       sf_debug_set_watch         000000018001c750 f   sfc_debug:sfcdebug.obj
 0001:0001b980       sf_debug_get_instance_handle 000000018001c980 f   sfc_debug:sfcdebug.obj
 0001:0001ba10       sf_debug_get_active_states 000000018001ca10 f   sfc_debug:sfcdebug.obj
 0001:0001ba20       sf_debug_get_animation     000000018001ca20 f   sfc_debug:sfcdebug.obj
 0001:0001ba30       sf_debug_set_animation     000000018001ca30 f   sfc_debug:sfcdebug.obj
 0001:0001ba40       sf_debug_animate           000000018001ca40 f   sfc_debug:sfcdebug.obj
 0001:0001ba70       sf_debug_cycle_detection_check 000000018001ca70 f   sfc_debug:sfcdebug.obj
 0001:0001ba80       sf_debug_data_range_check  000000018001ca80 f   sfc_debug:sfcdebug.obj
 0001:0001ba90       sf_debug_transition_conflict_check 000000018001ca90 f   sfc_debug:sfcdebug.obj
 0001:0001baa0       sf_debug_state_consistency_check 000000018001caa0 f   sfc_debug:sfcdebug.obj
 0001:0001bab0       sf_debug_data_range_check_enabled 000000018001cab0 f   sfc_debug:sfcdebug.obj
 0001:0001bad0       sf_debug_transition_conflict_check_enabled 000000018001cad0 f   sfc_debug:sfcdebug.obj
 0001:0001baf0       sf_debug_transition_conflict_check_begin 000000018001caf0 f   sfc_debug:sfcdebug.obj
 0001:0001bb10       sf_debug_transition_conflict_check_end 000000018001cb10 f   sfc_debug:sfcdebug.obj
 0001:0001bb30       sf_debug_stop_debugging    000000018001cb30 f   sfc_debug:sfcdebug.obj
 0001:0001bb60       sf_debug_is_cycle_detected 000000018001cb60 f   sfc_debug:sfcdebug.obj
 0001:0001bb70       sf_debug_is_array_bounds_detected 000000018001cb70 f   sfc_debug:sfcdebug.obj
 0001:0001bb80       sf_debug_get_state_vectors_data_size 000000018001cb80 f   sfc_debug:sfcdebug.obj
 0001:0001bbc0       sf_debug_get_state_vectors_data 000000018001cbc0 f   sfc_debug:sfcdebug.obj
 0001:0001bcc0       sf_debug_set_state_vectors_data 000000018001ccc0 f   sfc_debug:sfcdebug.obj
 0001:0001bf80       sf_debug_get_script_index  000000018001cf80 f   sfc_debug:sfcdebug.obj
 0001:0001c110       sf_debug_add_script        000000018001d110 f   sfc_debug:sfcdebug.obj
 0001:0001c2a0       cv_eval_point              000000018001d2a0 f   sfc_debug:sfcdebug.obj
 0001:0001c410       cv_eval_testobjective      000000018001d410 f   sfc_debug:sfcdebug.obj
 0001:0001c530       sf_debug_cv_init_state     000000018001d530 f   sfc_debug:sfcdebug.obj
 0001:0001c650       sf_debug_cv_init_chart     000000018001d650 f   sfc_debug:sfcdebug.obj
 0001:0001c730       sf_debug_cv_init_trans     000000018001d730 f   sfc_debug:sfcdebug.obj
 0001:0001c830       sf_debug_cv_init_testobjectives 000000018001d830 f   sfc_debug:sfcdebug.obj
 0001:0001ca10       cv_eml_init_script         000000018001da10 f   sfc_debug:sfcdebug.obj
 0001:0001cb20       cv_eml_init_fcn            000000018001db20 f   sfc_debug:sfcdebug.obj
 0001:0001cbd0       cv_eml_init_testobjective  000000018001dbd0 f   sfc_debug:sfcdebug.obj
 0001:0001cca0       cv_eml_init_saturation     000000018001dca0 f   sfc_debug:sfcdebug.obj
 0001:0001cd60       cv_eml_init_if             000000018001dd60 f   sfc_debug:sfcdebug.obj
 0001:0001ce30       cv_eml_init_for            000000018001de30 f   sfc_debug:sfcdebug.obj
 0001:0001cef0       cv_eml_init_while          000000018001def0 f   sfc_debug:sfcdebug.obj
 0001:0001cfb0       cv_eml_init_mcdc           000000018001dfb0 f   sfc_debug:sfcdebug.obj
 0001:0001d0c0       cv_eml_init_switch         000000018001e0c0 f   sfc_debug:sfcdebug.obj
 0001:0001d1b0       cv_eml_eval                000000018001e1b0 f   sfc_debug:sfcdebug.obj
 0001:0001d290       sf_debug_bm_is_a_eml_breakpoint 000000018001e290 f   sfc_debug:sfcdebug.obj
 0001:0001d3e0       sf_debug_temporal_threshold 000000018001e3e0 f   sfc_debug:sfcdebug.obj
 0001:0001d740       sf_debug_transition_conflict_error 000000018001e740 f   sfc_debug:sfcdebug.obj
 0001:0001dac0       sf_debug_state_inconsistency_error 000000018001eac0 f   sfc_debug:sfcdebug.obj
 0001:0001dbe0       sf_debug_check_for_state_inconsistency 000000018001ebe0 f   sfc_debug:sfcdebug.obj
 0001:0001dc10       sf_debug_cycle_detecton_error 000000018001ec10 f   sfc_debug:sfcdebug.obj
 0001:0001e3e0       sf_debug_size_eq_check_1d  000000018001f3e0 f   sfc_debug:sfcdebug.obj
 0001:0001e400       sf_debug_size_eq_check_nd  000000018001f400 f   sfc_debug:sfcdebug.obj
 0001:0001e5e0       sf_debug_dim_size_eq_check 000000018001f5e0 f   sfc_debug:sfcdebug.obj
 0001:0001e610       sf_debug_dim_size_geq_check 000000018001f610 f   sfc_debug:sfcdebug.obj
 0001:0001e640       sf_debug_sub_assign_size_check_nd 000000018001f640 f   sfc_debug:sfcdebug.obj
 0001:0001e880       sf_debug_matrix_matrix_index_check 000000018001f880 f   sfc_debug:sfcdebug.obj
 0001:0001e8b0       sf_debug_vector_vector_index_check 000000018001f8b0 f   sfc_debug:sfcdebug.obj
 0001:0001e8e0       sf_debug_for_loop_vector_check 000000018001f8e0 f   sfc_debug:sfcdebug.obj
 0001:0001e970       sf_debug_runtime_error_msgid 000000018001f970 f   sfc_debug:sfcdebug.obj
 0001:0001ea00       sf_debug_data_array_bounds_error_check 000000018001fa00 f   sfc_debug:sfcdebug.obj
 0001:0001eb10       sf_debug_eml_data_array_bounds_error_check 000000018001fb10 f   sfc_debug:sfcdebug.obj
 0001:0001eff0       sf_debug_integer_check     000000018001fff0 f   sfc_debug:sfcdebug.obj
 0001:0001f0d0       sf_debug_not_nan_check     00000001800200d0 f   sfc_debug:sfcdebug.obj
 0001:0001f190       sf_debug_non_negative_check 0000000180020190 f   sfc_debug:sfcdebug.obj
 0001:0001f250       sf_debug_overflow_detection 0000000180020250 f   sfc_debug:sfcdebug.obj
 0001:0001f940       sf_debug_cast_to_real32_T  0000000180020940 f   sfc_debug:sfcdebug.obj
 0001:0001fa00       sf_debug_cast_to_int8_T    0000000180020a00 f   sfc_debug:sfcdebug.obj
 0001:0001fac0       sf_debug_cast_to_uint8_T   0000000180020ac0 f   sfc_debug:sfcdebug.obj
 0001:0001fb80       sf_debug_cast_to_int16_T   0000000180020b80 f   sfc_debug:sfcdebug.obj
 0001:0001fc40       sf_debug_cast_to_uint16_T  0000000180020c40 f   sfc_debug:sfcdebug.obj
 0001:0001fd00       sf_debug_cast_to_int32_T   0000000180020d00 f   sfc_debug:sfcdebug.obj
 0001:0001fdc0       sf_debug_cast_to_uint32_T  0000000180020dc0 f   sfc_debug:sfcdebug.obj
 0001:0001fe80       sf_debug_data_range_error  0000000180020e80 f   sfc_debug:sfcdebug.obj
 0001:000201d0       sf_debug_read_before_write_check 00000001800211d0 f   sfc_debug:sfcdebug.obj
 0001:00020630       sf_debug_data_range_error_wrapper_min_max 0000000180021630 f   sfc_debug:sfcdebug.obj
 0001:00020720       sf_debug_data_range_error_wrapper_min 0000000180021720 f   sfc_debug:sfcdebug.obj
 0001:00020800       sf_debug_data_range_error_wrapper_max 0000000180021800 f   sfc_debug:sfcdebug.obj
 0001:000208e0       sf_debug_data_range_wrapper 00000001800218e0 f   sfc_debug:sfcdebug.obj
 0001:00020990       sf_debug_set_current_status_info 0000000180021990 f   sfc_debug:sfcdebug.obj
 0001:00020d40       sf_debug_register_message_post_receive_info 0000000180021d40 f   sfc_debug:sfcdebug.obj
 0001:00020fb0       sf_debug_call              0000000180021fb0 f   sfc_debug:sfcdebug.obj
 0001:00021c10       sf_debug_initialize_machine 0000000180022c10 f   sfc_debug:sfcdebug.obj
 0001:00021f20       sf_debug_initialize_chart  0000000180022f20 f   sfc_debug:sfcdebug.obj
 0001:00022370       sf_debug_ensure_script     0000000180023370 f   sfc_debug:sfcdebug.obj
 0001:00022430       cv_script_init_script      0000000180023430 f   sfc_debug:sfcdebug.obj
 0001:00022520       cv_script_init_fcn         0000000180023520 f   sfc_debug:sfcdebug.obj
 0001:000225d0       cv_script_init_testobjective 00000001800235d0 f   sfc_debug:sfcdebug.obj
 0001:00022680       cv_script_init_if          0000000180023680 f   sfc_debug:sfcdebug.obj
 0001:00022730       cv_script_init_for         0000000180023730 f   sfc_debug:sfcdebug.obj
 0001:000227e0       cv_script_init_while       00000001800237e0 f   sfc_debug:sfcdebug.obj
 0001:00022890       cv_script_init_mcdc        0000000180023890 f   sfc_debug:sfcdebug.obj
 0001:00022990       cv_script_init_switch      0000000180023990 f   sfc_debug:sfcdebug.obj
 0001:00022a70       cv_script_eval             0000000180023a70 f   sfc_debug:sfcdebug.obj
 0001:00022b50       eml_debug_line_call        0000000180023b50 f   sfc_debug:sfcdebug.obj
 0001:00022d00       sf_debug_terminate         0000000180023d00 f   sfc_debug:sfcdebug.obj
 0001:00022e70       sf_debug_set_script_cv_ids 0000000180023e70 f   sfc_debug:sfcdebug.obj
 0001:00022fa0       sf_debug_api               0000000180023fa0 f   sfc_debug:sfc_api.obj
 0001:00024650       sf_debug_sm_terminate      0000000180025650 f   sfc_debug:sfdb_animation.obj
 0001:00024810       sf_debug_reset_path_objects 0000000180025810 f   sfc_debug:sfdb_animation.obj
 0001:00024890       sf_debug_sm_reset_object_selection_status 0000000180025890 f   sfc_debug:sfdb_animation.obj
 0001:00024930       sf_debug_sm_reset_state_buffer 0000000180025930 f   sfc_debug:sfdb_animation.obj
 0001:00024a00       sf_debug_sm_store_state_buffer 0000000180025a00 f   sfc_debug:sfdb_animation.obj
 0001:00024a80       sf_debug_sm_restore_state_buffer1 0000000180025a80 f   sfc_debug:sfdb_animation.obj
 0001:00024af0       sf_debug_sm_restore_state_buffer2 0000000180025af0 f   sfc_debug:sfdb_animation.obj
 0001:00024b60       sf_debug_sm_chart_active   0000000180025b60 f   sfc_debug:sfdb_animation.obj
 0001:00024bb0       sf_debug_sm_select_active_objects 0000000180025bb0 f   sfc_debug:sfdb_animation.obj
 0001:000250a0       sf_debug_sm_is_chart_active 00000001800260a0 f   sfc_debug:sfdb_animation.obj
 0001:000250e0       sf_debug_sm_is_state_active 00000001800260e0 f   sfc_debug:sfdb_animation.obj
 0001:00025320       sf_debug_sm_get_active_states 0000000180026320 f   sfc_debug:sfdb_animation.obj
 0001:000258e0       sf_debug_sm_initialize_instance 00000001800268e0 f   sfc_debug:sfdb_animation.obj
 0001:00025b00       sf_debug_sm_change_object_selection_status 0000000180026b00 f   sfc_debug:sfdb_animation.obj
 0001:00025e10       cv_create_interface        0000000180026e10 f   sfc_debug:cv_sfinterface.obj
 0001:00026170       cv_init_trans              0000000180027170 f   sfc_debug:cv_sfinterface.obj
 0001:000261c0       cv_init_testobjective      00000001800271c0 f   sfc_debug:cv_sfinterface.obj
 0001:00026200       cv_init_state              0000000180027200 f   sfc_debug:cv_sfinterface.obj
 0001:00026270       cv_init_chart              0000000180027270 f   sfc_debug:cv_sfinterface.obj
 0001:000262c0       cv_dec_update_call         00000001800272c0 f   sfc_debug:cv_sfinterface.obj
 0001:00026300       cv_cond_update_call        0000000180027300 f   sfc_debug:cv_sfinterface.obj
 0001:00026340       cv_testobjective_update_call 0000000180027340 f   sfc_debug:cv_sfinterface.obj
 0001:00026380       cv_sigrange_update         0000000180027380 f   sfc_debug:cv_sfinterface.obj
 0001:000263c0       cvsf_eml_eval              00000001800273c0 f   sfc_debug:cv_sfinterface.obj
 0001:000264b0       cvsf_eml_init_script       00000001800274b0 f   sfc_debug:cv_sfinterface.obj
 0001:00026540       cvsf_eml_init_fcn          0000000180027540 f   sfc_debug:cv_sfinterface.obj
 0001:000265a0       cvsf_eml_init_testobjective 00000001800275a0 f   sfc_debug:cv_sfinterface.obj
 0001:00026600       cvsf_eml_init_saturation   0000000180027600 f   sfc_debug:cv_sfinterface.obj
 0001:00026650       cvsf_eml_init_if           0000000180027650 f   sfc_debug:cv_sfinterface.obj
 0001:000266b0       cvsf_eml_init_for          00000001800276b0 f   sfc_debug:cv_sfinterface.obj
 0001:00026700       cvsf_eml_init_while        0000000180027700 f   sfc_debug:cv_sfinterface.obj
 0001:00026750       cvsf_eml_init_mcdc         0000000180027750 f   sfc_debug:cv_sfinterface.obj
 0001:000267e0       cvsf_eml_init_switch       00000001800277e0 f   sfc_debug:cv_sfinterface.obj
 0001:00026850       cvsf_script_eval           0000000180027850 f   sfc_debug:cv_sfinterface.obj
 0001:00026940       cvsf_script_init_script    0000000180027940 f   sfc_debug:cv_sfinterface.obj
 0001:000269d0       cvsf_script_init_fcn       00000001800279d0 f   sfc_debug:cv_sfinterface.obj
 0001:00026a30       cvsf_script_init_testobjective 0000000180027a30 f   sfc_debug:cv_sfinterface.obj
 0001:00026a90       cvsf_script_init_saturation 0000000180027a90 f   sfc_debug:cv_sfinterface.obj
 0001:00026ae0       cvsf_script_init_if        0000000180027ae0 f   sfc_debug:cv_sfinterface.obj
 0001:00026b40       cvsf_script_init_for       0000000180027b40 f   sfc_debug:cv_sfinterface.obj
 0001:00026b90       cvsf_script_init_while     0000000180027b90 f   sfc_debug:cv_sfinterface.obj
 0001:00026be0       cvsf_script_init_mcdc      0000000180027be0 f   sfc_debug:cv_sfinterface.obj
 0001:00026c70       cvsf_script_init_switch    0000000180027c70 f   sfc_debug:cv_sfinterface.obj
 0001:00026ce0       cv_destroy_interface       0000000180027ce0 f   sfc_debug:cv_sfinterface.obj
 0001:00026d00       cv_create_instance_objects 0000000180027d00 f   sfc_debug:cv_sfinterface.obj
 0001:000271b0       cv_is_enabled              00000001800281b0 f   sfc_debug:cv_sfinterface.obj
 0001:000271c0       sf_debug_cv_initialize_script 00000001800281c0 f   sfc_debug:cv_sfinterface.obj
 0001:00027370       sf_debug_cv_initialize_instance 0000000180028370 f   sfc_debug:cv_sfinterface.obj
 0001:00027710       sf_debug_cv_terminate_chart 0000000180028710 f   sfc_debug:cv_sfinterface.obj
 0001:00027850       cv_call_trans_test         0000000180028850 f   sfc_debug:cv_sfinterface.obj
 0001:00027860       cv_call_sub_cond_test      0000000180028860 f   sfc_debug:cv_sfinterface.obj
 0001:000278a0       sf_debug_st_initialize_machine 00000001800288a0 f   sfc_debug:sfdb_data_browse.obj
 0001:00027960       sf_debug_st_initialize_instance 0000000180028960 f   sfc_debug:sfdb_data_browse.obj
 0001:00027b90       sf_debug_st_terminate      0000000180028b90 f   sfc_debug:sfdb_data_browse.obj
 0001:00027f30       sf_debug_st_set_data_value_ptr_in_machine 0000000180028f30 f   sfc_debug:sfdb_data_browse.obj
 0001:00027fc0       sf_debug_st_set_data_value_ptr_in_instance 0000000180028fc0 f   sfc_debug:sfdb_data_browse.obj
 0001:000280a0       sf_debug_st_unset_data_value_ptr_in_machine 00000001800290a0 f   sfc_debug:sfdb_data_browse.obj
 0001:00028110       sf_debug_st_unset_data_value_ptr_in_instance 0000000180029110 f   sfc_debug:sfdb_data_browse.obj
 0001:00028420       sf_debug_mx_value          0000000180029420 f   sfc_debug:sfdb_data_browse.obj
 0001:00028480       sf_debug_mx_packed_vector  0000000180029480 f   sfc_debug:sfdb_data_browse.obj
 0001:00028560       sf_debug_mx_uint_vector    0000000180029560 f   sfc_debug:sfdb_data_browse.obj
 0001:00028620       sf_debug_st_get_double_value_from_void_ptr_vector 0000000180029620 f   sfc_debug:sfdb_data_browse.obj
 0001:00029110       sf_debug_st_browse_data    000000018002a110 f   sfc_debug:sfdb_data_browse.obj
 0001:000299a0       sf_debug_hm_initialize_instance 000000018002a9a0 f   sfc_debug:sfdb_handle_management.obj
 0001:00029ed0       sf_debug_hm_get_object_id  000000018002aed0 f   sfc_debug:sfdb_handle_management.obj
 0001:0002aa80       sf_debug_hm_update_chart_visibility 000000018002ba80 f   sfc_debug:sfdb_handle_management.obj
 0001:0002bd60       sf_debug_object_is_eml_function 000000018002cd60 f   sfc_debug:sfdb_handle_management.obj
 0001:0002bdd0       sf_debug_hm_initialize_ids_in_machine 000000018002cdd0 f   sfc_debug:sfdb_handle_management.obj
 0001:0002bf40       sf_debug_hm_initialize_ids_in_chart 000000018002cf40 f   sfc_debug:sfdb_handle_management.obj
 0001:0002c040       sf_debug_hm_initialize_chart 000000018002d040 f   sfc_debug:sfdb_handle_management.obj
 0001:0002c7e0       sf_debug_hm_terminate      000000018002d7e0 f   sfc_debug:sfdb_handle_management.obj
 0001:0002c840       sf_debug_hm_initialize_machine 000000018002d840 f   sfc_debug:sfdb_handle_management.obj
 0001:0002cff0       sf_debug_ss_initialize     000000018002dff0 f   sfc_debug:sfdb_symbol_scope.obj
 0001:0002d010       sf_debug_ss_terminate      000000018002e010 f   sfc_debug:sfdb_symbol_scope.obj
 0001:0002d0a0       sf_debug_ss_push_symbol_scope 000000018002e0a0 f   sfc_debug:sfdb_symbol_scope.obj
 0001:0002d1a0       sf_debug_ss_push_symbol_scope_eml 000000018002e1a0 f   sfc_debug:sfdb_symbol_scope.obj
 0001:0002d200       sf_debug_ss_pop_symbol_scope 000000018002e200 f   sfc_debug:sfdb_symbol_scope.obj
 0001:0002d2b0       sf_debug_ss_add_symbol     000000018002e2b0 f   sfc_debug:sfdb_symbol_scope.obj
 0001:0002d410       sf_debug_ss_add_symbol_eml 000000018002e410 f   sfc_debug:sfdb_symbol_scope.obj
 0001:0002e130       sf_debug_ss_set_data_value 000000018002f130 f   sfc_debug:sfdb_symbol_scope.obj
 0001:0002e600       getInstanceNumber          000000018002f600 f   sfc_debug:sfdb_symbol_scope.obj
 0001:0002e6d0       sf_debug_ss_watch_data     000000018002f6d0 f   sfc_debug:sfdb_symbol_scope.obj
 0001:0002e870       sf_debug_ss_assign_data    000000018002f870 f   sfc_debug:sfdb_symbol_scope.obj
 0001:0002f290       get_data_entry_name        0000000180030290 f   sfc_debug:sfdb_symbol_scope.obj
 0001:0002f2e0       sf_debug_ss_whos           00000001800302e0 f   sfc_debug:sfdb_symbol_scope.obj
 0001:0002fa00       sf_debug_cc_initialize_chart 0000000180030a00 f   sfc_debug:sfdb_coverage.obj
 0001:000303f0       sf_debug_cc_initialize_instance 00000001800313f0 f   sfc_debug:sfdb_coverage.obj
 0001:00031200       sf_debug_cc_terminate      0000000180032200 f   sfc_debug:sfdb_coverage.obj
 0001:000312f0       sf_debug_cc_set_transition_maps 00000001800322f0 f   sfc_debug:sfdb_coverage.obj
 0001:00031420       sf_debug_cc_set_state_maps 0000000180032420 f   sfc_debug:sfdb_coverage.obj
 0001:00031500       sf_debug_cc_set_transition_weights 0000000180032500 f   sfc_debug:sfdb_coverage.obj
 0001:000317d0       sf_debug_cc_set_state_weights 00000001800327d0 f   sfc_debug:sfdb_coverage.obj
 0001:00031aa0       sf_debug_cc_mark_transition_guard 0000000180032aa0 f   sfc_debug:sfdb_coverage.obj
 0001:00031b30       sf_debug_cc_mark_transition_trigger 0000000180032b30 f   sfc_debug:sfdb_coverage.obj
 0001:00031bc0       sf_debug_cc_mark_transition_decision 0000000180032bc0 f   sfc_debug:sfdb_coverage.obj
 0001:00031c30       sf_debug_cc_mark_transition_condition_action 0000000180032c30 f   sfc_debug:sfdb_coverage.obj
 0001:00031c80       sf_debug_cc_mark_transition_transition_action 0000000180032c80 f   sfc_debug:sfdb_coverage.obj
 0001:00031cd0       sf_debug_cc_mark_state_entry 0000000180032cd0 f   sfc_debug:sfdb_coverage.obj
 0001:00031d20       sf_debug_cc_mark_state_during 0000000180032d20 f   sfc_debug:sfdb_coverage.obj
 0001:00031d70       sf_debug_cc_mark_state_exit 0000000180032d70 f   sfc_debug:sfdb_coverage.obj
 0001:00031dc0       sf_debug_bm_clear_script_breakpoints 0000000180032dc0 f   sfc_debug:sfdb_breakpoints.obj
 0001:00031df0       sf_debug_bm_set_script_breakpoint 0000000180032df0 f   sfc_debug:sfdb_breakpoints.obj
 0001:00031e70       sf_debug_bm_clear_single_script_breakpoint 0000000180032e70 f   sfc_debug:sfdb_breakpoints.obj
 0001:00031ef0       sf_debug_bm_query_script_breakpoint 0000000180032ef0 f   sfc_debug:sfdb_breakpoints.obj
 0001:00031f40       sf_debug_bm_initialize_scripts 0000000180032f40 f   sfc_debug:sfdb_breakpoints.obj
 0001:00032660       sf_debug_bm_terminate      0000000180033660 f   sfc_debug:sfdb_breakpoints.obj
 0001:00032950       sf_debug_bm_remove_all_breakpoints_in_machine 0000000180033950 f   sfc_debug:sfdb_breakpoints.obj
 0001:000329c0       sf_debug_bm_remove_all_breakpoints_in_chart 00000001800339c0 f   sfc_debug:sfdb_breakpoints.obj
 0001:00032b10       sf_debug_bm_initialize_global_breakpoints 0000000180033b10 f   sfc_debug:sfdb_breakpoints.obj
 0001:00032c90       sf_debug_bm_set_breakpoint 0000000180033c90 f   sfc_debug:sfdb_breakpoints.obj
 0001:00033290       sf_debug_bm_set_eml_breakpoint 0000000180034290 f   sfc_debug:sfdb_breakpoints.obj
 0001:00033330       sf_debug_bm_initialize_machine_breakpoint_map 0000000180034330 f   sfc_debug:sfdb_breakpoints.obj
 0001:00033750       sf_debug_bm_is_a_breakpoint 0000000180034750 f   sfc_debug:sfdb_breakpoints.obj
 0001:00033d30       sf_debug_bm_get_all_breakpoints_in_machine 0000000180034d30 f   sfc_debug:sfdb_breakpoints.obj
 0001:00034030       sf_debug_bm_get_all_breakpoints_in_chart 0000000180035030 f   sfc_debug:sfdb_breakpoints.obj
 0001:00034cf0       sf_debug_bm_initialize_machine 0000000180035cf0 f   sfc_debug:sfdb_breakpoints.obj
 0001:00034dc0       sf_debug_bm_initialize_chart 0000000180035dc0 f   sfc_debug:sfdb_breakpoints.obj
 0001:000351e0       sf_debug_sc_terminate      00000001800361e0 f   sfc_debug:sfdb_state_consistency.obj
 0001:00035510       sf_debug_sc_is_chart_consistent 0000000180036510 f   sfc_debug:sfdb_state_consistency.obj
 0001:000357c0       sf_debug_sc_get_consistency_error_info 00000001800367c0 f   sfc_debug:sfdb_state_consistency.obj
 0001:00035c10       sf_debug_tm_terminate      0000000180036c10 f   sfc_debug:sfdb_call_stack.obj
 0001:00035cd0       sf_debug_tm_push_chart_instance 0000000180036cd0 f   sfc_debug:sfdb_call_stack.obj
 0001:00035e20       sf_debug_tm_pop_chart_instance 0000000180036e20 f   sfc_debug:sfdb_call_stack.obj
 0001:00035e80       sf_debug_tm_push_trace_node 0000000180036e80 f   sfc_debug:sfdb_call_stack.obj
 0001:00036010       sf_debug_tm_pop_trace_node 0000000180037010 f   sfc_debug:sfdb_call_stack.obj
 0001:00036090       sf_debug_tm_get_current_global_trace_index 0000000180037090 f   sfc_debug:sfdb_call_stack.obj
 0001:000360a0       sf_debug_tm_get_current_local_trace_index 00000001800370a0 f   sfc_debug:sfdb_call_stack.obj
 0001:000360d0       sf_debug_tm_set_cycle_detected_flag 00000001800370d0 f   sfc_debug:sfdb_call_stack.obj
 0001:00036110       sf_debug_tm_set_cycle_started_flag 0000000180037110 f   sfc_debug:sfdb_call_stack.obj
 0001:00036150       sf_debug_tm_get_chart_number_from_stack 0000000180037150 f   sfc_debug:sfdb_call_stack.obj
 0001:00036350       sf_debug_tm_browse_trace   0000000180037350 f   sfc_debug:sfdb_call_stack.obj
 0001:00036690       sf_debug_cd_initialize_instance 0000000180037690 f   sfc_debug:sfdb_cycle_detection.obj
 0001:00036940       sf_debug_cd_mark_processed_transition_in_instance 0000000180037940 f   sfc_debug:sfdb_cycle_detection.obj
 0001:000369e0       sf_debug_cd_checksum_push  00000001800379e0 f   sfc_debug:sfdb_cycle_detection.obj
 0001:00036ca0       sf_debug_cd_checksum_pop   0000000180037ca0 f   sfc_debug:sfdb_cycle_detection.obj
 0001:00036d10       sf_debug_cd_turn_off_cycle_detection 0000000180037d10 f   sfc_debug:sfdb_cycle_detection.obj
 0001:00036d60       sf_debug_cd_terminate      0000000180037d60 f   sfc_debug:sfdb_cycle_detection.obj
 0001:00036fa0       md5_initialize_state       0000000180037fa0 f   sfc_debug:ckmd5.obj
 0001:00037a10       md5_update_state           0000000180038a10 f   sfc_debug:ckmd5.obj
 0001:00037a30       md5_get_hash               0000000180038a30 f   sfc_debug:ckmd5.obj
 0001:00037a60       md5_get_hash_for_a_single_string 0000000180038a60 f   sfc_debug:ckmd5.obj
 0001:00037ac4       mxGetPr                    0000000180038ac4 f   libmx:libmx.dll
 0001:00037aca       mxCreateDoubleScalar       0000000180038aca f   libmx:libmx.dll
 0001:00037ad0       mxCreateDoubleMatrix_730   0000000180038ad0 f   libmx:libmx.dll
 0001:00037ad6       mxSetField_730             0000000180038ad6 f   libmx:libmx.dll
 0001:00037adc       mxCreateString             0000000180038adc f   libmx:libmx.dll
 0001:00037ae2       mxCreateStructMatrix_730   0000000180038ae2 f   libmx:libmx.dll
 0001:00037ae8       mxDestroyArray             0000000180038ae8 f   libmx:libmx.dll
 0001:00037aee       mxDuplicateArray           0000000180038aee f   libmx:libmx.dll
 0001:00037af4       mxGetString_730            0000000180038af4 f   libmx:libmx.dll
 0001:00037afa       mxIsChar                   0000000180038afa f   libmx:libmx.dll
 0001:00037b00       mxGetClassID               0000000180038b00 f   libmx:libmx.dll
 0001:00037b06       mxIsNumeric                0000000180038b06 f   libmx:libmx.dll
 0001:00037b0c       mxIsComplex                0000000180038b0c f   libmx:libmx.dll
 0001:00037b12       mxGetN                     0000000180038b12 f   libmx:libmx.dll
 0001:00037b18       mxGetM                     0000000180038b18 f   libmx:libmx.dll
 0001:00037b1e       mxCalloc                   0000000180038b1e f   libmx:libmx.dll
 0001:00037b24       mxGetScalar                0000000180038b24 f   libmx:libmx.dll
 0001:00037b2a       mxIsLogical                0000000180038b2a f   libmx:libmx.dll
 0001:00037b30       mxCreateDoubleMatrix_700   0000000180038b30 f   libmx:libmx.dll
 0001:00037b36       mxFree                     0000000180038b36 f   libmx:libmx.dll
 0001:00037b3c       mxArrayToString            0000000180038b3c f   libmx:libmx.dll
 0001:00037b42       mxCreateCellMatrix_700     0000000180038b42 f   libmx:libmx.dll
 0001:00037b48       mxSetCell_700              0000000180038b48 f   libmx:libmx.dll
 0001:00037b4e       mxGetCell_700              0000000180038b4e f   libmx:libmx.dll
 0001:00037b54       mxGetClassName             0000000180038b54 f   libmx:libmx.dll
 0001:00037b5a       mxSetField_700             0000000180038b5a f   libmx:libmx.dll
 0001:00037b60       mxAddField                 0000000180038b60 f   libmx:libmx.dll
 0001:00037b66       mxGetField_700             0000000180038b66 f   libmx:libmx.dll
 0001:00037b6c       mxGetNumberOfElements      0000000180038b6c f   libmx:libmx.dll
 0001:00037b72       mxIsStruct                 0000000180038b72 f   libmx:libmx.dll
 0001:00037b78       mxIsA                      0000000180038b78 f   libmx:libmx.dll
 0001:00037b7e       mxIsClass                  0000000180038b7e f   libmx:libmx.dll
 0001:00037b84       mxGetLogicals              0000000180038b84 f   libmx:libmx.dll
 0001:00037b8a       mxIsSparse                 0000000180038b8a f   libmx:libmx.dll
 0001:00037b90       mxSetFieldByNumber_700     0000000180038b90 f   libmx:libmx.dll
 0001:00037b96       mxGetFieldByNumber_700     0000000180038b96 f   libmx:libmx.dll
 0001:00037b9c       mxGetFieldNameByNumber     0000000180038b9c f   libmx:libmx.dll
 0001:00037ba2       mxGetNumberOfFields        0000000180038ba2 f   libmx:libmx.dll
 0001:00037ba8       mxCreateStructMatrix_700   0000000180038ba8 f   libmx:libmx.dll
 0001:00037bae       mxGetFieldNumber           0000000180038bae f   libmx:libmx.dll
 0001:00037bb4       mxIsNaN                    0000000180038bb4 f   libmx:libmx.dll
 0001:00037bba       mxIsEmpty                  0000000180038bba f   libmx:libmx.dll
 0001:00037bc0       mxGetData                  0000000180038bc0 f   libmx:libmx.dll
 0001:00037bc6       mxGetImagData              0000000180038bc6 f   libmx:libmx.dll
 0001:00037bcc       mxArrayClassIDName         0000000180038bcc f   libmx:libmx.dll
 0001:00037bd2       mxCreateNumericMatrix_700  0000000180038bd2 f   libmx:libmx.dll
 0001:00037bd8       mxCreateStructArray_700    0000000180038bd8 f   libmx:libmx.dll
 0001:00037bde       mxCalcSingleSubscript_700  0000000180038bde f   libmx:libmx.dll
 0001:00037be4       mxGetDimensions_700        0000000180038be4 f   libmx:libmx.dll
 0001:00037bea       mxGetNumberOfDimensions_700 0000000180038bea f   libmx:libmx.dll
 0001:00037bf0       mxCreateNumericArray_700   0000000180038bf0 f   libmx:libmx.dll
 0001:00037bf6       mxGetElementSize           0000000180038bf6 f   libmx:libmx.dll
 0001:00037bfc       mxCreateStringFromNChars_700 0000000180038bfc f   libmx:libmx.dll
 0001:00037c02       mxGetString_700            0000000180038c02 f   libmx:libmx.dll
 0001:00037c08       mxIsLogicalScalarTrue      0000000180038c08 f   libmx:libmx.dll
 0001:00037c0e       mxCreateLogicalScalar      0000000180038c0e f   libmx:libmx.dll
 0001:00037c14       mexUnlock                  0000000180038c14 f   libmex:libmex.dll
 0001:00037c1a       mexIsLocked                0000000180038c1a f   libmex:libmex.dll
 0001:00037c20       mexWarnMsgTxt              0000000180038c20 f   libmex:libmex.dll
 0001:00037c26       mexCallMATLAB              0000000180038c26 f   libmex:libmex.dll
 0001:00037c2c       mexErrMsgTxt               0000000180038c2c f   libmex:libmex.dll
 0001:00037c32       mexMakeArrayPersistent     0000000180038c32 f   libmex:libmex.dll
 0001:00037c38       mexSetTrapFlag             0000000180038c38 f   libmex:libmex.dll
 0001:00037c3e       mexPutVariable             0000000180038c3e f   libmex:libmex.dll
 0001:00037c44       mexGetVariable             0000000180038c44 f   libmex:libmex.dll
 0001:00037c4a       mexLock                    0000000180038c4a f   libmex:libmex.dll
 0001:00037c50       mexMakeMemoryPersistent    0000000180038c50 f   libmex:libmex.dll
 0001:00037c56       mexFunctionName            0000000180038c56 f   libmex:libmex.dll
 0001:00037c5c       ssRegisterDataTypeFxpFSlopeFixExpBias 0000000180038c5c f   libfixedpoint:libfixedpoint.dll
 0001:00037c62       utVSNprintf                0000000180038c62 f   libut:libut.dll
 0001:00037c68       utCPUtime                  0000000180038c68 f   libut:libut.dll
 0001:00037c6e       utFree                     0000000180038c6e f   libut:libut.dll
 0001:00037c74       utMalloc                   0000000180038c74 f   libut:libut.dll
 0001:00037c7a       muDoubleScalarRound        0000000180038c7a f   libmwmathutil:libmwmathutil.dll
 0001:00037c80       muDoubleScalarFloor        0000000180038c80 f   libmwmathutil:libmwmathutil.dll
 0001:00037c86       muDoubleScalarCeil         0000000180038c86 f   libmwmathutil:libmwmathutil.dll
 0001:00037c8c       emlrtCreateRootTLS         0000000180038c8c f   libemlrt:libemlrt.dll
 0001:00037c92       emlrtDestroyRootTLS        0000000180038c92 f   libemlrt:libemlrt.dll
 0001:00037c98       emlrtCheckBuiltInR2012b    0000000180038c98 f   libemlrt:libemlrt.dll
 0001:00037c9e       emlrtCheckVsBuiltInR2012b  0000000180038c9e f   libemlrt:libemlrt.dll
 0001:00037ca4       emlrtCheckEnumR2012b       0000000180038ca4 f   libemlrt:libemlrt.dll
 0001:00037caa       emlrtCreateEnumR2012b      0000000180038caa f   libemlrt:libemlrt.dll
 0001:00037cb0       emlrtGetEnumElementR2009a  0000000180038cb0 f   libemlrt:libemlrt.dll
 0001:00037cb6       emlrtCreateReference       0000000180038cb6 f   libemlrt:libemlrt.dll
 0001:00037cbc       emlrtImportVsFiArrayR2009b 0000000180038cbc f   libemlrt:libemlrt.dll
 0001:00037cc2       emlrtNameCapturePostProcessR2012a 0000000180038cc2 f   libemlrt:libemlrt.dll
 0001:00037cc8       emlrtExtractMessageId      0000000180038cc8 f   libemlrt:libemlrt.dll
 0001:00037cce       emlrtTranslateMessageIDtoLCPstring 0000000180038cce f   libemlrt:libemlrt.dll
 0001:00037cd4       emlrtForLoopVectorIsValidR2011b 0000000180038cd4 f   libemlrt:libemlrt.dll
 0001:00037cda       emlrtTranslateUTF16MessagetoLCPstring 0000000180038cda f   libemlrt:libemlrt.dll
 0001:00037ce0       emlrtGetEnumUnderlyingArrayR2009a 0000000180038ce0 f   libemlrt:libemlrt.dll
 0001:00037ce6       emlrtIsEnumR2009a          0000000180038ce6 f   libemlrt:libemlrt.dll
 0001:00037cec       __GSHandlerCheckCommon     0000000180038cec f   MSVCRT:gshandler.obj
 0001:00037d50       __GSHandlerCheck           0000000180038d50 f   MSVCRT:gshandler.obj
 0001:00037d6e       strlen                     0000000180038d6e f   MSVCRT:MSVCR100.dll
 0001:00037d90       __security_check_cookie    0000000180038d90 f   MSVCRT:amdsecgs.obj
 0001:00037db0       memset                     0000000180038db0 f   MSVCRT:MSVCR100.dll
 0001:00037db6       malloc                     0000000180038db6 f   MSVCRT:MSVCR100.dll
 0001:00037dbc       free                       0000000180038dbc f   MSVCRT:MSVCR100.dll
 0001:00037dc2       strcmp                     0000000180038dc2 f   MSVCRT:MSVCR100.dll
 0001:00037dc8       sprintf                    0000000180038dc8 f   MSVCRT:MSVCR100.dll
 0001:00037dce       strcat                     0000000180038dce f   MSVCRT:MSVCR100.dll
 0001:00037dd4       memcpy                     0000000180038dd4 f   MSVCRT:MSVCR100.dll
 0001:00037ddc       NtCurrentTeb               0000000180038ddc f i MSVCRT:crtdll.obj
 0001:00037e48       _CRT_INIT                  0000000180038e48 f   MSVCRT:crtdll.obj
 0001:000381e0       _DllMainCRTStartup         00000001800391e0 f   MSVCRT:crtdll.obj
 0001:0003821e       strncpy                    000000018003921e f   MSVCRT:MSVCR100.dll
 0001:00038240       __chkstk                   0000000180039240 f   MSVCRT:chkstk.obj
 0001:00038240       _alloca_probe              0000000180039240     MSVCRT:chkstk.obj
 0001:0003828e       longjmp                    000000018003928e f   MSVCRT:MSVCR100.dll
 0001:00038294       strncmp                    0000000180039294 f   MSVCRT:MSVCR100.dll
 0001:0003829a       ceil                       000000018003929a f   MSVCRT:MSVCR100.dll
 0001:000382a0       strrchr                    00000001800392a0 f   MSVCRT:MSVCR100.dll
 0001:000382a6       _setjmp                    00000001800392a6 f   MSVCRT:MSVCR100.dll
 0001:000382ac       calloc                     00000001800392ac f   MSVCRT:MSVCR100.dll
 0001:000382b2       realloc                    00000001800392b2 f   MSVCRT:MSVCR100.dll
 0001:000382b8       ldexp                      00000001800392b8 f   MSVCRT:MSVCR100.dll
 0001:000382c0       __report_gsfailure         00000001800392c0 f   MSVCRT:gs_report.obj
 0001:0003840c       __clean_type_info_names    000000018003940c f   MSVCRT:tncleanup.obj
 0001:00038418       _onexit                    0000000180039418 f   MSVCRT:atonexit.obj
 0001:000384c8       atexit                     00000001800394c8 f   MSVCRT:atonexit.obj
 0001:000384e0       _RTC_Initialize            00000001800394e0 f   MSVCRT:_initsect_.obj
 0001:00038518       _RTC_Terminate             0000000180039518 f   MSVCRT:_initsect_.obj
 0001:00038550       _malloc_crt                0000000180039550 f   MSVCRT:MSVCR100.dll
 0001:00038560       _ValidateImageBase         0000000180039560 f   MSVCRT:pesect.obj
 0001:00038590       _FindPESection             0000000180039590 f   MSVCRT:pesect.obj
 0001:000385e0       _IsNonwritableInCurrentImage 00000001800395e0 f   MSVCRT:pesect.obj
 0001:00038622       _initterm                  0000000180039622 f   MSVCRT:MSVCR100.dll
 0001:00038628       _initterm_e                0000000180039628 f   MSVCRT:MSVCR100.dll
 0001:0003862e       _encoded_null              000000018003962e f   MSVCRT:MSVCR100.dll
 0001:00038634       _amsg_exit                 0000000180039634 f   MSVCRT:MSVCR100.dll
 0001:0003863a       __C_specific_handler       000000018003963a f   MSVCRT:MSVCR100.dll
 0001:00038640       __CppXcptFilter            0000000180039640 f   MSVCRT:MSVCR100.dll
 0001:00038648       DllMain                    0000000180039648 f   MSVCRT:dllmain.obj
 0001:0003866c       __security_init_cookie     000000018003966c f   MSVCRT:gs_support.obj
 0001:00038720       __crt_debugger_hook        0000000180039720 f   MSVCRT:MSVCR100.dll
 0001:00038726       __clean_type_info_names_internal 0000000180039726 f   MSVCRT:MSVCR100.dll
 0001:0003872c       _unlock                    000000018003972c f   MSVCRT:MSVCR100.dll
 0001:00038732       __dllonexit                0000000180039732 f   MSVCRT:MSVCR100.dll
 0001:00038738       _lock                      0000000180039738 f   MSVCRT:MSVCR100.dll
 0001:0003873e       EncodePointer              000000018003973e f   kernel32:KERNEL32.dll
 0001:00038744       DecodePointer              0000000180039744 f   kernel32:KERNEL32.dll
 0001:0003874a       Sleep                      000000018003974a f   kernel32:KERNEL32.dll
 0001:00038750       TerminateProcess           0000000180039750 f   kernel32:KERNEL32.dll
 0001:00038756       GetCurrentProcess          0000000180039756 f   kernel32:KERNEL32.dll
 0001:0003875c       UnhandledExceptionFilter   000000018003975c f   kernel32:KERNEL32.dll
 0001:00038762       SetUnhandledExceptionFilter 0000000180039762 f   kernel32:KERNEL32.dll
 0001:00038768       IsDebuggerPresent          0000000180039768 f   kernel32:KERNEL32.dll
 0001:0003876e       RtlVirtualUnwind           000000018003976e f   kernel32:KERNEL32.dll
 0001:00038774       RtlLookupFunctionEntry     0000000180039774 f   kernel32:KERNEL32.dll
 0001:0003877a       RtlCaptureContext          000000018003977a f   kernel32:KERNEL32.dll
 0001:00038780       DisableThreadLibraryCalls  0000000180039780 f   kernel32:KERNEL32.dll
 0001:00038786       QueryPerformanceCounter    0000000180039786 f   kernel32:KERNEL32.dll
 0001:0003878c       GetTickCount               000000018003978c f   kernel32:KERNEL32.dll
 0001:00038792       GetCurrentThreadId         0000000180039792 f   kernel32:KERNEL32.dll
 0001:00038798       GetCurrentProcessId        0000000180039798 f   kernel32:KERNEL32.dll
 0001:0003879e       GetSystemTimeAsFileTime    000000018003979e f   kernel32:KERNEL32.dll
 0002:00000000       __imp_DisableThreadLibraryCalls 000000018003a000     kernel32:KERNEL32.dll
 0002:00000008       __imp_RtlCaptureContext    000000018003a008     kernel32:KERNEL32.dll
 0002:00000010       __imp_RtlLookupFunctionEntry 000000018003a010     kernel32:KERNEL32.dll
 0002:00000018       __imp_RtlVirtualUnwind     000000018003a018     kernel32:KERNEL32.dll
 0002:00000020       __imp_IsDebuggerPresent    000000018003a020     kernel32:KERNEL32.dll
 0002:00000028       __imp_SetUnhandledExceptionFilter 000000018003a028     kernel32:KERNEL32.dll
 0002:00000030       __imp_UnhandledExceptionFilter 000000018003a030     kernel32:KERNEL32.dll
 0002:00000038       __imp_GetCurrentProcess    000000018003a038     kernel32:KERNEL32.dll
 0002:00000040       __imp_TerminateProcess     000000018003a040     kernel32:KERNEL32.dll
 0002:00000048       __imp_Sleep                000000018003a048     kernel32:KERNEL32.dll
 0002:00000050       __imp_DecodePointer        000000018003a050     kernel32:KERNEL32.dll
 0002:00000058       __imp_EncodePointer        000000018003a058     kernel32:KERNEL32.dll
 0002:00000060       __imp_GetTickCount         000000018003a060     kernel32:KERNEL32.dll
 0002:00000068       __imp_GetCurrentThreadId   000000018003a068     kernel32:KERNEL32.dll
 0002:00000070       __imp_GetCurrentProcessId  000000018003a070     kernel32:KERNEL32.dll
 0002:00000078       __imp_GetSystemTimeAsFileTime 000000018003a078     kernel32:KERNEL32.dll
 0002:00000080       __imp_QueryPerformanceCounter 000000018003a080     kernel32:KERNEL32.dll
 0002:00000088       \177KERNEL32_NULL_THUNK_DATA 000000018003a088     kernel32:KERNEL32.dll
 0002:00000090       __imp_realloc              000000018003a090     MSVCRT:MSVCR100.dll
 0002:00000098       __imp__onexit              000000018003a098     MSVCRT:MSVCR100.dll
 0002:000000a0       __imp__lock                000000018003a0a0     MSVCRT:MSVCR100.dll
 0002:000000a8       __imp___dllonexit          000000018003a0a8     MSVCRT:MSVCR100.dll
 0002:000000b0       __imp__unlock              000000018003a0b0     MSVCRT:MSVCR100.dll
 0002:000000b8       __imp___clean_type_info_names_internal 000000018003a0b8     MSVCRT:MSVCR100.dll
 0002:000000c0       __imp___crt_debugger_hook  000000018003a0c0     MSVCRT:MSVCR100.dll
 0002:000000c8       __imp___CppXcptFilter      000000018003a0c8     MSVCRT:MSVCR100.dll
 0002:000000d0       __imp___C_specific_handler 000000018003a0d0     MSVCRT:MSVCR100.dll
 0002:000000d8       __imp__amsg_exit           000000018003a0d8     MSVCRT:MSVCR100.dll
 0002:000000e0       __imp__encoded_null        000000018003a0e0     MSVCRT:MSVCR100.dll
 0002:000000e8       __imp__initterm_e          000000018003a0e8     MSVCRT:MSVCR100.dll
 0002:000000f0       __imp__initterm            000000018003a0f0     MSVCRT:MSVCR100.dll
 0002:000000f8       __imp__malloc_crt          000000018003a0f8     MSVCRT:MSVCR100.dll
 0002:00000100       __imp_ldexp                000000018003a100     MSVCRT:MSVCR100.dll
 0002:00000108       __imp_strlen               000000018003a108     MSVCRT:MSVCR100.dll
 0002:00000110       __imp_calloc               000000018003a110     MSVCRT:MSVCR100.dll
 0002:00000118       __imp__setjmp              000000018003a118     MSVCRT:MSVCR100.dll
 0002:00000120       __imp_strrchr              000000018003a120     MSVCRT:MSVCR100.dll
 0002:00000128       __imp_ceil                 000000018003a128     MSVCRT:MSVCR100.dll
 0002:00000130       __imp_strncmp              000000018003a130     MSVCRT:MSVCR100.dll
 0002:00000138       __imp_longjmp              000000018003a138     MSVCRT:MSVCR100.dll
 0002:00000140       __imp_strncpy              000000018003a140     MSVCRT:MSVCR100.dll
 0002:00000148       __imp_memcpy               000000018003a148     MSVCRT:MSVCR100.dll
 0002:00000150       __imp_strcat               000000018003a150     MSVCRT:MSVCR100.dll
 0002:00000158       __imp_sprintf              000000018003a158     MSVCRT:MSVCR100.dll
 0002:00000160       __imp_strcmp               000000018003a160     MSVCRT:MSVCR100.dll
 0002:00000168       __imp_free                 000000018003a168     MSVCRT:MSVCR100.dll
 0002:00000170       __imp_malloc               000000018003a170     MSVCRT:MSVCR100.dll
 0002:00000178       __imp_memset               000000018003a178     MSVCRT:MSVCR100.dll
 0002:00000180       \177MSVCR100_NULL_THUNK_DATA 000000018003a180     MSVCRT:MSVCR100.dll
 0002:00000188       __imp_emlrtIsEnumR2009a    000000018003a188     libemlrt:libemlrt.dll
 0002:00000190       __imp_emlrtCheckVsBuiltInR2012b 000000018003a190     libemlrt:libemlrt.dll
 0002:00000198       __imp_emlrtGetEnumUnderlyingArrayR2009a 000000018003a198     libemlrt:libemlrt.dll
 0002:000001a0       __imp_emlrtTranslateUTF16MessagetoLCPstring 000000018003a1a0     libemlrt:libemlrt.dll
 0002:000001a8       __imp_emlrtForLoopVectorIsValidR2011b 000000018003a1a8     libemlrt:libemlrt.dll
 0002:000001b0       __imp_emlrtTranslateMessageIDtoLCPstring 000000018003a1b0     libemlrt:libemlrt.dll
 0002:000001b8       __imp_emlrtExtractMessageId 000000018003a1b8     libemlrt:libemlrt.dll
 0002:000001c0       __imp_emlrtCheckBuiltInR2012b 000000018003a1c0     libemlrt:libemlrt.dll
 0002:000001c8       __imp_emlrtDestroyRootTLS  000000018003a1c8     libemlrt:libemlrt.dll
 0002:000001d0       __imp_emlrtCreateRootTLS   000000018003a1d0     libemlrt:libemlrt.dll
 0002:000001d8       __imp_emlrtCheckEnumR2012b 000000018003a1d8     libemlrt:libemlrt.dll
 0002:000001e0       __imp_emlrtCreateEnumR2012b 000000018003a1e0     libemlrt:libemlrt.dll
 0002:000001e8       __imp_emlrtGetEnumElementR2009a 000000018003a1e8     libemlrt:libemlrt.dll
 0002:000001f0       __imp_emlrtCreateReference 000000018003a1f0     libemlrt:libemlrt.dll
 0002:000001f8       __imp_emlrtImportVsFiArrayR2009b 000000018003a1f8     libemlrt:libemlrt.dll
 0002:00000200       __imp_emlrtNameCapturePostProcessR2012a 000000018003a200     libemlrt:libemlrt.dll
 0002:00000208       \177libemlrt_NULL_THUNK_DATA 000000018003a208     libemlrt:libemlrt.dll
 0002:00000210       __imp_ssRegisterDataTypeFxpFSlopeFixExpBias 000000018003a210     libfixedpoint:libfixedpoint.dll
 0002:00000218       \177libfixedpoint_NULL_THUNK_DATA 000000018003a218     libfixedpoint:libfixedpoint.dll
 0002:00000220       __imp_mexFunctionName      000000018003a220     libmex:libmex.dll
 0002:00000228       __imp_mexMakeMemoryPersistent 000000018003a228     libmex:libmex.dll
 0002:00000230       __imp_mexGetVariable       000000018003a230     libmex:libmex.dll
 0002:00000238       __imp_mexPutVariable       000000018003a238     libmex:libmex.dll
 0002:00000240       __imp_mexSetTrapFlag       000000018003a240     libmex:libmex.dll
 0002:00000248       __imp_mexMakeArrayPersistent 000000018003a248     libmex:libmex.dll
 0002:00000250       __imp_mexErrMsgTxt         000000018003a250     libmex:libmex.dll
 0002:00000258       __imp_mexCallMATLAB        000000018003a258     libmex:libmex.dll
 0002:00000260       __imp_mexUnlock            000000018003a260     libmex:libmex.dll
 0002:00000268       __imp_mexIsLocked          000000018003a268     libmex:libmex.dll
 0002:00000270       __imp_mexWarnMsgTxt        000000018003a270     libmex:libmex.dll
 0002:00000278       __imp_mexLock              000000018003a278     libmex:libmex.dll
 0002:00000280       \177libmex_NULL_THUNK_DATA 000000018003a280     libmex:libmex.dll
 0002:00000288       __imp_muDoubleScalarFloor  000000018003a288     libmwmathutil:libmwmathutil.dll
 0002:00000290       __imp_muDoubleScalarRound  000000018003a290     libmwmathutil:libmwmathutil.dll
 0002:00000298       __imp_muDoubleScalarCeil   000000018003a298     libmwmathutil:libmwmathutil.dll
 0002:000002a0       \177libmwmathutil_NULL_THUNK_DATA 000000018003a2a0     libmwmathutil:libmwmathutil.dll
 0002:000002a8       __imp_mxGetN               000000018003a2a8     libmx:libmx.dll
[...]
 0001:0000de60       sf_mex_check_fimath        000000018000ee60 f   sfc_mex:sfc_mex.obj
 0001:0000ea10       size_mismatch_error        000000018000fa10 f   sfc_mex:sfc_mex.obj
 0001:0000f4b0       check_array_dimensions     00000001800104b0 f   sfc_mex:sfc_mex.obj
 0001:0000f520       check_input_mxarray        0000000180010520 f   sfc_mex:sfc_mex.obj
 0001:0000fc60       sf_numeric_value_to_double 0000000180010c60 f   sfc_mex:sfc_mex.obj
 0001:0000fcb0       ml_generic_out_of_bounds_check 0000000180010cb0 f   sfc_mex:sfc_mex.obj
 0001:0000fe80       ml_get_element_value_from_array 0000000180010e80 f   sfc_mex:sfc_mex.obj
 0001:00010220       _ml_generic_castability_check 0000000180011220 f   sfc_mex:sfc_mex.obj
 0001:00010f80       ml_generic_castability_check 0000000180011f80 f   sfc_mex:sfc_mex.obj
 0001:00011020       ml_check_mx_array_for_single_castability 0000000180012020 f   sfc_mex:sfc_mex.obj
 0001:000110c0       ml_check_mx_array_for_logical_castability 00000001800120c0 f   sfc_mex:sfc_mex.obj
 0001:00011160       ml_check_mx_array_for_int8_castability 0000000180012160 f   sfc_mex:sfc_mex.obj
 0001:00011210       ml_check_mx_array_for_uint8_castability 0000000180012210 f   sfc_mex:sfc_mex.obj
 0001:00011270       ml_check_mx_array_for_int16_castability 0000000180012270 f   sfc_mex:sfc_mex.obj
 0001:000112d0       ml_check_mx_array_for_uint16_castability 00000001800122d0 f   sfc_mex:sfc_mex.obj
 0001:00011330       ml_check_mx_array_for_int32_castability 0000000180012330 f   sfc_mex:sfc_mex.obj
 0001:00011390       ml_check_mx_array_for_uint32_castability 0000000180012390 f   sfc_mex:sfc_mex.obj
 0001:000113f0       ml_check_mx_array_for_castability 00000001800123f0 f   sfc_mex:sfc_mex.obj
 0001:00011d20       set_data_value             0000000180012d20 f   sfc_mex:sfc_mex.obj
 0001:00012090       get_data_value             0000000180013090 f   sfc_mex:sfc_mex.obj
 0001:000121a0       get_next_element_address   00000001800131a0 f   sfc_mex:sfc_mex.obj
 0001:00012270       sf_normalize_index         0000000180013270 f   sfc_mex:sfc_mex.obj
 0001:00012600       ml_array_index_bound_check 0000000180013600 f   sfc_mex:sfc_mex.obj
 0001:00013120       mx_value                   0000000180014120 f   sfc_mex:sfc_mex.obj
 0001:00013170       sf_create_numeric_array    0000000180014170 f   sfc_mex:sfc_mex.obj
 0001:00013210       sf_mex_assign_to_mx_array  0000000180014210 f   sfc_mex:sfc_mex.obj
 0001:00013560       assign_from_mx_array       0000000180014560 f   sfc_mex:sfc_mex.obj
 0001:00013d90       sf_mex_import_v            0000000180014d90 f   sfc_mex:sfc_mex.obj
 0001:00014490       get_machine_and_chart_file_number 0000000180015490 f   sfc_mex:sfc_sf.obj
 0001:00014580       get_sfun_block_specialization 0000000180015580 f   sfc_mex:sfc_sf.obj
 0001:00014630       call_sf_machine_global_method_dispatcher 0000000180015630 f   sfc_mex:sfc_sf.obj
 0001:00014880       mdl_zeroCrossings_processing 0000000180015880 f   sfc_mex:sfc_sf.obj
 0001:00014950       mdl_derivatives_processing 0000000180015950 f   sfc_mex:sfc_sf.obj
 0001:00014c10       mdl_outputs_continuous_legacy 0000000180015c10 f   sfc_mex:sfc_sf.obj
 0001:00014c90       mdl_outputs_processing     0000000180015c90 f   sfc_mex:sfc_sf.obj
 0001:00014f00       mdl_enable_processing      0000000180015f00 f   sfc_mex:sfc_sf.obj
 0001:00014fd0       mdl_disable_processing     0000000180015fd0 f   sfc_mex:sfc_sf.obj
 0001:00015d40       sf_call_output_fcn_enable_disable 0000000180016d40 f   sfc_mex:sfc_sf.obj
 0001:00015fc0       set_dwork_information_from_mx_array 0000000180016fc0 f   sfc_mex:sfc_sf.obj
 0001:00016880       ptr2mxStruct               0000000180017880 f   sfc_mex:sfc_sf.obj
 0001:00016b90       SNPRINTF_WRAPPER           0000000180017b90 f   sfc_debug:sfcdebug.obj
 0001:00016bb0       sf_debug_chart_instance_initialized_quick 0000000180017bb0 f   sfc_debug:sfcdebug.obj
 0001:00016bc0       sf_debug_chart_instance_initialized 0000000180017bc0 f   sfc_debug:sfcdebug.obj
 0001:00016d60       sfrtAddSize                0000000180017d60 f   sfc_debug:sfcdebug.obj
 0001:00016e20       sfrtGenSizeString          0000000180017e20 f   sfc_debug:sfcdebug.obj
 0001:00017530       fill_single_message_info   0000000180018530 f   sfc_debug:sfcdebug.obj
 0001:000176f0       sf_debug_sim_status_listener 00000001800186f0 f   sfc_debug:sfcdebug.obj
 0001:00017c60       sf_debug_form_mask_bits    0000000180018c60 f   sfc_debug:sfcdebug.obj
 0001:00017ca0       sf_debug_form_sf_data_type_offsets 0000000180018ca0 f   sfc_debug:sfcdebug.obj
 0001:00017d60       sf_debug_free_all          0000000180018d60 f   sfc_debug:sfcdebug.obj
 0001:00017f10       sf_debug_append_debugger_context 0000000180018f10 f   sfc_debug:sfcdebug.obj
 0001:000180b0       sf_debug_update_always_honor_breakpoints 00000001800190b0 f   sfc_debug:sfcdebug.obj
 0001:00018280       local_strdup               0000000180019280 f   sfc_debug:sfcdebug.obj
 0001:00019160       sf_debug_em_terminate      000000018001a160 f   sfc_debug:sfcdebug.obj
 0001:000191a0       sf_debug_push_eml_function 000000018001a1a0 f   sfc_debug:sfcdebug.obj
 0001:00019240       sf_debug_pop_eml_function  000000018001a240 f   sfc_debug:sfcdebug.obj
 0001:00019f40       sf_debug_get_machine_number_from_id_or_name 000000018001af40 f   sfc_debug:sfcdebug.obj
 0001:0001a090       sf_debug_get_chart_number_from_id 000000018001b090 f   sfc_debug:sfcdebug.obj
 0001:0001ae30       sf_debug_transfer_control_to_debugger_GUI 000000018001be30 f   sfc_debug:sfcdebug.obj
 0001:0001bdc0       sf_debug_scripts_rehash    000000018001cdc0 f   sfc_debug:sfcdebug.obj
 0001:0001c000       sf_debug_get_script_line_count 000000018001d000 f   sfc_debug:sfcdebug.obj
 0001:0001c930       cv_eml_state_cvId          000000018001d930 f   sfc_debug:sfcdebug.obj
 0001:0001c9a0       cv_eml_trans_cvId          000000018001d9a0 f   sfc_debug:sfcdebug.obj
 0001:0001dd30       sf_debug_data_array_bounds_error 000000018001ed30 f   sfc_debug:sfcdebug.obj
 0001:0001e160       eml_debug_runtime_error_doclink 000000018001f160 f   sfc_debug:sfcdebug.obj
 0001:0001e2c0       sf_debug_runtime_error     000000018001f2c0 f   sfc_debug:sfcdebug.obj
 0001:0001e330       sf_debug_matlab_error      000000018001f330 f   sfc_debug:sfcdebug.obj
 0001:0001ec70       sf_debug_data_value_error  000000018001fc70 f   sfc_debug:sfcdebug.obj
 0001:0001f570       sf_debug_data_loss_error   0000000180020570 f   sfc_debug:sfcdebug.obj
 0001:00020500       call_cv_range_check        0000000180021500 f   sfc_debug:sfcdebug.obj
 0001:00020cd0       sf_debug_invoke_cycle_detection_code 0000000180021cd0 f   sfc_debug:sfcdebug.obj
 0001:00021b50       sf_reset_debug_info_struct 0000000180022b50 f   sfc_debug:sfcdebug.obj
 0001:000223b0       cv_script_cvId             00000001800233b0 f   sfc_debug:sfcdebug.obj
 0001:00023110       sfc_api_chart_visible      0000000180024110 f   sfc_debug:sfc_api.obj
 0001:00023190       sfc_api_active_instance    0000000180024190 f   sfc_debug:sfc_api.obj
 0001:00023210       sfc_api_machine_load       0000000180024210 f   sfc_debug:sfc_api.obj
 0001:000232e0       sfc_api_debugger_alive     00000001800242e0 f   sfc_debug:sfc_api.obj
 0001:000232f0       sfc_api_go                 00000001800242f0 f   sfc_debug:sfc_api.obj
 0001:00023300       sfc_api_step_over          0000000180024300 f   sfc_debug:sfc_api.obj
 0001:00023310       sfc_api_step_out           0000000180024310 f   sfc_debug:sfc_api.obj
 0001:00023320       sfc_api_resume             0000000180024320 f   sfc_debug:sfc_api.obj
 0001:00023330       sfc_api_break              0000000180024330 f   sfc_debug:sfc_api.obj
 0001:00023340       sfc_api_stop_debugging     0000000180024340 f   sfc_debug:sfc_api.obj
 0001:00023390       sfc_api_is_cycle_detected  0000000180024390 f   sfc_debug:sfc_api.obj
 0001:000233e0       sfc_api_is_array_bounds_detected 00000001800243e0 f   sfc_debug:sfc_api.obj
 0001:00023430       sfc_api_set_disable_all_breakpoints 0000000180024430 f   sfc_debug:sfc_api.obj
 0001:000234a0       sfc_api_disable_all_breakpoints_and_go 00000001800244a0 f   sfc_debug:sfc_api.obj
 0001:000234b0       sfc_api_close              00000001800244b0 f   sfc_debug:sfc_api.obj
 0001:000234c0       sfc_api_browse_data        00000001800244c0 f   sfc_debug:sfc_api.obj
 0001:00023530       sfc_api_watch_data         0000000180024530 f   sfc_debug:sfc_api.obj
 0001:00023630       sfc_api_extract_message_post_receive_info 0000000180024630 f   sfc_debug:sfc_api.obj
 0001:00023650       sfc_api_assign_data        0000000180024650 f   sfc_debug:sfc_api.obj
 0001:000236f0       sfc_api_whos               00000001800246f0 f   sfc_debug:sfc_api.obj
 0001:00023780       sfc_api_get_consistency_info 0000000180024780 f   sfc_debug:sfc_api.obj
 0001:00023790       sfc_api_browse_trace       0000000180024790 f   sfc_debug:sfc_api.obj
 0001:000237a0       sfc_api_break_on_chart_entry 00000001800247a0 f   sfc_debug:sfc_api.obj
 0001:000237c0       sfc_api_break_on_event_broadcast 00000001800247c0 f   sfc_debug:sfc_api.obj
 0001:000237e0       sfc_api_break_on_state_entry 00000001800247e0 f   sfc_debug:sfc_api.obj
 0001:00023800       sfc_api_set_watch          0000000180024800 f   sfc_debug:sfc_api.obj
 0001:000238a0       sfc_api_set_breakpoints    00000001800248a0 f   sfc_debug:sfc_api.obj
 0001:00023940       sfc_api_set_eml_breakpoints 0000000180024940 f   sfc_debug:sfc_api.obj
 0001:000239c0       sfc_api_set_script_breakpoints 00000001800249c0 f   sfc_debug:sfc_api.obj
 0001:00023a10       sfc_api_add_script_breakpoints 0000000180024a10 f   sfc_debug:sfc_api.obj
 0001:00023a60       sfc_api_clear_script_breakpoints 0000000180024a60 f   sfc_debug:sfc_api.obj
 0001:00023ab0       sfc_api_query_script_breakpoints 0000000180024ab0 f   sfc_debug:sfc_api.obj
 0001:00023b10       sfc_api_get_script_id      0000000180024b10 f   sfc_debug:sfc_api.obj
 0001:00023bd0       sfc_api_get_active_states  0000000180024bd0 f   sfc_debug:sfc_api.obj
 0001:00023c50       sfc_api_break_between_times 0000000180024c50 f   sfc_debug:sfc_api.obj
 0001:00023cb0       sfc_api_get_instance_handle 0000000180024cb0 f   sfc_debug:sfc_api.obj
 0001:00023d60       sfc_api_set_animation      0000000180024d60 f   sfc_debug:sfc_api.obj
 0001:00023db0       sfc_api_select_chart       0000000180024db0 f   sfc_debug:sfc_api.obj
 0001:00023e10       sfc_api_select_charts      0000000180024e10 f   sfc_debug:sfc_api.obj
 0001:00023e40       sfc_api_cycle_detection_check 0000000180024e40 f   sfc_debug:sfc_api.obj
 0001:00023e90       sfc_api_data_range_check   0000000180024e90 f   sfc_debug:sfc_api.obj
 0001:00023ee0       sfc_api_transition_conflict_check 0000000180024ee0 f   sfc_debug:sfc_api.obj
 0001:00023f30       sfc_api_state_consistency_check 0000000180024f30 f   sfc_debug:sfc_api.obj
 0001:00023f80       sfc_api_set_instance_cv_ids 0000000180024f80 f   sfc_debug:sfc_api.obj
 0001:00024090       sfc_api_set_script_cv_ids  0000000180025090 f   sfc_debug:sfc_api.obj
 0001:00024140       sfc_api_get_current_machine_id 0000000180025140 f   sfc_debug:sfc_api.obj
 0001:00024170       sfc_api_get_current_machine_number 0000000180025170 f   sfc_debug:sfc_api.obj
 0001:000241a0       sfc_api_get_current_chart_number 00000001800251a0 f   sfc_debug:sfc_api.obj
 0001:000241d0       sfc_api_get_current_instance_number 00000001800251d0 f   sfc_debug:sfc_api.obj
 0001:00024200       sfc_api_get_current_instance_handle 0000000180025200 f   sfc_debug:sfc_api.obj
 0001:00024220       sfc_api_get_current_is_minor_time_step 0000000180025220 f   sfc_debug:sfc_api.obj
 0001:00024250       sfc_api_get_current_machine_name 0000000180025250 f   sfc_debug:sfc_api.obj
 0001:00024270       sfc_api_get_current_chart_id 0000000180025270 f   sfc_debug:sfc_api.obj
 0001:000242a0       sfc_api_get_current_object_type 00000001800252a0 f   sfc_debug:sfc_api.obj
 0001:000242d0       sfc_api_get_current_event_type 00000001800252d0 f   sfc_debug:sfc_api.obj
 0001:00024300       sfc_api_get_current_object_id 0000000180025300 f   sfc_debug:sfc_api.obj
 0001:00024330       sfc_get_current_active_event_type 0000000180025330 f   sfc_debug:sfc_api.obj
 0001:00024360       sfc_api_get_current_active_event_id 0000000180025360 f   sfc_debug:sfc_api.obj
 0001:00024390       sfc_api_get_current_simulation_time 0000000180025390 f   sfc_debug:sfc_api.obj
 0001:000243b0       sfc_get_current_tag_type   00000001800253b0 f   sfc_debug:sfc_api.obj
 0001:000243e0       sfc_get_current_coverage_percentage 00000001800253e0 f   sfc_debug:sfc_api.obj
 0001:00024400       sfc_get_current_statement_context 0000000180025400 f   sfc_debug:sfc_api.obj
 0001:00024420       sfc_get_current_optional_integer 0000000180025420 f   sfc_debug:sfc_api.obj
 0001:00024450       sfc_get_current_statement_info 0000000180025450 f   sfc_debug:sfc_api.obj
 0001:000244f0       sfc_api_get                00000001800254f0 f   sfc_debug:sfc_api.obj
 0001:00025160       sf_debug_sm_fill_state_activity_data 0000000180026160 f   sfc_debug:sfdb_animation.obj
 0001:00027a60       void_ptr_stack_vector_free_total 0000000180028a60 f   sfc_debug:sfdb_data_browse.obj
 0001:00027af0       sf_debug_st_terminate_machine 0000000180028af0 f   sfc_debug:sfdb_data_browse.obj
 0001:00027b30       sf_debug_st_terminate_instance 0000000180028b30 f   sfc_debug:sfdb_data_browse.obj
 0001:00027ee0       push_on_to_void_ptr_stack  0000000180028ee0 f   sfc_debug:sfdb_data_browse.obj
 0001:00028070       pop_from_void_ptr_stack    0000000180029070 f   sfc_debug:sfdb_data_browse.obj
 0001:000281a0       sf_debug_st_get_data_value 00000001800291a0 f   sfc_debug:sfdb_data_browse.obj
 0001:00028730       mx_value                   0000000180029730 f   sfc_debug:sfdb_data_browse.obj
 0001:00028770       sf_debug_st_fill_data_struct 0000000180029770 f   sfc_debug:sfdb_data_browse.obj
 0001:00028ab0       data_type_format_strings   0000000180029ab0 f   sfc_debug:sfdb_data_browse.obj
 0001:00028b60       sf_debug_st_fill_data      0000000180029b60 f   sfc_debug:sfdb_data_browse.obj
 0001:000298b0       sf_debug_hm_get_simulink_handle 000000018002a8b0 f   sfc_debug:sfdb_handle_management.obj
 0001:0002a3b0       sf_debug_hm_initialize_globals 000000018002b3b0 f   sfc_debug:sfdb_handle_management.obj
 0001:0002a4b0       sf_debug_hm_get_machine_debug_flag 000000018002b4b0 f   sfc_debug:sfdb_handle_management.obj
 0001:0002a620       sf_debug_hm_get_machine_id 000000018002b620 f   sfc_debug:sfdb_handle_management.obj
 0001:0002a740       sf_debug_hm_get_chart_id   000000018002b740 f   sfc_debug:sfdb_handle_management.obj
 0001:0002a8e0       sf_debug_hm_register_executing_SFunction 000000018002b8e0 f   sfc_debug:sfdb_handle_management.obj
 0001:0002ac70       sf_debug_hm_form_object_boolean_properties 000000018002bc70 f   sfc_debug:sfdb_handle_management.obj
 0001:0002af40       sf_debug_hm_form_object_properties 000000018002bf40 f   sfc_debug:sfdb_handle_management.obj
 0001:0002b180       sf_debug_hm_terminate_charts 000000018002c180 f   sfc_debug:sfdb_handle_management.obj
 0001:0002b8e0       sf_debug_hm_terminate_machines 000000018002c8e0 f   sfc_debug:sfdb_handle_management.obj
 0001:0002d4e0       sf_debug_ss_copy_dimension 000000018002e4e0 f   sfc_debug:sfdb_symbol_scope.obj
 0001:0002d5a0       sf_debug_ss_get_number_elements 000000018002e5a0 f   sfc_debug:sfdb_symbol_scope.obj
 0001:0002d5c0       sf_debug_ss_fill_data_struct 000000018002e5c0 f   sfc_debug:sfdb_symbol_scope.obj
 0001:0002d910       sf_debug_ss_reset_data_info 000000018002e910 f   sfc_debug:sfdb_symbol_scope.obj
 0001:0002d970       sf_debug_fill_data_info_by_symbol_scope_entry 000000018002e970 f   sfc_debug:sfdb_symbol_scope.obj
 0001:0002da30       sf_debug_fill_data_info_by_data_vector 000000018002ea30 f   sfc_debug:sfdb_symbol_scope.obj
 0001:0002dc80       get_data_info_helper       000000018002ec80 f   sfc_debug:sfdb_symbol_scope.obj
 0001:0002dd80       sf_debug_ss_get_data_info  000000018002ed80 f   sfc_debug:sfdb_symbol_scope.obj
 0001:0002dfb0       sf_debug_select_mex_function 000000018002efb0 f   sfc_debug:sfdb_symbol_scope.obj
 0001:0002dfe0       sf_debug_is_dyn_matrix_initialized 000000018002efe0 f   sfc_debug:sfdb_symbol_scope.obj
 0001:0002e000       sf_debug_ss_set_data_value_try 000000018002f000 f   sfc_debug:sfdb_symbol_scope.obj
 0001:0002e1d0       sf_debug_ss_get_data_value 000000018002f1d0 f   sfc_debug:sfdb_symbol_scope.obj
 0001:0002e940       sf_debug_ss_data_bytes_string 000000018002f940 f   sfc_debug:sfdb_symbol_scope.obj
 0001:0002e9f0       sf_debug_ss_data_class_string 000000018002f9f0 f   sfc_debug:sfdb_symbol_scope.obj
 0001:0002ed80       sf_debug_ss_data_size_string 000000018002fd80 f   sfc_debug:sfdb_symbol_scope.obj
 0001:0002ee60       sf_debug_ss_data_create_data_info_struct 000000018002fe60 f   sfc_debug:sfdb_symbol_scope.obj
 0001:0002f130       sf_debug_ss_data_create_name_value_pair 0000000180030130 f   sfc_debug:sfdb_symbol_scope.obj
 0001:0002f1d0       sf_debug_ss_data_get_whos_info 00000001800301d0 f   sfc_debug:sfdb_symbol_scope.obj
 0001:0002f1e0       same_named_data_in_data_array 00000001800301e0 f   sfc_debug:sfdb_symbol_scope.obj
 0001:00030a70       sf_debug_cc_terminate_chart 0000000180031a70 f   sfc_debug:sfdb_coverage.obj
 0001:00030e10       sf_debug_cc_terminate_instance 0000000180031e10 f   sfc_debug:sfdb_coverage.obj
 0001:00031a00       sf_debug_cc_mark_object_if_needed 0000000180032a00 f   sfc_debug:sfdb_coverage.obj
 0001:00032300       sf_debug_bm_initialize_eml 0000000180033300 f   sfc_debug:sfdb_breakpoints.obj
 0001:00033440       sf_debug_bm_map_debug_tag_to_breakpoint_tag 0000000180034440 f   sfc_debug:sfdb_breakpoints.obj
 0001:00033520       sf_debug_bm_is_a_eml_breakpoint_impl 0000000180034520 f   sfc_debug:sfdb_breakpoints.obj
 0001:00035060       sf_debug_sc_push_on_error_stack 0000000180036060 f   sfc_debug:sfdb_state_consistency.obj
 0001:00035190       sf_debug_sc_reset_error_stack 0000000180036190 f   sfc_debug:sfdb_state_consistency.obj
 0001:00035320       sf_debug_sc_is_state_inconsistent 0000000180036320 f   sfc_debug:sfdb_state_consistency.obj
 0001:00035620       sf_debug_sc_fill_consistency_info 0000000180036620 f   sfc_debug:sfdb_state_consistency.obj
 0001:00035c00       void_assertion_fcn         0000000180036c00 f   sfc_debug:sfdb_call_stack.obj
 0001:00036180       sf_debug_tm_fill_local_trace 0000000180037180 f   sfc_debug:sfdb_call_stack.obj
 0001:00036750       sf_debug_cd_terminate_instance 0000000180037750 f   sfc_debug:sfdb_cycle_detection.obj
 0001:000367b0       sf_debug_cd_free_checksum_stack 00000001800377b0 f   sfc_debug:sfdb_cycle_detection.obj
 0001:00036800       sf_debug_cd_reset_pack_strings 0000000180037800 f   sfc_debug:sfdb_cycle_detection.obj
 0001:00036ec0       md5file_clear              0000000180037ec0 f   sfc_debug:ckmd5.obj
 0001:00036ef0       Encode                     0000000180037ef0 f   sfc_debug:ckmd5.obj
 0001:00036f40       Decode                     0000000180037f40 f   sfc_debug:ckmd5.obj
 0001:00036fe0       MD5Transform               0000000180037fe0 f   sfc_debug:ckmd5.obj
 0001:00037830       md5file_addn               0000000180038830 f   sfc_debug:ckmd5.obj
 0001:00037900       md5file_hash               0000000180038900 f   sfc_debug:ckmd5.obj
 0001:00037de8       pre_c_init                 0000000180038de8 f   MSVCRT:crtdll.obj
 0001:000380a4       __DllMainCRTStartup        00000001800390a4 f   MSVCRT:crtdll.obj
 0001:000387b0       __DllMainCRTStartup$filt$0 00000001800397b0 f   MSVCRT:crtdll.obj
 0001:000387e0       __DllMainCRTStartup$fin$1  00000001800397e0 f   MSVCRT:crtdll.obj
 0001:000387fa       _onexit$fin$0              00000001800397fa f   MSVCRT:atonexit.obj
 0001:00038820       _IsNonwritableInCurrentImage$filt$0 0000000180039820 f   MSVCRT:pesect.obj
