 QPSK_Transmit_v12d_sfun

 Timestamp is 51a15e75 (Sat May 25 17:59:33 2013)

 Preferred load address is 0000000180000000

 Start         Length     Name                   Class
 0001:00000000 0003cda4H .text                   CODE
 0001:0003cdb0 00000092H .text$x                 CODE
 0002:00000000 000004b0H .idata$5                DATA
 0002:000004b0 00000008H .CRT$XCA                DATA
 0002:000004b8 00000008H .CRT$XCZ                DATA
 0002:000004c0 00000008H .CRT$XIA                DATA
 0002:000004c8 00000008H .CRT$XIAA               DATA
 0002:000004d0 00000008H .CRT$XIZ                DATA
 0002:000004e0 00004b8cH .rdata                  DATA
 0002:00005070 00000008H .rtc$IAA                DATA
 0002:00005078 00000008H .rtc$IZZ                DATA
 0002:00005080 00000008H .rtc$TAA                DATA
 0002:00005088 00000008H .rtc$TZZ                DATA
 0002:00005090 0000418cH .xdata                  DATA
 0002:0000921c 000000a0H .idata$2                DATA
 0002:000092bc 00000014H .idata$3                DATA
 0002:000092d0 000004b0H .idata$4                DATA
 0002:00009780 00000af0H .idata$6                DATA
 0002:0000a270 0000005dH .edata                  DATA
 0003:00000000 000046e8H .data                   DATA
 0003:00004700 00002718H .bss                    DATA
 0004:00000000 000032d0H .pdata                  DATA

  Address         Publics by Value              Rva+Base               Lib:Object

 0000:00000000       ___safe_se_handler_table   0000000000000000     <absolute>
 0000:00000000       ___safe_se_handler_count   0000000000000000     <absolute>
 0000:00000000       __ImageBase                0000000180000000     <linker-defined>
 0001:00000000       sf_c2_QPSK_Transmit_v12d_get_eml_resolved_functions_info 0000000180001000 f   c2_QPSK_Transmit_v12d.obj
 0001:00001b40       sf_c2_QPSK_Transmit_v12d_get_check_sum 0000000180002b40 f   c2_QPSK_Transmit_v12d.obj
 0001:00001bc0       sf_c2_QPSK_Transmit_v12d_get_autoinheritance_info 0000000180002bc0 f   c2_QPSK_Transmit_v12d.obj
 0001:00002280       sf_internal_get_sim_state_c2_QPSK_Transmit_v12d 0000000180003280 f   c2_QPSK_Transmit_v12d.obj
 0001:00002770       sf_internal_set_sim_state_c2_QPSK_Transmit_v12d 0000000180003770 f   c2_QPSK_Transmit_v12d.obj
 0001:00002cd0       c2_QPSK_Transmit_v12d_method_dispatcher 0000000180003cd0 f   c2_QPSK_Transmit_v12d.obj
 0001:000061c0       sf_c9_QPSK_Transmit_v12d_get_eml_resolved_functions_info 00000001800071c0 f   c9_QPSK_Transmit_v12d.obj
 0001:00006b00       sf_c9_QPSK_Transmit_v12d_get_check_sum 0000000180007b00 f   c9_QPSK_Transmit_v12d.obj
 0001:00006b80       sf_c9_QPSK_Transmit_v12d_get_autoinheritance_info 0000000180007b80 f   c9_QPSK_Transmit_v12d.obj
 0001:00007100       sf_internal_get_sim_state_c9_QPSK_Transmit_v12d 0000000180008100 f   c9_QPSK_Transmit_v12d.obj
 0001:000075a0       sf_internal_set_sim_state_c9_QPSK_Transmit_v12d 00000001800085a0 f   c9_QPSK_Transmit_v12d.obj
 0001:00007a40       c9_QPSK_Transmit_v12d_method_dispatcher 0000000180008a40 f   c9_QPSK_Transmit_v12d.obj
 0001:0000a6f0       sf_process_check_sum_call  000000018000b6f0 f   QPSK_Transmit_v12d_sfun_registry.obj
 0001:0000a740       sf_process_autoinheritance_call 000000018000b740 f   QPSK_Transmit_v12d_sfun_registry.obj
 0001:0000a8e0       sf_process_get_eml_resolved_functions_info_call 000000018000b8e0 f   QPSK_Transmit_v12d_sfun_registry.obj
 0001:0000aa60       sf_mex_unlock_call         000000018000ba60 f   QPSK_Transmit_v12d_sfun_registry.obj
 0001:0000ab10       sf_machine_global_initializer_called 000000018000bb10 f   QPSK_Transmit_v12d_sfun_registry.obj
 0001:0000ab40       sf_machine_global_method_dispatcher 000000018000bb40 f   QPSK_Transmit_v12d_sfun_registry.obj
 0001:0000aba0       sf_machine_global_terminator 000000018000bba0 f   QPSK_Transmit_v12d_sfun_registry.obj
 0001:0000abe0       sf_register_machine_exported_symbols 000000018000bbe0 f   QPSK_Transmit_v12d_sfun_registry.obj
 0001:0000ac00       callCustomFcn              000000018000bc00 f   QPSK_Transmit_v12d_sfun_registry.obj
 0001:0000ac10       sf_machine_global_initializer 000000018000bc10 f   QPSK_Transmit_v12d_sfun_registry.obj
 0001:0000ac80       _ssSetStateAbsTol          000000018000bc80 f   QPSK_Transmit_v12d_sfun_registry.obj
 0001:0000ad60       _ssGetAbsTol               000000018000bd60 f   QPSK_Transmit_v12d_sfun_registry.obj
 0001:0000add0       _ssSetInputPortMatrixDimensions 000000018000bdd0 f   QPSK_Transmit_v12d_sfun_registry.obj
 0001:0000aee0       _ssSetOutputPortMatrixDimensions 000000018000bee0 f   QPSK_Transmit_v12d_sfun_registry.obj
 0001:0000aff0       _ssSetInputPortVectorDimension 000000018000bff0 f   QPSK_Transmit_v12d_sfun_registry.obj
 0001:0000b0c0       _ssSetOutputPortVectorDimension 000000018000c0c0 f   QPSK_Transmit_v12d_sfun_registry.obj
 0001:0000b190       ssIsRunTimeParamTunable    000000018000c190 f   QPSK_Transmit_v12d_sfun_registry.obj
 0001:0000b200       ssGetSFuncBlockHandle      000000018000c200 f   QPSK_Transmit_v12d_sfun_registry.obj
 0001:0000b270       _ssGetCurrentInputPortWidth 000000018000c270 f   QPSK_Transmit_v12d_sfun_registry.obj
 0001:0000b390       _ssGetCurrentOutputPortWidth 000000018000c390 f   QPSK_Transmit_v12d_sfun_registry.obj
 0001:0000b4b0       _ssGetCallSystemNumFcnCallDestinations 000000018000c4b0 f   QPSK_Transmit_v12d_sfun_registry.obj
 0001:0000b520       ssWarning                  000000018000c520 f   QPSK_Transmit_v12d_sfun_registry.obj
 0001:0000b630       ssGetIsZeroCrossControlDisabled 000000018000c630 f   QPSK_Transmit_v12d_sfun_registry.obj
 0001:0000b6a0       ssSetIsInputPortUsedForContZcSignal 000000018000c6a0 f   QPSK_Transmit_v12d_sfun_registry.obj
 0001:0000b710       ssSetZcSignalIsZcElementDisc 000000018000c710 f   QPSK_Transmit_v12d_sfun_registry.obj
 0001:0000b7c0       ssSetZcSignalName          000000018000c7c0 f   QPSK_Transmit_v12d_sfun_registry.obj
 0001:0000b830       ssSetZcSignalWidth         000000018000c830 f   QPSK_Transmit_v12d_sfun_registry.obj
 0001:0000b8a0       ssSetZcSignalZcEventType   000000018000c8a0 f   QPSK_Transmit_v12d_sfun_registry.obj
 0001:0000b910       ssSetZcSignalType          000000018000c910 f   QPSK_Transmit_v12d_sfun_registry.obj
 0001:0000b980       ssSetZcSignalZcTol         000000018000c980 f   QPSK_Transmit_v12d_sfun_registry.obj
 0001:0000b9f0       ssSetZcSignalNeedsEventNotification 000000018000c9f0 f   QPSK_Transmit_v12d_sfun_registry.obj
 0001:0000ba60       ssCreateAndAddZcSignalInfo 000000018000ca60 f   QPSK_Transmit_v12d_sfun_registry.obj
 0001:0000bad0       ssCloneAndAddZcSignalInfo  000000018000cad0 f   QPSK_Transmit_v12d_sfun_registry.obj
 0001:0000bb40       ssGetNumZcSignals          000000018000cb40 f   QPSK_Transmit_v12d_sfun_registry.obj
 0001:0000bbb0       ssGetZcSignalVector        000000018000cbb0 f   QPSK_Transmit_v12d_sfun_registry.obj
 0001:0000bc20       ssGetZcSignalZcEvents      000000018000cc20 f   QPSK_Transmit_v12d_sfun_registry.obj
 0001:0000bc90       ssGetZcSignalName          000000018000cc90 f   QPSK_Transmit_v12d_sfun_registry.obj
 0001:0000bd00       ssGetZcSignalWidth         000000018000cd00 f   QPSK_Transmit_v12d_sfun_registry.obj
 0001:0000bd70       ssGetZcSignalZcEventType   000000018000cd70 f   QPSK_Transmit_v12d_sfun_registry.obj
 0001:0000bde0       ssGetZcSignalType          000000018000cde0 f   QPSK_Transmit_v12d_sfun_registry.obj
 0001:0000be50       ssGetZcSignalZcTol         000000018000ce50 f   QPSK_Transmit_v12d_sfun_registry.obj
 0001:0000bed0       ssGetZcSignalNeedsEventNotification 000000018000ced0 f   QPSK_Transmit_v12d_sfun_registry.obj
 0001:0000bf40       ssGetZcSignalIsZcElementDisc 000000018000cf40 f   QPSK_Transmit_v12d_sfun_registry.obj
 0001:0000bfe0       ssGetIsInputPortElementContinuous 000000018000cfe0 f   QPSK_Transmit_v12d_sfun_registry.obj
 0001:0000c080       _ssGetInputPortSignalPtrsFcn 000000018000d080 f   QPSK_Transmit_v12d_sfun_registry.obj
 0001:0000c340       _ssGetInputPortSignalFcn   000000018000d340 f   QPSK_Transmit_v12d_sfun_registry.obj
 0001:0000c560       _ssSetInputPortDirectFeedThroughFcn 000000018000d560 f   QPSK_Transmit_v12d_sfun_registry.obj
 0001:0000c6c0       _ssSetInputPortReusableFcn 000000018000d6c0 f   QPSK_Transmit_v12d_sfun_registry.obj
 0001:0000c7b0       _ssSetOutputPortReusableFcn 000000018000d7b0 f   QPSK_Transmit_v12d_sfun_registry.obj
 0001:0000c890       ssGetDTypeIdFromMxArray    000000018000d890 f   QPSK_Transmit_v12d_sfun_registry.obj
 0001:0000c9b0       ssWriteRTWStr              000000018000d9b0 f   QPSK_Transmit_v12d_sfun_registry.obj
 0001:0000ca10       ssWriteRTWMxVectParam      000000018000da10 f   QPSK_Transmit_v12d_sfun_registry.obj
 0001:0000ca70       ssWriteRTWMx2dMatParam     000000018000da70 f   QPSK_Transmit_v12d_sfun_registry.obj
 0001:0000caf0       ssWriteRTWNameValuePair    000000018000daf0 f   QPSK_Transmit_v12d_sfun_registry.obj
 0001:0000cfe0       ssWriteRTWParameters       000000018000dfe0 f   QPSK_Transmit_v12d_sfun_registry.obj
 0001:0000d5e0       ssWriteRTWParamSettings    000000018000e5e0 f   QPSK_Transmit_v12d_sfun_registry.obj
 0001:0000dcb0       ssWriteRTWWorkVect         000000018000ecb0 f   QPSK_Transmit_v12d_sfun_registry.obj
 0001:0000e1b0       mexFunction                000000018000f1b0 f   QPSK_Transmit_v12d_sfun_registry.obj
 0001:0000fe70       ProcessMexSfunctionEveryCall 0000000180010e70 f   QPSK_Transmit_v12d_sfun_registry.obj
 0001:0000ffe0       QPSK_Transmit_v12d_initializer 0000000180010fe0 f   QPSK_Transmit_v12d_sfun.obj
 0001:0000fff0       QPSK_Transmit_v12d_terminator 0000000180010ff0 f   QPSK_Transmit_v12d_sfun.obj
 0001:00010000       sf_QPSK_Transmit_v12d_method_dispatcher 0000000180011000 f   QPSK_Transmit_v12d_sfun.obj
 0001:00010070       sf_QPSK_Transmit_v12d_process_check_sum_call 0000000180011070 f   QPSK_Transmit_v12d_sfun.obj
 0001:00010490       sf_QPSK_Transmit_v12d_autoinheritance_info 0000000180011490 f   QPSK_Transmit_v12d_sfun.obj
 0001:00010650       sf_QPSK_Transmit_v12d_get_eml_resolved_functions_info 0000000180011650 f   QPSK_Transmit_v12d_sfun.obj
 0001:000107c0       QPSK_Transmit_v12d_debug_initialize 00000001800117c0 f   QPSK_Transmit_v12d_sfun.obj
 0001:00010830       QPSK_Transmit_v12d_register_exported_symbols 0000000180011830 f   QPSK_Transmit_v12d_sfun.obj
 0001:00010840       load_QPSK_Transmit_v12d_optimization_info 0000000180011840 f   QPSK_Transmit_v12d_sfun.obj
 0001:00010890       unload_QPSK_Transmit_v12d_optimization_info 0000000180011890 f   QPSK_Transmit_v12d_sfun.obj
 0001:000109b0       sf_mex_mx_is_numeric       00000001800119b0 f   sfc_mex:sfc_mex.obj
 0001:000109f0       strcmp_ignore_ws           00000001800119f0 f   sfc_mex:sfc_mex.obj
 0001:00010b30       sf_mex_duplicatearraysafe  0000000180011b30 f   sfc_mex:sfc_mex.obj
 0001:00010c90       sf_set_error_debugger_context_message_fcn 0000000180011c90 f   sfc_mex:sfc_mex.obj
 0001:00010ca0       sf_set_debugger_matlab_error_fcn 0000000180011ca0 f   sfc_mex:sfc_mex.obj
 0001:00010cd0       sf_set_error_prefix_string 0000000180011cd0 f   sfc_mex:sfc_mex.obj
 0001:00010d00       sf_get_error_prefix_string 0000000180011d00 f   sfc_mex:sfc_mex.obj
 0001:00010d10       sf_mex_enter_parallel_region 0000000180011d10 f   sfc_mex:sfc_mex.obj
 0001:00010d20       sf_mex_exit_parallel_region 0000000180011d20 f   sfc_mex:sfc_mex.obj
 0001:00010d30       sf_get_current_jmp_buf_ptr 0000000180011d30 f   sfc_mex:sfc_mex.obj
 0001:00010d40       sf_set_current_jmp_buf_ptr 0000000180011d40 f   sfc_mex:sfc_mex.obj
 0001:00010d50       sf_mex_set_halt_simulation 0000000180011d50 f   sfc_mex:sfc_mex.obj
 0001:00010d60       sf_mex_get_halt_simulation 0000000180011d60 f   sfc_mex:sfc_mex.obj
 0001:00010d70       sf_mex_clear_error_message 0000000180011d70 f   sfc_mex:sfc_mex.obj
 0001:00010d90       sf_mex_get_error_message_for_read 0000000180011d90 f   sfc_mex:sfc_mex.obj
 0001:00010da0       sf_mex_get_error_message_buffer_length 0000000180011da0 f   sfc_mex:sfc_mex.obj
 0001:00010e80       sf_mex_warning_message     0000000180011e80 f   sfc_mex:sfc_mex.obj
 0001:00010ef0       sf_mex_v_errbuf_createf    0000000180011ef0 f   sfc_mex:sfc_mex.obj
 0001:00010f00       sf_mex_errbuf_createf      0000000180011f00 f   sfc_mex:sfc_mex.obj
 0001:00010f30       sf_mex_v_errbuf_catf       0000000180011f30 f   sfc_mex:sfc_mex.obj
 0001:00010f70       sf_mex_errbuf_catf         0000000180011f70 f   sfc_mex:sfc_mex.obj
 0001:00010fc0       sf_mex_errbuf_copy         0000000180011fc0 f   sfc_mex:sfc_mex.obj
 0001:00010fd0       sf_mex_errbuf_clear        0000000180011fd0 f   sfc_mex:sfc_mex.obj
 0001:00010fe0       sf_mex_errbuf_isempty      0000000180011fe0 f   sfc_mex:sfc_mex.obj
 0001:000110f0       sf_mex_set_error_status    00000001800120f0 f   sfc_mex:sfc_mex.obj
 0001:00011140       sf_mex_error_direct_call   0000000180012140 f   sfc_mex:sfc_mex.obj
 0001:00011160       sf_mex_error_message_no_long_jump 0000000180012160 f   sfc_mex:sfc_mex.obj
 0001:00011180       sf_mex_long_jump_on_error  0000000180012180 f   sfc_mex:sfc_mex.obj
 0001:000111b0       sf_mex_call_matlab         00000001800121b0 f   sfc_mex:sfc_mex.obj
 0001:000112d0       sf_mex_check_builtin       00000001800122d0 f   sfc_mex:sfc_mex.obj
 0001:00011370       sf_mex_check_builtin_vs    0000000180012370 f   sfc_mex:sfc_mex.obj
 0001:00011430       sf_mex_check_enum          0000000180012430 f   sfc_mex:sfc_mex.obj
 0001:000114b0       sf_mex_create_enum         00000001800124b0 f   sfc_mex:sfc_mex.obj
 0001:00011520       sf_mex_get_enum_element    0000000180012520 f   sfc_mex:sfc_mex.obj
 0001:00011530       sf_mex_createcellarray     0000000180012530 f   sfc_mex:sfc_mex.obj
 0001:00011540       sf_mex_setcell             0000000180012540 f   sfc_mex:sfc_mex.obj
 0001:00011550       sf_mex_getcell             0000000180012550 f   sfc_mex:sfc_mex.obj
 0001:00011560       sf_mex_dup                 0000000180012560 f   sfc_mex:sfc_mex.obj
 0001:00011580       sf_mex_assign              0000000180012580 f   sfc_mex:sfc_mex.obj
 0001:00011600       sf_mex_destroy             0000000180012600 f   sfc_mex:sfc_mex.obj
 0001:00011630       mx_array_has_fi_type       0000000180012630 f   sfc_mex:sfc_mex.obj
 0001:00011660       sf_mex_convert_from_fi     0000000180012660 f   sfc_mex:sfc_mex.obj
 0001:00011790       sf_mex_convert_to_double   0000000180012790 f   sfc_mex:sfc_mex.obj
 0001:000118b0       sf_mex_import_fi_vs        00000001800128b0 f   sfc_mex:sfc_mex.obj
 0001:00011a70       sf_matrix_matrix_index_ok  0000000180012a70 f   sfc_mex:sfc_mex.obj
 0001:00011b00       sf_vector_vector_index_ok  0000000180012b00 f   sfc_mex:sfc_mex.obj
 0001:00011b30       ssGetCurrentInputPortDimensions_wrapper 0000000180012b30 f   sfc_mex:sfc_mex.obj
 0001:00011b50       ssGetCurrentOutputPortDimensions_wrapper 0000000180012b50 f   sfc_mex:sfc_mex.obj
 0001:00011b70       sf_mex_emlrt_context_is_debug_mode 0000000180012b70 f   sfc_mex:sfc_mex.obj
 0001:00011b80       sf_mex_emlrt_context_set_debug_mode 0000000180012b80 f   sfc_mex:sfc_mex.obj
 0001:00011b90       sf_mex_emlrtNameCapturePostProcessR2012a 0000000180012b90 f   sfc_mex:sfc_mex.obj
 0001:00011c00       sf_clear_error_manager_info 0000000180012c00 f   sfc_mex:sfc_mex.obj
 0001:00011c60       sf_mex_stop_simulation_abruptly_wo_error 0000000180012c60 f   sfc_mex:sfc_mex.obj
 0001:00011ca0       sf_mex_error_message       0000000180012ca0 f   sfc_mex:sfc_mex.obj
 0001:00011d00       sf_react_to_error_in_matlab_call 0000000180012d00 f   sfc_mex:sfc_mex.obj
 0001:00011d30       sf_mex_addfield            0000000180012d30 f   sfc_mex:sfc_mex.obj
 0001:00011dd0       sf_mex_getfield            0000000180012dd0 f   sfc_mex:sfc_mex.obj
 0001:000120d0       sf_mex_check_class         00000001800130d0 f   sfc_mex:sfc_mex.obj
 0001:00012170       sf_mex_is_real             0000000180013170 f   sfc_mex:sfc_mex.obj
 0001:000125e0       sf_mex_decode_encoded_mx_struct_array 00000001800135e0 f   sfc_mex:sfc_mex.obj
 0001:000128c0       sf_mex_lw_bounds_check     00000001800138c0 f   sfc_mex:sfc_mex.obj
 0001:000128f0       sf_mex_lw_size_eq_check_1d 00000001800138f0 f   sfc_mex:sfc_mex.obj
 0001:00012910       sf_mex_lw_size_eq_check_nd 0000000180013910 f   sfc_mex:sfc_mex.obj
 0001:00012af0       sf_mex_lw_dim_size_eq_check 0000000180013af0 f   sfc_mex:sfc_mex.obj
 0001:00012b20       sf_mex_lw_dim_size_geq_check 0000000180013b20 f   sfc_mex:sfc_mex.obj
 0001:00012b50       sf_mex_lw_sub_assign_size_check_nd 0000000180013b50 f   sfc_mex:sfc_mex.obj
 0001:00012d80       sf_mex_lw_runtime_error_msgid 0000000180013d80 f   sfc_mex:sfc_mex.obj
 0001:00012e70       sf_mex_lw_matrix_matrix_index_check 0000000180013e70 f   sfc_mex:sfc_mex.obj
 0001:00012e90       sf_mex_lw_vector_vector_index_check 0000000180013e90 f   sfc_mex:sfc_mex.obj
 0001:00012ed0       sf_mex_lw_for_loop_vector_check 0000000180013ed0 f   sfc_mex:sfc_mex.obj
 0001:00012f60       sf_mex_lw_non_negative_check 0000000180013f60 f   sfc_mex:sfc_mex.obj
 0001:00012fa0       sf_mex_overflow_error      0000000180013fa0 f   sfc_mex:sfc_mex.obj
 0001:00012fb0       sf_mex_dividebyzero_error  0000000180013fb0 f   sfc_mex:sfc_mex.obj
 0001:00012fc0       sf_mex_unsafe_enum_error   0000000180013fc0 f   sfc_mex:sfc_mex.obj
 0001:00012fd0       sf_emlrtErrHandler         0000000180013fd0 f   sfc_mex:sfc_mex.obj
 0001:000130b0       sf_mex_size_one_check      00000001800140b0 f   sfc_mex:sfc_mex.obj
 0001:000130d0       sf_mex_printf              00000001800140d0 f   sfc_mex:sfc_mex.obj
 0001:000132a0       sf_mex_check_size          00000001800142a0 f   sfc_mex:sfc_mex.obj
 0001:00013570       sf_mex_check_struct        0000000180014570 f   sfc_mex:sfc_mex.obj
 0001:000137d0       sf_mex_check_struct_vs     00000001800147d0 f   sfc_mex:sfc_mex.obj
 0001:00013860       sf_mex_check_fi            0000000180014860 f   sfc_mex:sfc_mex.obj
 0001:00013960       sf_mex_check_fi_vs         0000000180014960 f   sfc_mex:sfc_mex.obj
 0001:00013a00       sf_echo_expression         0000000180014a00 f   sfc_mex:sfc_mex.obj
 0001:00013a60       sf_assertion_failed        0000000180014a60 f   sfc_mex:sfc_mex.obj
 0001:00013d40       sf_mex_evalin              0000000180014d40 f   sfc_mex:sfc_mex.obj
 0001:00013fb0       sf_mex_export              0000000180014fb0 f   sfc_mex:sfc_mex.obj
 0001:00014070       sf_mex_get_ml_var_no_error 0000000180015070 f   sfc_mex:sfc_mex.obj
 0001:00014210       sf_mex_get_ml_var          0000000180015210 f   sfc_mex:sfc_mex.obj
 0001:000146b0       ml_set_element_value_in_array 00000001800156b0 f   sfc_mex:sfc_mex.obj
 0001:00015d80       sf_mex_call_impl           0000000180016d80 f   sfc_mex:sfc_mex.obj
 0001:000162b0       sf_mex_call_debug          00000001800172b0 f   sfc_mex:sfc_mex.obj
 0001:000162e0       sf_mex_call                00000001800172e0 f   sfc_mex:sfc_mex.obj
 0001:00016930       sf_mex_createstruct        0000000180017930 f   sfc_mex:sfc_mex.obj
 0001:00016a20       sf_mex_createstructarray   0000000180017a20 f   sfc_mex:sfc_mex.obj
 0001:00016aa0       sf_mex_get_mx_datatype_from_sf_datatype 0000000180017aa0 f   sfc_mex:sfc_mex.obj
 0001:00016db0       sf_mex_ml_var_sub          0000000180017db0 f   sfc_mex:sfc_mex.obj
 0001:00016f80       sf_mex_ml_var_subsasgn     0000000180017f80 f   sfc_mex:sfc_mex.obj
 0001:00017370       sf_mex_sub                 0000000180018370 f   sfc_mex:sfc_mex.obj
 0001:00017570       sf_mex_subsasgn            0000000180018570 f   sfc_mex:sfc_mex.obj
 0001:00017a50       sf_mex_create              0000000180018a50 f   sfc_mex:sfc_mex.obj
 0001:000184a0       sf_mex_import_named        00000001800194a0 f   sfc_mex:sfc_mex.obj
 0001:00018500       sf_mex_import              0000000180019500 f   sfc_mex:sfc_mex.obj
 0001:00018550       sf_mex_import_vs           0000000180019550 f   sfc_mex:sfc_mex.obj
 0001:00018660       sf_mex_lower_fixpt_mx_array 0000000180019660 f   sfc_mex:sfc_mex.obj
 0001:00018950       sf_send_message_wrapper    0000000180019950 f   sfc_mex:sfc_sf.obj
 0001:00018980       sf_receive_message_wrapper 0000000180019980 f   sfc_mex:sfc_sf.obj
 0001:000189c0       sf_check_out_message_wrapper 00000001800199c0 f   sfc_mex:sfc_sf.obj
 0001:00018a00       sf_check_in_message_wrapper 0000000180019a00 f   sfc_mex:sfc_sf.obj
 0001:00018a40       sf_no_message_wrapper      0000000180019a40 f   sfc_mex:sfc_sf.obj
 0001:00018dd0       sim_mode_is_rtw_gen        0000000180019dd0 f   sfc_mex:sfc_sf.obj
 0001:00018e00       sim_mode_is_external       0000000180019e00 f   sfc_mex:sfc_sf.obj
 0001:00018e10       sim_mode_is_modelref_sim   0000000180019e10 f   sfc_mex:sfc_sf.obj
 0001:00018e30       mdlInitializeSizes         0000000180019e30 f   sfc_mex:sfc_sf.obj
 0001:00018e50       mdlInitializeSampleTimes   0000000180019e50 f   sfc_mex:sfc_sf.obj
 0001:00018e90       mdlZeroCrossings           0000000180019e90 f   sfc_mex:sfc_sf.obj
 0001:00018f70       mdlDerivatives             0000000180019f70 f   sfc_mex:sfc_sf.obj
 0001:00019020       mdl_initialize_conditions_processing 000000018001a020 f   sfc_mex:sfc_sf.obj
 0001:00019050       mdlInitializeConditions    000000018001a050 f   sfc_mex:sfc_sf.obj
 0001:00019110       mdlGetSimState             000000018001a110 f   sfc_mex:sfc_sf.obj
 0001:00019120       mdlSetSimState             000000018001a120 f   sfc_mex:sfc_sf.obj
 0001:00019130       mdl_ext_mode_exec_processing 000000018001a130 f   sfc_mex:sfc_sf.obj
 0001:00019150       mdlExtModeExec             000000018001a150 f   sfc_mex:sfc_sf.obj
 0001:000192e0       mdlTerminate               000000018001a2e0 f   sfc_mex:sfc_sf.obj
 0001:00019350       mdlRTW                     000000018001a350 f   sfc_mex:sfc_sf.obj
 0001:00019380       mdlSetWorkWidths           000000018001a380 f   sfc_mex:sfc_sf.obj
 0001:00019390       mdlProcessParameters       000000018001a390 f   sfc_mex:sfc_sf.obj
 0001:000193a0       mdl_start_processing       000000018001a3a0 f   sfc_mex:sfc_sf.obj
 0001:00019400       mdlStart                   000000018001a400 f   sfc_mex:sfc_sf.obj
 0001:00019510       mdlEnable                  000000018001a510 f   sfc_mex:sfc_sf.obj
 0001:000195e0       mdlDisable                 000000018001a5e0 f   sfc_mex:sfc_sf.obj
 0001:00019690       sf_get_chart_instance_ptr  000000018001a690 f   sfc_mex:sfc_sf.obj
 0001:000196b0       sf_load_rtw_optimization_info 000000018001a6b0 f   sfc_mex:sfc_sf.obj
 0001:00019780       sf_rtw_info_uint_prop      000000018001a780 f   sfc_mex:sfc_sf.obj
 0001:000198c0       sf_is_chart_inlinable      000000018001a8c0 f   sfc_mex:sfc_sf.obj
 0001:000198e0       sf_mark_output_events_with_multiple_callers 000000018001a8e0 f   sfc_mex:sfc_sf.obj
 0001:00019a70       sf_mark_chart_reusable_outputs 000000018001aa70 f   sfc_mex:sfc_sf.obj
 0001:00019cd0       sf_mark_chart_expressionable_inputs 000000018001acd0 f   sfc_mex:sfc_sf.obj
 0001:00019f30       sf_get_subchart_simstruct  000000018001af30 f   sfc_mex:sfc_sf.obj
 0001:00019f80       sf_get_fixpt_data_type_id  000000018001af80 f   sfc_mex:sfc_sf.obj
 0001:00019fc0       sf_get_enum_data_type_id   000000018001afc0 f   sfc_mex:sfc_sf.obj
 0001:0001a000       sf_get_param_data_type_id  000000018001b000 f   sfc_mex:sfc_sf.obj
 0001:0001a030       sf_mex_listen_for_ctrl_c_force 000000018001b030 f   sfc_mex:sfc_sf.obj
 0001:0001a140       sf_mex_draw_now            000000018001b140 f   sfc_mex:sfc_sf.obj
 0001:0001a180       sf_mex_set_debugger_sim_status_listener_fcn 000000018001b180 f   sfc_mex:sfc_sf.obj
 0001:0001a190       sf_mex_listen_for_ctrl_c   000000018001b190 f   sfc_mex:sfc_sf.obj
 0001:0001a220       sf_mex_get_sfun_param      000000018001b220 f   sfc_mex:sfc_sf.obj
 0001:0001a270       sf_get_runtime_param_data  000000018001b270 f   sfc_mex:sfc_sf.obj
 0001:0001a2b0       sf_call_output_fcn_call    000000018001b2b0 f   sfc_mex:sfc_sf.obj
 0001:0001a3f0       sf_call_output_fcn_enable  000000018001b3f0 f   sfc_mex:sfc_sf.obj
 0001:0001a480       sf_call_output_fcn_disable 000000018001b480 f   sfc_mex:sfc_sf.obj
 0001:0001a510       sf_clear_rtw_identifier    000000018001b510 f   sfc_mex:sfc_sf.obj
 0001:0001ad00       sf_set_encoded_dwork_info  000000018001bd00 f   sfc_mex:sfc_sf.obj
 0001:0001ad50       sf_get_dwork_info_from_mat_file 000000018001bd50 f   sfc_mex:sfc_sf.obj
 0001:0001af10       sf_set_rtw_dwork_info      000000018001bf10 f   sfc_mex:sfc_sf.obj
 0001:0001b080       mdlOutputs                 000000018001c080 f   sfc_mex:sfc_sf.obj
 0001:0001b220       sf_debug_disp              000000018001c220 f   sfc_debug:sfcdebug.obj
 0001:0001b480       sf_debug_data_runtime_size_mismatch_error_check 000000018001c480 f   sfc_debug:sfcdebug.obj
 0001:0001b520       sf_debug_try_loading_machine 000000018001c520 f   sfc_debug:sfcdebug.obj
 0001:0001b620       sf_debug_reset_current_state_configuration 000000018001c620 f   sfc_debug:sfcdebug.obj
 0001:0001b6b0       sf_debug_store_current_state_configuration 000000018001c6b0 f   sfc_debug:sfcdebug.obj
 0001:0001b740       sf_debug_restore_previous_state_configuration 000000018001c740 f   sfc_debug:sfcdebug.obj
 0001:0001b7d0       sf_debug_restore_previous_state_configuration2 000000018001c7d0 f   sfc_debug:sfcdebug.obj
 0001:0001b860       sf_debug_get_event_scope   000000018001c860 f   sfc_debug:sfcdebug.obj
 0001:0001b9d0       use_debugger_step_animation 000000018001c9d0 f   sfc_debug:sfcdebug.obj
 0001:0001b9f0       sf_debug_get_script_id     000000018001c9f0 f   sfc_debug:sfcdebug.obj
 0001:0001ba80       sf_debug_set_script_translation 000000018001ca80 f   sfc_debug:sfcdebug.obj
 0001:0001bc00       sf_debug_extract_message_post_receive_info 000000018001cc00 f   sfc_debug:sfcdebug.obj
 0001:0001bd00       sf_debug_get_current_machine_id 000000018001cd00 f   sfc_debug:sfcdebug.obj
 0001:0001bd20       sf_debug_get_current_optional_integer 000000018001cd20 f   sfc_debug:sfcdebug.obj
 0001:0001bd30       sf_debug_get_current_machine_number 000000018001cd30 f   sfc_debug:sfcdebug.obj
 0001:0001bd50       sf_debug_get_current_machine_name 000000018001cd50 f   sfc_debug:sfcdebug.obj
 0001:0001bd70       sf_debug_get_current_chart_id 000000018001cd70 f   sfc_debug:sfcdebug.obj
 0001:0001bdc0       sf_debug_get_current_chart_number 000000018001cdc0 f   sfc_debug:sfcdebug.obj
 0001:0001bdd0       sf_debug_get_current_instance_number 000000018001cdd0 f   sfc_debug:sfcdebug.obj
 0001:0001bde0       sf_debug_get_current_is_minor_time_step 000000018001cde0 f   sfc_debug:sfcdebug.obj
 0001:0001be60       sf_debug_get_current_object_type 000000018001ce60 f   sfc_debug:sfcdebug.obj
 0001:0001be70       sf_debug_get_current_instance_handle 000000018001ce70 f   sfc_debug:sfcdebug.obj
 0001:0001bed0       sf_debug_get_current_event_type 000000018001ced0 f   sfc_debug:sfcdebug.obj
 0001:0001bee0       sf_debug_get_current_object_id 000000018001cee0 f   sfc_debug:sfcdebug.obj
 0001:0001bf20       sf_debug_get_current_active_event_type 000000018001cf20 f   sfc_debug:sfcdebug.obj
 0001:0001bf30       sf_debug_get_current_active_event_id 000000018001cf30 f   sfc_debug:sfcdebug.obj
 0001:0001bf70       sf_debug_get_current_tag_type 000000018001cf70 f   sfc_debug:sfcdebug.obj
 0001:0001bf80       sf_debug_get_current_simulation_time 000000018001cf80 f   sfc_debug:sfcdebug.obj
 0001:0001bf90       sf_debug_get_current_coverage_percentage 000000018001cf90 f   sfc_debug:sfcdebug.obj
 0001:0001bfa0       sf_debug_current_statement_context 000000018001cfa0 f   sfc_debug:sfcdebug.obj
 0001:0001c030       sf_debug_get_current_statement_info 000000018001d030 f   sfc_debug:sfcdebug.obj
 0001:0001c1b0       sf_debug_terminate_instance 000000018001d1b0 f   sfc_debug:sfcdebug.obj
 0001:0001c4f0       sf_debug_assertion_failed  000000018001d4f0 f   sfc_debug:sfcdebug.obj
 0001:0001c750       sf_debug_set_number_of_data_with_change_event_for_machine 000000018001d750 f   sfc_debug:sfcdebug.obj
 0001:0001c790       sf_debug_set_machine_event_thresholds 000000018001d790 f   sfc_debug:sfcdebug.obj
 0001:0001c7b0       sf_debug_set_machine_event_scope 000000018001d7b0 f   sfc_debug:sfcdebug.obj
 0001:0001c7f0       sf_debug_set_machine_data_thresholds 000000018001d7f0 f   sfc_debug:sfcdebug.obj
 0001:0001c830       sf_debug_set_machine_data_scope 000000018001d830 f   sfc_debug:sfcdebug.obj
 0001:0001c8c0       sf_debug_set_machine_data_name 000000018001d8c0 f   sfc_debug:sfcdebug.obj
 0001:0001c960       sf_debug_set_machine_data_size 000000018001d960 f   sfc_debug:sfcdebug.obj
 0001:0001caa0       sf_debug_set_machine_data_type 000000018001daa0 f   sfc_debug:sfcdebug.obj
 0001:0001cc10       sf_debug_get_chart_data_number 000000018001dc10 f   sfc_debug:sfcdebug.obj
 0001:0001cc30       sf_debug_get_chart_event_number 000000018001dc30 f   sfc_debug:sfcdebug.obj
 0001:0001cc50       sf_debug_set_chart_state_info 000000018001dc50 f   sfc_debug:sfcdebug.obj
 0001:0001ccd0       sf_debug_set_chart_decomposition 000000018001dcd0 f   sfc_debug:sfcdebug.obj
 0001:0001cd40       sf_debug_set_chart_substate_count 000000018001dd40 f   sfc_debug:sfcdebug.obj
 0001:0001ce20       sf_debug_set_chart_substate_index 000000018001de20 f   sfc_debug:sfcdebug.obj
 0001:0001ce90       sf_debug_set_chart_state_substate_count 000000018001de90 f   sfc_debug:sfcdebug.obj
 0001:0001cfa0       sf_debug_set_chart_state_substate_index 000000018001dfa0 f   sfc_debug:sfcdebug.obj
 0001:0001d020       sf_debug_set_number_of_data_with_change_event_for_chart 000000018001e020 f   sfc_debug:sfcdebug.obj
 0001:0001d0a0       sf_debug_set_number_of_states_with_entry_event_for_chart 000000018001e0a0 f   sfc_debug:sfcdebug.obj
 0001:0001d110       sf_debug_set_number_of_states_with_exit_event_for_chart 000000018001e110 f   sfc_debug:sfcdebug.obj
 0001:0001d180       sf_debug_set_chart_disable_implicit_casting 000000018001e180 f   sfc_debug:sfcdebug.obj
 0001:0001d1f0       sf_debug_set_chart_event_thresholds 000000018001e1f0 f   sfc_debug:sfcdebug.obj
 0001:0001d260       sf_debug_set_chart_data_compiled_props 000000018001e260 f   sfc_debug:sfcdebug.obj
 0001:0001d5b0       sf_debug_set_chart_data_props 000000018001e5b0 f   sfc_debug:sfcdebug.obj
 0001:0001d8d0       sf_debug_check_fi_license  000000018001e8d0 f   sfc_debug:sfcdebug.obj
 0001:0001dac0       sf_debug_symbol_scope_push 000000018001eac0 f   sfc_debug:sfcdebug.obj
 0001:0001db00       sf_debug_symbol_scope_push_eml 000000018001eb00 f   sfc_debug:sfcdebug.obj
 0001:0001db50       sf_debug_symbol_scope_pop  000000018001eb50 f   sfc_debug:sfcdebug.obj
 0001:0001db90       sf_debug_symbol_scope_add_importable 000000018001eb90 f   sfc_debug:sfcdebug.obj
 0001:0001dc10       sf_debug_symbol_scope_add  000000018001ec10 f   sfc_debug:sfcdebug.obj
 0001:0001dc90       sf_debug_symbol_scope_add_dyn_importable 000000018001ec90 f   sfc_debug:sfcdebug.obj
 0001:0001dd50       sf_debug_symbol_scope_add_dyn 000000018001ed50 f   sfc_debug:sfcdebug.obj
 0001:0001dd80       sf_debug_symbol_scope_add_eml_importable 000000018001ed80 f   sfc_debug:sfcdebug.obj
 0001:0001ddc0       sf_debug_symbol_scope_add_eml 000000018001edc0 f   sfc_debug:sfcdebug.obj
 0001:0001de00       sf_debug_symbol_scope_add_eml_dyn_importable 000000018001ee00 f   sfc_debug:sfcdebug.obj
 0001:0001de70       sf_debug_symbol_scope_add_eml_dyn 000000018001ee70 f   sfc_debug:sfcdebug.obj
 0001:0001ded0       sf_debug_symbol_switch     000000018001eed0 f   sfc_debug:sfcdebug.obj
 0001:0001def0       sf_debug_symbol_scope_add_verbose 000000018001eef0 f   sfc_debug:sfcdebug.obj
 0001:0001dfc0       sf_debug_set_machine_data_value_ptr 000000018001efc0 f   sfc_debug:sfcdebug.obj
 0001:0001e000       sf_debug_set_instance_data_value_ptr 000000018001f000 f   sfc_debug:sfcdebug.obj
 0001:0001e0c0       sf_debug_unset_instance_data_value_ptr 000000018001f0c0 f   sfc_debug:sfcdebug.obj
 0001:0001e170       sf_debug_set_chart_event_scope 000000018001f170 f   sfc_debug:sfcdebug.obj
 0001:0001e1f0       sf_debug_set_chart_transition_coverage_maps 000000018001f1f0 f   sfc_debug:sfcdebug.obj
 0001:0001e300       sf_debug_set_chart_state_coverage_maps 000000018001f300 f   sfc_debug:sfcdebug.obj
 0001:0001e3e0       sf_debug_set_instance_transition_coverage_weights 000000018001f3e0 f   sfc_debug:sfcdebug.obj
 0001:0001e480       sf_debug_set_instance_state_coverage_weights 000000018001f480 f   sfc_debug:sfcdebug.obj
 0001:0001e6d0       sf_debug_unload_machine    000000018001f6d0 f   sfc_debug:sfcdebug.obj
 0001:0001e720       sf_debug_load_machine      000000018001f720 f   sfc_debug:sfcdebug.obj
 0001:0001e820       sf_debug_set_active_instance_in_data_dictionary 000000018001f820 f   sfc_debug:sfcdebug.obj
 0001:0001ea00       sf_debug_set_active_instance 000000018001fa00 f   sfc_debug:sfcdebug.obj
 0001:0001eb60       sf_debug_chart_visiblity_change 000000018001fb60 f   sfc_debug:sfcdebug.obj
 0001:0001ec60       sf_debug_select_chart      000000018001fc60 f   sfc_debug:sfcdebug.obj
 0001:0001edd0       sf_debug_set_instance_cv_ids 000000018001fdd0 f   sfc_debug:sfcdebug.obj
 0001:0001f0e0       sf_debug_select_charts     00000001800200e0 f   sfc_debug:sfcdebug.obj
 0001:0001f270       sf_debug_initialized       0000000180020270 f   sfc_debug:sfcdebug.obj
 0001:0001f280       sf_debug_is_uninterruptible 0000000180020280 f   sfc_debug:sfcdebug.obj
 0001:0001f2b0       sf_debug_initialize_debugger_gui 00000001800202b0 f   sfc_debug:sfcdebug.obj
 0001:0001f6a0       sf_debug_resume            00000001800206a0 f   sfc_debug:sfcdebug.obj
 0001:0001f6c0       sf_debug_go                00000001800206c0 f   sfc_debug:sfcdebug.obj
 0001:0001f6d0       sf_debug_break             00000001800206d0 f   sfc_debug:sfcdebug.obj
 0001:0001f6e0       sf_debug_step_over         00000001800206e0 f   sfc_debug:sfcdebug.obj
 0001:0001f6f0       sf_debug_step_out          00000001800206f0 f   sfc_debug:sfcdebug.obj
 0001:0001f700       sf_debug_set_disable_all_breakpoints 0000000180020700 f   sfc_debug:sfcdebug.obj
 0001:0001f710       sf_debug_disable_all_breakpoints_and_go 0000000180020710 f   sfc_debug:sfcdebug.obj
 0001:0001f720       sf_debug_break_on_chart_entry 0000000180020720 f   sfc_debug:sfcdebug.obj
 0001:0001f730       sf_debug_break_on_event_broadcast 0000000180020730 f   sfc_debug:sfcdebug.obj
 0001:0001f740       sf_debug_break_on_state_entry 0000000180020740 f   sfc_debug:sfcdebug.obj
 0001:0001f750       sf_debug_break_between_times 0000000180020750 f   sfc_debug:sfcdebug.obj
 0001:0001f770       sf_debug_browse_data       0000000180020770 f   sfc_debug:sfcdebug.obj
 0001:0001f790       sf_debug_watch_data        0000000180020790 f   sfc_debug:sfcdebug.obj
 0001:0001f7b0       sf_debug_assign_data       00000001800207b0 f   sfc_debug:sfcdebug.obj
 0001:0001f7d0       sf_debug_whos              00000001800207d0 f   sfc_debug:sfcdebug.obj
 0001:0001f7f0       sf_debug_get_consistency_info 00000001800207f0 f   sfc_debug:sfcdebug.obj
 0001:0001f800       sf_debug_browse_trace      0000000180020800 f   sfc_debug:sfcdebug.obj
 0001:0001f810       sf_debug_set_breakpoints   0000000180020810 f   sfc_debug:sfcdebug.obj
 0001:0001f970       sf_debug_set_eml_breakpoints 0000000180020970 f   sfc_debug:sfcdebug.obj
 0001:0001fad0       sf_debug_set_script_breakpoints 0000000180020ad0 f   sfc_debug:sfcdebug.obj
 0001:0001fb50       sf_debug_add_script_breakpoints 0000000180020b50 f   sfc_debug:sfcdebug.obj
 0001:0001fbc0       sf_debug_clear_script_breakpoints 0000000180020bc0 f   sfc_debug:sfcdebug.obj
 0001:0001fc30       sf_debug_query_script_breakpoints 0000000180020c30 f   sfc_debug:sfcdebug.obj
 0001:0001fcf0       sf_debug_get_eml_script_id 0000000180020cf0 f   sfc_debug:sfcdebug.obj
 0001:0001fd40       sf_debug_set_watch         0000000180020d40 f   sfc_debug:sfcdebug.obj
 0001:0001ff70       sf_debug_get_instance_handle 0000000180020f70 f   sfc_debug:sfcdebug.obj
 0001:00020000       sf_debug_get_active_states 0000000180021000 f   sfc_debug:sfcdebug.obj
 0001:00020010       sf_debug_get_animation     0000000180021010 f   sfc_debug:sfcdebug.obj
 0001:00020020       sf_debug_set_animation     0000000180021020 f   sfc_debug:sfcdebug.obj
 0001:00020030       sf_debug_animate           0000000180021030 f   sfc_debug:sfcdebug.obj
 0001:00020060       sf_debug_cycle_detection_check 0000000180021060 f   sfc_debug:sfcdebug.obj
 0001:00020070       sf_debug_data_range_check  0000000180021070 f   sfc_debug:sfcdebug.obj
 0001:00020080       sf_debug_transition_conflict_check 0000000180021080 f   sfc_debug:sfcdebug.obj
 0001:00020090       sf_debug_state_consistency_check 0000000180021090 f   sfc_debug:sfcdebug.obj
 0001:000200a0       sf_debug_data_range_check_enabled 00000001800210a0 f   sfc_debug:sfcdebug.obj
 0001:000200c0       sf_debug_transition_conflict_check_enabled 00000001800210c0 f   sfc_debug:sfcdebug.obj
 0001:000200e0       sf_debug_transition_conflict_check_begin 00000001800210e0 f   sfc_debug:sfcdebug.obj
 0001:00020100       sf_debug_transition_conflict_check_end 0000000180021100 f   sfc_debug:sfcdebug.obj
 0001:00020120       sf_debug_stop_debugging    0000000180021120 f   sfc_debug:sfcdebug.obj
 0001:00020150       sf_debug_is_cycle_detected 0000000180021150 f   sfc_debug:sfcdebug.obj
 0001:00020160       sf_debug_is_array_bounds_detected 0000000180021160 f   sfc_debug:sfcdebug.obj
 0001:00020170       sf_debug_get_state_vectors_data_size 0000000180021170 f   sfc_debug:sfcdebug.obj
 0001:000201b0       sf_debug_get_state_vectors_data 00000001800211b0 f   sfc_debug:sfcdebug.obj
 0001:000202b0       sf_debug_set_state_vectors_data 00000001800212b0 f   sfc_debug:sfcdebug.obj
 0001:00020570       sf_debug_get_script_index  0000000180021570 f   sfc_debug:sfcdebug.obj
 0001:00020700       sf_debug_add_script        0000000180021700 f   sfc_debug:sfcdebug.obj
 0001:00020890       cv_eval_point              0000000180021890 f   sfc_debug:sfcdebug.obj
 0001:00020a00       cv_eval_testobjective      0000000180021a00 f   sfc_debug:sfcdebug.obj
 0001:00020b20       sf_debug_cv_init_state     0000000180021b20 f   sfc_debug:sfcdebug.obj
 0001:00020c40       sf_debug_cv_init_chart     0000000180021c40 f   sfc_debug:sfcdebug.obj
 0001:00020d20       sf_debug_cv_init_trans     0000000180021d20 f   sfc_debug:sfcdebug.obj
 0001:00020e20       sf_debug_cv_init_testobjectives 0000000180021e20 f   sfc_debug:sfcdebug.obj
 0001:00021000       cv_eml_init_script         0000000180022000 f   sfc_debug:sfcdebug.obj
 0001:00021110       cv_eml_init_fcn            0000000180022110 f   sfc_debug:sfcdebug.obj
 0001:000211c0       cv_eml_init_testobjective  00000001800221c0 f   sfc_debug:sfcdebug.obj
 0001:00021290       cv_eml_init_saturation     0000000180022290 f   sfc_debug:sfcdebug.obj
 0001:00021350       cv_eml_init_if             0000000180022350 f   sfc_debug:sfcdebug.obj
 0001:00021420       cv_eml_init_for            0000000180022420 f   sfc_debug:sfcdebug.obj
 0001:000214e0       cv_eml_init_while          00000001800224e0 f   sfc_debug:sfcdebug.obj
 0001:000215a0       cv_eml_init_mcdc           00000001800225a0 f   sfc_debug:sfcdebug.obj
 0001:000216b0       cv_eml_init_switch         00000001800226b0 f   sfc_debug:sfcdebug.obj
 0001:000217a0       cv_eml_eval                00000001800227a0 f   sfc_debug:sfcdebug.obj
 0001:00021880       sf_debug_bm_is_a_eml_breakpoint 0000000180022880 f   sfc_debug:sfcdebug.obj
 0001:000219d0       sf_debug_temporal_threshold 00000001800229d0 f   sfc_debug:sfcdebug.obj
 0001:00021d30       sf_debug_transition_conflict_error 0000000180022d30 f   sfc_debug:sfcdebug.obj
 0001:000220b0       sf_debug_state_inconsistency_error 00000001800230b0 f   sfc_debug:sfcdebug.obj
 0001:000221d0       sf_debug_check_for_state_inconsistency 00000001800231d0 f   sfc_debug:sfcdebug.obj
 0001:00022200       sf_debug_cycle_detecton_error 0000000180023200 f   sfc_debug:sfcdebug.obj
 0001:000229d0       sf_debug_size_eq_check_1d  00000001800239d0 f   sfc_debug:sfcdebug.obj
 0001:000229f0       sf_debug_size_eq_check_nd  00000001800239f0 f   sfc_debug:sfcdebug.obj
 0001:00022bd0       sf_debug_dim_size_eq_check 0000000180023bd0 f   sfc_debug:sfcdebug.obj
 0001:00022c00       sf_debug_dim_size_geq_check 0000000180023c00 f   sfc_debug:sfcdebug.obj
 0001:00022c30       sf_debug_sub_assign_size_check_nd 0000000180023c30 f   sfc_debug:sfcdebug.obj
 0001:00022e70       sf_debug_matrix_matrix_index_check 0000000180023e70 f   sfc_debug:sfcdebug.obj
 0001:00022ea0       sf_debug_vector_vector_index_check 0000000180023ea0 f   sfc_debug:sfcdebug.obj
 0001:00022ed0       sf_debug_for_loop_vector_check 0000000180023ed0 f   sfc_debug:sfcdebug.obj
 0001:00022f60       sf_debug_runtime_error_msgid 0000000180023f60 f   sfc_debug:sfcdebug.obj
 0001:00022ff0       sf_debug_data_array_bounds_error_check 0000000180023ff0 f   sfc_debug:sfcdebug.obj
 0001:00023100       sf_debug_eml_data_array_bounds_error_check 0000000180024100 f   sfc_debug:sfcdebug.obj
 0001:000235e0       sf_debug_integer_check     00000001800245e0 f   sfc_debug:sfcdebug.obj
 0001:000236c0       sf_debug_not_nan_check     00000001800246c0 f   sfc_debug:sfcdebug.obj
 0001:00023780       sf_debug_non_negative_check 0000000180024780 f   sfc_debug:sfcdebug.obj
 0001:00023840       sf_debug_overflow_detection 0000000180024840 f   sfc_debug:sfcdebug.obj
 0001:00023f30       sf_debug_cast_to_real32_T  0000000180024f30 f   sfc_debug:sfcdebug.obj
 0001:00023ff0       sf_debug_cast_to_int8_T    0000000180024ff0 f   sfc_debug:sfcdebug.obj
 0001:000240b0       sf_debug_cast_to_uint8_T   00000001800250b0 f   sfc_debug:sfcdebug.obj
 0001:00024170       sf_debug_cast_to_int16_T   0000000180025170 f   sfc_debug:sfcdebug.obj
 0001:00024230       sf_debug_cast_to_uint16_T  0000000180025230 f   sfc_debug:sfcdebug.obj
 0001:000242f0       sf_debug_cast_to_int32_T   00000001800252f0 f   sfc_debug:sfcdebug.obj
 0001:000243b0       sf_debug_cast_to_uint32_T  00000001800253b0 f   sfc_debug:sfcdebug.obj
 0001:00024470       sf_debug_data_range_error  0000000180025470 f   sfc_debug:sfcdebug.obj
 0001:000247c0       sf_debug_read_before_write_check 00000001800257c0 f   sfc_debug:sfcdebug.obj
 0001:00024c20       sf_debug_data_range_error_wrapper_min_max 0000000180025c20 f   sfc_debug:sfcdebug.obj
 0001:00024d10       sf_debug_data_range_error_wrapper_min 0000000180025d10 f   sfc_debug:sfcdebug.obj
 0001:00024df0       sf_debug_data_range_error_wrapper_max 0000000180025df0 f   sfc_debug:sfcdebug.obj
 0001:00024ed0       sf_debug_data_range_wrapper 0000000180025ed0 f   sfc_debug:sfcdebug.obj
 0001:00024f80       sf_debug_set_current_status_info 0000000180025f80 f   sfc_debug:sfcdebug.obj
 0001:00025330       sf_debug_register_message_post_receive_info 0000000180026330 f   sfc_debug:sfcdebug.obj
 0001:000255a0       sf_debug_call              00000001800265a0 f   sfc_debug:sfcdebug.obj
 0001:00026200       sf_debug_initialize_machine 0000000180027200 f   sfc_debug:sfcdebug.obj
 0001:00026510       sf_debug_initialize_chart  0000000180027510 f   sfc_debug:sfcdebug.obj
 0001:00026960       sf_debug_ensure_script     0000000180027960 f   sfc_debug:sfcdebug.obj
 0001:00026a20       cv_script_init_script      0000000180027a20 f   sfc_debug:sfcdebug.obj
 0001:00026b10       cv_script_init_fcn         0000000180027b10 f   sfc_debug:sfcdebug.obj
 0001:00026bc0       cv_script_init_testobjective 0000000180027bc0 f   sfc_debug:sfcdebug.obj
 0001:00026c70       cv_script_init_if          0000000180027c70 f   sfc_debug:sfcdebug.obj
 0001:00026d20       cv_script_init_for         0000000180027d20 f   sfc_debug:sfcdebug.obj
 0001:00026dd0       cv_script_init_while       0000000180027dd0 f   sfc_debug:sfcdebug.obj
 0001:00026e80       cv_script_init_mcdc        0000000180027e80 f   sfc_debug:sfcdebug.obj
 0001:00026f80       cv_script_init_switch      0000000180027f80 f   sfc_debug:sfcdebug.obj
 0001:00027060       cv_script_eval             0000000180028060 f   sfc_debug:sfcdebug.obj
 0001:00027140       eml_debug_line_call        0000000180028140 f   sfc_debug:sfcdebug.obj
 0001:000272f0       sf_debug_terminate         00000001800282f0 f   sfc_debug:sfcdebug.obj
 0001:00027460       sf_debug_set_script_cv_ids 0000000180028460 f   sfc_debug:sfcdebug.obj
 0001:00027590       sf_debug_api               0000000180028590 f   sfc_debug:sfc_api.obj
 0001:00028c40       sf_debug_sm_terminate      0000000180029c40 f   sfc_debug:sfdb_animation.obj
 0001:00028e00       sf_debug_reset_path_objects 0000000180029e00 f   sfc_debug:sfdb_animation.obj
 0001:00028e80       sf_debug_sm_reset_object_selection_status 0000000180029e80 f   sfc_debug:sfdb_animation.obj
 0001:00028f20       sf_debug_sm_reset_state_buffer 0000000180029f20 f   sfc_debug:sfdb_animation.obj
 0001:00028ff0       sf_debug_sm_store_state_buffer 0000000180029ff0 f   sfc_debug:sfdb_animation.obj
 0001:00029070       sf_debug_sm_restore_state_buffer1 000000018002a070 f   sfc_debug:sfdb_animation.obj
 0001:000290e0       sf_debug_sm_restore_state_buffer2 000000018002a0e0 f   sfc_debug:sfdb_animation.obj
 0001:00029150       sf_debug_sm_chart_active   000000018002a150 f   sfc_debug:sfdb_animation.obj
 0001:000291a0       sf_debug_sm_select_active_objects 000000018002a1a0 f   sfc_debug:sfdb_animation.obj
 0001:00029690       sf_debug_sm_is_chart_active 000000018002a690 f   sfc_debug:sfdb_animation.obj
 0001:000296d0       sf_debug_sm_is_state_active 000000018002a6d0 f   sfc_debug:sfdb_animation.obj
 0001:00029910       sf_debug_sm_get_active_states 000000018002a910 f   sfc_debug:sfdb_animation.obj
 0001:00029ed0       sf_debug_sm_initialize_instance 000000018002aed0 f   sfc_debug:sfdb_animation.obj
 0001:0002a0f0       sf_debug_sm_change_object_selection_status 000000018002b0f0 f   sfc_debug:sfdb_animation.obj
 0001:0002a400       cv_create_interface        000000018002b400 f   sfc_debug:cv_sfinterface.obj
 0001:0002a760       cv_init_trans              000000018002b760 f   sfc_debug:cv_sfinterface.obj
 0001:0002a7b0       cv_init_testobjective      000000018002b7b0 f   sfc_debug:cv_sfinterface.obj
 0001:0002a7f0       cv_init_state              000000018002b7f0 f   sfc_debug:cv_sfinterface.obj
 0001:0002a860       cv_init_chart              000000018002b860 f   sfc_debug:cv_sfinterface.obj
 0001:0002a8b0       cv_dec_update_call         000000018002b8b0 f   sfc_debug:cv_sfinterface.obj
 0001:0002a8f0       cv_cond_update_call        000000018002b8f0 f   sfc_debug:cv_sfinterface.obj
 0001:0002a930       cv_testobjective_update_call 000000018002b930 f   sfc_debug:cv_sfinterface.obj
 0001:0002a970       cv_sigrange_update         000000018002b970 f   sfc_debug:cv_sfinterface.obj
 0001:0002a9b0       cvsf_eml_eval              000000018002b9b0 f   sfc_debug:cv_sfinterface.obj
 0001:0002aaa0       cvsf_eml_init_script       000000018002baa0 f   sfc_debug:cv_sfinterface.obj
 0001:0002ab30       cvsf_eml_init_fcn          000000018002bb30 f   sfc_debug:cv_sfinterface.obj
 0001:0002ab90       cvsf_eml_init_testobjective 000000018002bb90 f   sfc_debug:cv_sfinterface.obj
 0001:0002abf0       cvsf_eml_init_saturation   000000018002bbf0 f   sfc_debug:cv_sfinterface.obj
 0001:0002ac40       cvsf_eml_init_if           000000018002bc40 f   sfc_debug:cv_sfinterface.obj
 0001:0002aca0       cvsf_eml_init_for          000000018002bca0 f   sfc_debug:cv_sfinterface.obj
 0001:0002acf0       cvsf_eml_init_while        000000018002bcf0 f   sfc_debug:cv_sfinterface.obj
 0001:0002ad40       cvsf_eml_init_mcdc         000000018002bd40 f   sfc_debug:cv_sfinterface.obj
 0001:0002add0       cvsf_eml_init_switch       000000018002bdd0 f   sfc_debug:cv_sfinterface.obj
 0001:0002ae40       cvsf_script_eval           000000018002be40 f   sfc_debug:cv_sfinterface.obj
 0001:0002af30       cvsf_script_init_script    000000018002bf30 f   sfc_debug:cv_sfinterface.obj
 0001:0002afc0       cvsf_script_init_fcn       000000018002bfc0 f   sfc_debug:cv_sfinterface.obj
 0001:0002b020       cvsf_script_init_testobjective 000000018002c020 f   sfc_debug:cv_sfinterface.obj
 0001:0002b080       cvsf_script_init_saturation 000000018002c080 f   sfc_debug:cv_sfinterface.obj
 0001:0002b0d0       cvsf_script_init_if        000000018002c0d0 f   sfc_debug:cv_sfinterface.obj
 0001:0002b130       cvsf_script_init_for       000000018002c130 f   sfc_debug:cv_sfinterface.obj
 0001:0002b180       cvsf_script_init_while     000000018002c180 f   sfc_debug:cv_sfinterface.obj
 0001:0002b1d0       cvsf_script_init_mcdc      000000018002c1d0 f   sfc_debug:cv_sfinterface.obj
 0001:0002b260       cvsf_script_init_switch    000000018002c260 f   sfc_debug:cv_sfinterface.obj
 0001:0002b2d0       cv_destroy_interface       000000018002c2d0 f   sfc_debug:cv_sfinterface.obj
 0001:0002b2f0       cv_create_instance_objects 000000018002c2f0 f   sfc_debug:cv_sfinterface.obj
 0001:0002b7a0       cv_is_enabled              000000018002c7a0 f   sfc_debug:cv_sfinterface.obj
 0001:0002b7b0       sf_debug_cv_initialize_script 000000018002c7b0 f   sfc_debug:cv_sfinterface.obj
 0001:0002b960       sf_debug_cv_initialize_instance 000000018002c960 f   sfc_debug:cv_sfinterface.obj
 0001:0002bd00       sf_debug_cv_terminate_chart 000000018002cd00 f   sfc_debug:cv_sfinterface.obj
 0001:0002be40       cv_call_trans_test         000000018002ce40 f   sfc_debug:cv_sfinterface.obj
 0001:0002be50       cv_call_sub_cond_test      000000018002ce50 f   sfc_debug:cv_sfinterface.obj
 0001:0002be90       sf_debug_st_initialize_machine 000000018002ce90 f   sfc_debug:sfdb_data_browse.obj
 0001:0002bf50       sf_debug_st_initialize_instance 000000018002cf50 f   sfc_debug:sfdb_data_browse.obj
 0001:0002c180       sf_debug_st_terminate      000000018002d180 f   sfc_debug:sfdb_data_browse.obj
 0001:0002c520       sf_debug_st_set_data_value_ptr_in_machine 000000018002d520 f   sfc_debug:sfdb_data_browse.obj
 0001:0002c5b0       sf_debug_st_set_data_value_ptr_in_instance 000000018002d5b0 f   sfc_debug:sfdb_data_browse.obj
 0001:0002c690       sf_debug_st_unset_data_value_ptr_in_machine 000000018002d690 f   sfc_debug:sfdb_data_browse.obj
 0001:0002c700       sf_debug_st_unset_data_value_ptr_in_instance 000000018002d700 f   sfc_debug:sfdb_data_browse.obj
 0001:0002ca10       sf_debug_mx_value          000000018002da10 f   sfc_debug:sfdb_data_browse.obj
 0001:0002ca70       sf_debug_mx_packed_vector  000000018002da70 f   sfc_debug:sfdb_data_browse.obj
 0001:0002cb50       sf_debug_mx_uint_vector    000000018002db50 f   sfc_debug:sfdb_data_browse.obj
 0001:0002cc10       sf_debug_st_get_double_value_from_void_ptr_vector 000000018002dc10 f   sfc_debug:sfdb_data_browse.obj
 0001:0002d700       sf_debug_st_browse_data    000000018002e700 f   sfc_debug:sfdb_data_browse.obj
 0001:0002df90       sf_debug_hm_initialize_instance 000000018002ef90 f   sfc_debug:sfdb_handle_management.obj
 0001:0002e4c0       sf_debug_hm_get_object_id  000000018002f4c0 f   sfc_debug:sfdb_handle_management.obj
 0001:0002f070       sf_debug_hm_update_chart_visibility 0000000180030070 f   sfc_debug:sfdb_handle_management.obj
 0001:00030350       sf_debug_object_is_eml_function 0000000180031350 f   sfc_debug:sfdb_handle_management.obj
 0001:000303c0       sf_debug_hm_initialize_ids_in_machine 00000001800313c0 f   sfc_debug:sfdb_handle_management.obj
 0001:00030530       sf_debug_hm_initialize_ids_in_chart 0000000180031530 f   sfc_debug:sfdb_handle_management.obj
 0001:00030630       sf_debug_hm_initialize_chart 0000000180031630 f   sfc_debug:sfdb_handle_management.obj
 0001:00030dd0       sf_debug_hm_terminate      0000000180031dd0 f   sfc_debug:sfdb_handle_management.obj
 0001:00030e30       sf_debug_hm_initialize_machine 0000000180031e30 f   sfc_debug:sfdb_handle_management.obj
 0001:000315e0       sf_debug_ss_initialize     00000001800325e0 f   sfc_debug:sfdb_symbol_scope.obj
 0001:00031600       sf_debug_ss_terminate      0000000180032600 f   sfc_debug:sfdb_symbol_scope.obj
 0001:00031690       sf_debug_ss_push_symbol_scope 0000000180032690 f   sfc_debug:sfdb_symbol_scope.obj
 0001:00031790       sf_debug_ss_push_symbol_scope_eml 0000000180032790 f   sfc_debug:sfdb_symbol_scope.obj
 0001:000317f0       sf_debug_ss_pop_symbol_scope 00000001800327f0 f   sfc_debug:sfdb_symbol_scope.obj
 0001:000318a0       sf_debug_ss_add_symbol     00000001800328a0 f   sfc_debug:sfdb_symbol_scope.obj
 0001:00031a00       sf_debug_ss_add_symbol_eml 0000000180032a00 f   sfc_debug:sfdb_symbol_scope.obj
 0001:00032720       sf_debug_ss_set_data_value 0000000180033720 f   sfc_debug:sfdb_symbol_scope.obj
 0001:00032bf0       getInstanceNumber          0000000180033bf0 f   sfc_debug:sfdb_symbol_scope.obj
 0001:00032cc0       sf_debug_ss_watch_data     0000000180033cc0 f   sfc_debug:sfdb_symbol_scope.obj
 0001:00032e60       sf_debug_ss_assign_data    0000000180033e60 f   sfc_debug:sfdb_symbol_scope.obj
 0001:00033880       get_data_entry_name        0000000180034880 f   sfc_debug:sfdb_symbol_scope.obj
 0001:000338d0       sf_debug_ss_whos           00000001800348d0 f   sfc_debug:sfdb_symbol_scope.obj
 0001:00033ff0       sf_debug_cc_initialize_chart 0000000180034ff0 f   sfc_debug:sfdb_coverage.obj
 0001:000349e0       sf_debug_cc_initialize_instance 00000001800359e0 f   sfc_debug:sfdb_coverage.obj
 0001:000357f0       sf_debug_cc_terminate      00000001800367f0 f   sfc_debug:sfdb_coverage.obj
 0001:000358e0       sf_debug_cc_set_transition_maps 00000001800368e0 f   sfc_debug:sfdb_coverage.obj
 0001:00035a10       sf_debug_cc_set_state_maps 0000000180036a10 f   sfc_debug:sfdb_coverage.obj
 0001:00035af0       sf_debug_cc_set_transition_weights 0000000180036af0 f   sfc_debug:sfdb_coverage.obj
 0001:00035dc0       sf_debug_cc_set_state_weights 0000000180036dc0 f   sfc_debug:sfdb_coverage.obj
 0001:00036090       sf_debug_cc_mark_transition_guard 0000000180037090 f   sfc_debug:sfdb_coverage.obj
 0001:00036120       sf_debug_cc_mark_transition_trigger 0000000180037120 f   sfc_debug:sfdb_coverage.obj
 0001:000361b0       sf_debug_cc_mark_transition_decision 00000001800371b0 f   sfc_debug:sfdb_coverage.obj
 0001:00036220       sf_debug_cc_mark_transition_condition_action 0000000180037220 f   sfc_debug:sfdb_coverage.obj
 0001:00036270       sf_debug_cc_mark_transition_transition_action 0000000180037270 f   sfc_debug:sfdb_coverage.obj
 0001:000362c0       sf_debug_cc_mark_state_entry 00000001800372c0 f   sfc_debug:sfdb_coverage.obj
 0001:00036310       sf_debug_cc_mark_state_during 0000000180037310 f   sfc_debug:sfdb_coverage.obj
 0001:00036360       sf_debug_cc_mark_state_exit 0000000180037360 f   sfc_debug:sfdb_coverage.obj
 0001:000363b0       sf_debug_bm_clear_script_breakpoints 00000001800373b0 f   sfc_debug:sfdb_breakpoints.obj
 0001:000363e0       sf_debug_bm_set_script_breakpoint 00000001800373e0 f   sfc_debug:sfdb_breakpoints.obj
 0001:00036460       sf_debug_bm_clear_single_script_breakpoint 0000000180037460 f   sfc_debug:sfdb_breakpoints.obj
 0001:000364e0       sf_debug_bm_query_script_breakpoint 00000001800374e0 f   sfc_debug:sfdb_breakpoints.obj
 0001:00036530       sf_debug_bm_initialize_scripts 0000000180037530 f   sfc_debug:sfdb_breakpoints.obj
 0001:00036c50       sf_debug_bm_terminate      0000000180037c50 f   sfc_debug:sfdb_breakpoints.obj
 0001:00036f40       sf_debug_bm_remove_all_breakpoints_in_machine 0000000180037f40 f   sfc_debug:sfdb_breakpoints.obj
 0001:00036fb0       sf_debug_bm_remove_all_breakpoints_in_chart 0000000180037fb0 f   sfc_debug:sfdb_breakpoints.obj
 0001:00037100       sf_debug_bm_initialize_global_breakpoints 0000000180038100 f   sfc_debug:sfdb_breakpoints.obj
 0001:00037280       sf_debug_bm_set_breakpoint 0000000180038280 f   sfc_debug:sfdb_breakpoints.obj
 0001:00037880       sf_debug_bm_set_eml_breakpoint 0000000180038880 f   sfc_debug:sfdb_breakpoints.obj
 0001:00037920       sf_debug_bm_initialize_machine_breakpoint_map 0000000180038920 f   sfc_debug:sfdb_breakpoints.obj
 0001:00037d40       sf_debug_bm_is_a_breakpoint 0000000180038d40 f   sfc_debug:sfdb_breakpoints.obj
 0001:00038320       sf_debug_bm_get_all_breakpoints_in_machine 0000000180039320 f   sfc_debug:sfdb_breakpoints.obj
 0001:00038620       sf_debug_bm_get_all_breakpoints_in_chart 0000000180039620 f   sfc_debug:sfdb_breakpoints.obj
 0001:000392e0       sf_debug_bm_initialize_machine 000000018003a2e0 f   sfc_debug:sfdb_breakpoints.obj
 0001:000393b0       sf_debug_bm_initialize_chart 000000018003a3b0 f   sfc_debug:sfdb_breakpoints.obj
 0001:000397d0       sf_debug_sc_terminate      000000018003a7d0 f   sfc_debug:sfdb_state_consistency.obj
 0001:00039b00       sf_debug_sc_is_chart_consistent 000000018003ab00 f   sfc_debug:sfdb_state_consistency.obj
 0001:00039db0       sf_debug_sc_get_consistency_error_info 000000018003adb0 f   sfc_debug:sfdb_state_consistency.obj
 0001:0003a200       sf_debug_tm_terminate      000000018003b200 f   sfc_debug:sfdb_call_stack.obj
 0001:0003a2c0       sf_debug_tm_push_chart_instance 000000018003b2c0 f   sfc_debug:sfdb_call_stack.obj
 0001:0003a410       sf_debug_tm_pop_chart_instance 000000018003b410 f   sfc_debug:sfdb_call_stack.obj
 0001:0003a470       sf_debug_tm_push_trace_node 000000018003b470 f   sfc_debug:sfdb_call_stack.obj
 0001:0003a600       sf_debug_tm_pop_trace_node 000000018003b600 f   sfc_debug:sfdb_call_stack.obj
 0001:0003a680       sf_debug_tm_get_current_global_trace_index 000000018003b680 f   sfc_debug:sfdb_call_stack.obj
 0001:0003a690       sf_debug_tm_get_current_local_trace_index 000000018003b690 f   sfc_debug:sfdb_call_stack.obj
 0001:0003a6c0       sf_debug_tm_set_cycle_detected_flag 000000018003b6c0 f   sfc_debug:sfdb_call_stack.obj
 0001:0003a700       sf_debug_tm_set_cycle_started_flag 000000018003b700 f   sfc_debug:sfdb_call_stack.obj
 0001:0003a740       sf_debug_tm_get_chart_number_from_stack 000000018003b740 f   sfc_debug:sfdb_call_stack.obj
 0001:0003a940       sf_debug_tm_browse_trace   000000018003b940 f   sfc_debug:sfdb_call_stack.obj
 0001:0003ac80       sf_debug_cd_initialize_instance 000000018003bc80 f   sfc_debug:sfdb_cycle_detection.obj
 0001:0003af30       sf_debug_cd_mark_processed_transition_in_instance 000000018003bf30 f   sfc_debug:sfdb_cycle_detection.obj
 0001:0003afd0       sf_debug_cd_checksum_push  000000018003bfd0 f   sfc_debug:sfdb_cycle_detection.obj
 0001:0003b290       sf_debug_cd_checksum_pop   000000018003c290 f   sfc_debug:sfdb_cycle_detection.obj
 0001:0003b300       sf_debug_cd_turn_off_cycle_detection 000000018003c300 f   sfc_debug:sfdb_cycle_detection.obj
 0001:0003b350       sf_debug_cd_terminate      000000018003c350 f   sfc_debug:sfdb_cycle_detection.obj
 0001:0003b590       md5_initialize_state       000000018003c590 f   sfc_debug:ckmd5.obj
 0001:0003c000       md5_update_state           000000018003d000 f   sfc_debug:ckmd5.obj
 0001:0003c020       md5_get_hash               000000018003d020 f   sfc_debug:ckmd5.obj
 0001:0003c050       md5_get_hash_for_a_single_string 000000018003d050 f   sfc_debug:ckmd5.obj
 0001:0003c0b4       mxGetPr                    000000018003d0b4 f   libmx:libmx.dll
 0001:0003c0ba       mxCreateDoubleScalar       000000018003d0ba f   libmx:libmx.dll
 0001:0003c0c0       mxCreateDoubleMatrix_730   000000018003d0c0 f   libmx:libmx.dll
 0001:0003c0c6       mxSetField_730             000000018003d0c6 f   libmx:libmx.dll
 0001:0003c0cc       mxCreateString             000000018003d0cc f   libmx:libmx.dll
 0001:0003c0d2       mxCreateStructMatrix_730   000000018003d0d2 f   libmx:libmx.dll
 0001:0003c0d8       mxDestroyArray             000000018003d0d8 f   libmx:libmx.dll
 0001:0003c0de       mxDuplicateArray           000000018003d0de f   libmx:libmx.dll
 0001:0003c0e4       mxGetString_730            000000018003d0e4 f   libmx:libmx.dll
 0001:0003c0ea       mxIsChar                   000000018003d0ea f   libmx:libmx.dll
 0001:0003c0f0       mxGetClassID               000000018003d0f0 f   libmx:libmx.dll
 0001:0003c0f6       mxIsNumeric                000000018003d0f6 f   libmx:libmx.dll
 0001:0003c0fc       mxIsComplex                000000018003d0fc f   libmx:libmx.dll
 0001:0003c102       mxGetN                     000000018003d102 f   libmx:libmx.dll
 0001:0003c108       mxGetM                     000000018003d108 f   libmx:libmx.dll
 0001:0003c10e       mxCalloc                   000000018003d10e f   libmx:libmx.dll
 0001:0003c114       mxGetScalar                000000018003d114 f   libmx:libmx.dll
 0001:0003c11a       mxIsLogical                000000018003d11a f   libmx:libmx.dll
 0001:0003c120       mxCreateDoubleMatrix_700   000000018003d120 f   libmx:libmx.dll
 0001:0003c126       mxFree                     000000018003d126 f   libmx:libmx.dll
 0001:0003c12c       mxArrayToString            000000018003d12c f   libmx:libmx.dll
 0001:0003c132       mxCreateCellMatrix_700     000000018003d132 f   libmx:libmx.dll
 0001:0003c138       mxSetCell_700              000000018003d138 f   libmx:libmx.dll
 0001:0003c13e       mxGetCell_700              000000018003d13e f   libmx:libmx.dll
 0001:0003c144       mxGetClassName             000000018003d144 f   libmx:libmx.dll
 0001:0003c14a       mxSetField_700             000000018003d14a f   libmx:libmx.dll
 0001:0003c150       mxAddField                 000000018003d150 f   libmx:libmx.dll
 0001:0003c156       mxGetField_700             000000018003d156 f   libmx:libmx.dll
 0001:0003c15c       mxGetNumberOfElements      000000018003d15c f   libmx:libmx.dll
 0001:0003c162       mxIsStruct                 000000018003d162 f   libmx:libmx.dll
 0001:0003c168       mxIsA                      000000018003d168 f   libmx:libmx.dll
 0001:0003c16e       mxIsClass                  000000018003d16e f   libmx:libmx.dll
 0001:0003c174       mxGetLogicals              000000018003d174 f   libmx:libmx.dll
 0001:0003c17a       mxIsSparse                 000000018003d17a f   libmx:libmx.dll
 0001:0003c180       mxSetFieldByNumber_700     000000018003d180 f   libmx:libmx.dll
 0001:0003c186       mxGetFieldByNumber_700     000000018003d186 f   libmx:libmx.dll
 0001:0003c18c       mxGetFieldNameByNumber     000000018003d18c f   libmx:libmx.dll
 0001:0003c192       mxGetNumberOfFields        000000018003d192 f   libmx:libmx.dll
 0001:0003c198       mxCreateStructMatrix_700   000000018003d198 f   libmx:libmx.dll
 0001:0003c19e       mxGetFieldNumber           000000018003d19e f   libmx:libmx.dll
 0001:0003c1a4       mxIsNaN                    000000018003d1a4 f   libmx:libmx.dll
 0001:0003c1aa       mxIsEmpty                  000000018003d1aa f   libmx:libmx.dll
 0001:0003c1b0       mxGetData                  000000018003d1b0 f   libmx:libmx.dll
 0001:0003c1b6       mxGetImagData              000000018003d1b6 f   libmx:libmx.dll
 0001:0003c1bc       mxArrayClassIDName         000000018003d1bc f   libmx:libmx.dll
 0001:0003c1c2       mxCreateNumericMatrix_700  000000018003d1c2 f   libmx:libmx.dll
 0001:0003c1c8       mxCreateStructArray_700    000000018003d1c8 f   libmx:libmx.dll
 0001:0003c1ce       mxCalcSingleSubscript_700  000000018003d1ce f   libmx:libmx.dll
 0001:0003c1d4       mxGetDimensions_700        000000018003d1d4 f   libmx:libmx.dll
 0001:0003c1da       mxGetNumberOfDimensions_700 000000018003d1da f   libmx:libmx.dll
 0001:0003c1e0       mxCreateNumericArray_700   000000018003d1e0 f   libmx:libmx.dll
 0001:0003c1e6       mxGetElementSize           000000018003d1e6 f   libmx:libmx.dll
 0001:0003c1ec       mxCreateStringFromNChars_700 000000018003d1ec f   libmx:libmx.dll
 0001:0003c1f2       mxGetString_700            000000018003d1f2 f   libmx:libmx.dll
 0001:0003c1f8       mxIsLogicalScalarTrue      000000018003d1f8 f   libmx:libmx.dll
 0001:0003c1fe       mxCreateLogicalScalar      000000018003d1fe f   libmx:libmx.dll
 0001:0003c204       mexUnlock                  000000018003d204 f   libmex:libmex.dll
 0001:0003c20a       mexIsLocked                000000018003d20a f   libmex:libmex.dll
 0001:0003c210       mexWarnMsgTxt              000000018003d210 f   libmex:libmex.dll
 0001:0003c216       mexCallMATLAB              000000018003d216 f   libmex:libmex.dll
 0001:0003c21c       mexErrMsgTxt               000000018003d21c f   libmex:libmex.dll
 0001:0003c222       mexMakeArrayPersistent     000000018003d222 f   libmex:libmex.dll
 0001:0003c228       mexSetTrapFlag             000000018003d228 f   libmex:libmex.dll
 0001:0003c22e       mexPutVariable             000000018003d22e f   libmex:libmex.dll
 0001:0003c234       mexGetVariable             000000018003d234 f   libmex:libmex.dll
 0001:0003c23a       mexLock                    000000018003d23a f   libmex:libmex.dll
 0001:0003c240       mexMakeMemoryPersistent    000000018003d240 f   libmex:libmex.dll
 0001:0003c246       mexFunctionName            000000018003d246 f   libmex:libmex.dll
 0001:0003c24c       ssRegisterDataTypeFxpFSlopeFixExpBias 000000018003d24c f   libfixedpoint:libfixedpoint.dll
 0001:0003c252       utVSNprintf                000000018003d252 f   libut:libut.dll
 0001:0003c258       utCPUtime                  000000018003d258 f   libut:libut.dll
 0001:0003c25e       utFree                     000000018003d25e f   libut:libut.dll
 0001:0003c264       utMalloc                   000000018003d264 f   libut:libut.dll
 0001:0003c26a       muDoubleScalarRound        000000018003d26a f   libmwmathutil:libmwmathutil.dll
 0001:0003c270       muDoubleScalarFloor        000000018003d270 f   libmwmathutil:libmwmathutil.dll
 0001:0003c276       muDoubleScalarCeil         000000018003d276 f   libmwmathutil:libmwmathutil.dll
 0001:0003c27c       muDoubleScalarRem          000000018003d27c f   libmwmathutil:libmwmathutil.dll
 0001:0003c282       muDoubleScalarIsInf        000000018003d282 f   libmwmathutil:libmwmathutil.dll
 0001:0003c288       muDoubleScalarIsNaN        000000018003d288 f   libmwmathutil:libmwmathutil.dll
 0001:0003c28e       emlrtCreateRootTLS         000000018003d28e f   libemlrt:libemlrt.dll
 0001:0003c294       emlrtDestroyRootTLS        000000018003d294 f   libemlrt:libemlrt.dll
 0001:0003c29a       emlrtCheckBuiltInR2012b    000000018003d29a f   libemlrt:libemlrt.dll
 0001:0003c2a0       emlrtCheckVsBuiltInR2012b  000000018003d2a0 f   libemlrt:libemlrt.dll
 0001:0003c2a6       emlrtCheckEnumR2012b       000000018003d2a6 f   libemlrt:libemlrt.dll
 0001:0003c2ac       emlrtCreateEnumR2012b      000000018003d2ac f   libemlrt:libemlrt.dll
 0001:0003c2b2       emlrtGetEnumElementR2009a  000000018003d2b2 f   libemlrt:libemlrt.dll
 0001:0003c2b8       emlrtCreateReference       000000018003d2b8 f   libemlrt:libemlrt.dll
 0001:0003c2be       emlrtImportVsFiArrayR2009b 000000018003d2be f   libemlrt:libemlrt.dll
 0001:0003c2c4       emlrtNameCapturePostProcessR2012a 000000018003d2c4 f   libemlrt:libemlrt.dll
 0001:0003c2ca       emlrtExtractMessageId      000000018003d2ca f   libemlrt:libemlrt.dll
 0001:0003c2d0       emlrtTranslateMessageIDtoLCPstring 000000018003d2d0 f   libemlrt:libemlrt.dll
 0001:0003c2d6       emlrtForLoopVectorIsValidR2011b 000000018003d2d6 f   libemlrt:libemlrt.dll
 0001:0003c2dc       emlrtTranslateUTF16MessagetoLCPstring 000000018003d2dc f   libemlrt:libemlrt.dll
 0001:0003c2e2       emlrtGetEnumUnderlyingArrayR2009a 000000018003d2e2 f   libemlrt:libemlrt.dll
 0001:0003c2e8       emlrtIsEnumR2009a          000000018003d2e8 f   libemlrt:libemlrt.dll
 0001:0003c2f0       __GSHandlerCheckCommon     000000018003d2f0 f   MSVCRT:gshandler.obj
 0001:0003c354       __GSHandlerCheck           000000018003d354 f   MSVCRT:gshandler.obj
 0001:0003c372       strlen                     000000018003d372 f   MSVCRT:MSVCR100.dll
 0001:0003c390       __security_check_cookie    000000018003d390 f   MSVCRT:amdsecgs.obj
 0001:0003c3b0       memset                     000000018003d3b0 f   MSVCRT:MSVCR100.dll
 0001:0003c3b6       malloc                     000000018003d3b6 f   MSVCRT:MSVCR100.dll
 0001:0003c3bc       free                       000000018003d3bc f   MSVCRT:MSVCR100.dll
 0001:0003c3c2       strcmp                     000000018003d3c2 f   MSVCRT:MSVCR100.dll
 0001:0003c3c8       sprintf                    000000018003d3c8 f   MSVCRT:MSVCR100.dll
 0001:0003c3ce       strcat                     000000018003d3ce f   MSVCRT:MSVCR100.dll
 0001:0003c3d4       memcpy                     000000018003d3d4 f   MSVCRT:MSVCR100.dll
 0001:0003c3dc       NtCurrentTeb               000000018003d3dc f i MSVCRT:crtdll.obj
 0001:0003c448       _CRT_INIT                  000000018003d448 f   MSVCRT:crtdll.obj
 0001:0003c7e0       _DllMainCRTStartup         000000018003d7e0 f   MSVCRT:crtdll.obj
 0001:0003c81e       strncpy                    000000018003d81e f   MSVCRT:MSVCR100.dll
 0001:0003c840       _alloca_probe              000000018003d840     MSVCRT:chkstk.obj
 0001:0003c840       __chkstk                   000000018003d840 f   MSVCRT:chkstk.obj
 0001:0003c88e       longjmp                    000000018003d88e f   MSVCRT:MSVCR100.dll
 0001:0003c894       strncmp                    000000018003d894 f   MSVCRT:MSVCR100.dll
 0001:0003c89a       ceil                       000000018003d89a f   MSVCRT:MSVCR100.dll
 0001:0003c8a0       strrchr                    000000018003d8a0 f   MSVCRT:MSVCR100.dll
 0001:0003c8a6       _setjmp                    000000018003d8a6 f   MSVCRT:MSVCR100.dll
 0001:0003c8ac       calloc                     000000018003d8ac f   MSVCRT:MSVCR100.dll
 0001:0003c8b2       realloc                    000000018003d8b2 f   MSVCRT:MSVCR100.dll
 0001:0003c8b8       ldexp                      000000018003d8b8 f   MSVCRT:MSVCR100.dll
 0001:0003c8c0       __report_gsfailure         000000018003d8c0 f   MSVCRT:gs_report.obj
 0001:0003ca0c       __clean_type_info_names    000000018003da0c f   MSVCRT:tncleanup.obj
 0001:0003ca18       _onexit                    000000018003da18 f   MSVCRT:atonexit.obj
 0001:0003cac8       atexit                     000000018003dac8 f   MSVCRT:atonexit.obj
 0001:0003cae0       _RTC_Initialize            000000018003dae0 f   MSVCRT:_initsect_.obj
 0001:0003cb18       _RTC_Terminate             000000018003db18 f   MSVCRT:_initsect_.obj
 0001:0003cb50       _malloc_crt                000000018003db50 f   MSVCRT:MSVCR100.dll
 0001:0003cb60       _ValidateImageBase         000000018003db60 f   MSVCRT:pesect.obj
 0001:0003cb90       _FindPESection             000000018003db90 f   MSVCRT:pesect.obj
 0001:0003cbe0       _IsNonwritableInCurrentImage 000000018003dbe0 f   MSVCRT:pesect.obj
 0001:0003cc22       _initterm                  000000018003dc22 f   MSVCRT:MSVCR100.dll
 0001:0003cc28       _initterm_e                000000018003dc28 f   MSVCRT:MSVCR100.dll
 0001:0003cc2e       _encoded_null              000000018003dc2e f   MSVCRT:MSVCR100.dll
 0001:0003cc34       _amsg_exit                 000000018003dc34 f   MSVCRT:MSVCR100.dll
 0001:0003cc3a       __C_specific_handler       000000018003dc3a f   MSVCRT:MSVCR100.dll
 0001:0003cc40       __CppXcptFilter            000000018003dc40 f   MSVCRT:MSVCR100.dll
 0001:0003cc48       DllMain                    000000018003dc48 f   MSVCRT:dllmain.obj
 0001:0003cc6c       __security_init_cookie     000000018003dc6c f   MSVCRT:gs_support.obj
 0001:0003cd20       __crt_debugger_hook        000000018003dd20 f   MSVCRT:MSVCR100.dll
 0001:0003cd26       __clean_type_info_names_internal 000000018003dd26 f   MSVCRT:MSVCR100.dll
 0001:0003cd2c       _unlock                    000000018003dd2c f   MSVCRT:MSVCR100.dll
 0001:0003cd32       __dllonexit                000000018003dd32 f   MSVCRT:MSVCR100.dll
 0001:0003cd38       _lock                      000000018003dd38 f   MSVCRT:MSVCR100.dll
 0001:0003cd3e       EncodePointer              000000018003dd3e f   kernel32:KERNEL32.dll
 0001:0003cd44       DecodePointer              000000018003dd44 f   kernel32:KERNEL32.dll
 0001:0003cd4a       Sleep                      000000018003dd4a f   kernel32:KERNEL32.dll
 0001:0003cd50       TerminateProcess           000000018003dd50 f   kernel32:KERNEL32.dll
 0001:0003cd56       GetCurrentProcess          000000018003dd56 f   kernel32:KERNEL32.dll
 0001:0003cd5c       UnhandledExceptionFilter   000000018003dd5c f   kernel32:KERNEL32.dll
 0001:0003cd62       SetUnhandledExceptionFilter 000000018003dd62 f   kernel32:KERNEL32.dll
 0001:0003cd68       IsDebuggerPresent          000000018003dd68 f   kernel32:KERNEL32.dll
 0001:0003cd6e       RtlVirtualUnwind           000000018003dd6e f   kernel32:KERNEL32.dll
 0001:0003cd74       RtlLookupFunctionEntry     000000018003dd74 f   kernel32:KERNEL32.dll
 0001:0003cd7a       RtlCaptureContext          000000018003dd7a f   kernel32:KERNEL32.dll
 0001:0003cd80       DisableThreadLibraryCalls  000000018003dd80 f   kernel32:KERNEL32.dll
 0001:0003cd86       QueryPerformanceCounter    000000018003dd86 f   kernel32:KERNEL32.dll
 0001:0003cd8c       GetTickCount               000000018003dd8c f   kernel32:KERNEL32.dll
 0001:0003cd92       GetCurrentThreadId         000000018003dd92 f   kernel32:KERNEL32.dll
 0001:0003cd98       GetCurrentProcessId        000000018003dd98 f   kernel32:KERNEL32.dll
 0001:0003cd9e       GetSystemTimeAsFileTime    000000018003dd9e f   kernel32:KERNEL32.dll
 0002:00000000       __imp_DisableThreadLibraryCalls 000000018003e000     kernel32:KERNEL32.dll
 0002:00000008       __imp_RtlCaptureContext    000000018003e008     kernel32:KERNEL32.dll
 0002:00000010       __imp_RtlLookupFunctionEntry 000000018003e010     kernel32:KERNEL32.dll
 0002:00000018       __imp_RtlVirtualUnwind     000000018003e018     kernel32:KERNEL32.dll
 0002:00000020       __imp_IsDebuggerPresent    000000018003e020     kernel32:KERNEL32.dll
 0002:00000028       __imp_SetUnhandledExceptionFilter 000000018003e028     kernel32:KERNEL32.dll
 0002:00000030       __imp_UnhandledExceptionFilter 000000018003e030     kernel32:KERNEL32.dll
 0002:00000038       __imp_GetCurrentProcess    000000018003e038     kernel32:KERNEL32.dll
 0002:00000040       __imp_TerminateProcess     000000018003e040     kernel32:KERNEL32.dll
 0002:00000048       __imp_Sleep                000000018003e048     kernel32:KERNEL32.dll
 0002:00000050       __imp_DecodePointer        000000018003e050     kernel32:KERNEL32.dll
 0002:00000058       __imp_EncodePointer        000000018003e058     kernel32:KERNEL32.dll
 0002:00000060       __imp_GetTickCount         000000018003e060     kernel32:KERNEL32.dll
 0002:00000068       __imp_GetCurrentThreadId   000000018003e068     kernel32:KERNEL32.dll
 0002:00000070       __imp_GetCurrentProcessId  000000018003e070     kernel32:KERNEL32.dll
 0002:00000078       __imp_GetSystemTimeAsFileTime 000000018003e078     kernel32:KERNEL32.dll
 0002:00000080       __imp_QueryPerformanceCounter 000000018003e080     kernel32:KERNEL32.dll
 0002:00000088       \177KERNEL32_NULL_THUNK_DATA 000000018003e088     kernel32:KERNEL32.dll
 0002:00000090       __imp__onexit              000000018003e090     MSVCRT:MSVCR100.dll
 0002:00000098       __imp__lock                000000018003e098     MSVCRT:MSVCR100.dll
 0002:000000a0       __imp___dllonexit          000000018003e0a0     MSVCRT:MSVCR100.dll
 0002:000000a8       __imp__unlock              000000018003e0a8     MSVCRT:MSVCR100.dll
 0002:000000b0       __imp___clean_type_info_names_internal 000000018003e0b0     MSVCRT:MSVCR100.dll
 0002:000000b8       __imp___crt_debugger_hook  000000018003e0b8     MSVCRT:MSVCR100.dll
 0002:000000c0       __imp___CppXcptFilter      000000018003e0c0     MSVCRT:MSVCR100.dll
 0002:000000c8       __imp___C_specific_handler 000000018003e0c8     MSVCRT:MSVCR100.dll
 0002:000000d0       __imp__amsg_exit           000000018003e0d0     MSVCRT:MSVCR100.dll
 0002:000000d8       __imp__encoded_null        000000018003e0d8     MSVCRT:MSVCR100.dll
 0002:000000e0       __imp__initterm_e          000000018003e0e0     MSVCRT:MSVCR100.dll
 0002:000000e8       __imp__initterm            000000018003e0e8     MSVCRT:MSVCR100.dll
 0002:000000f0       __imp__malloc_crt          000000018003e0f0     MSVCRT:MSVCR100.dll
 0002:000000f8       __imp_ldexp                000000018003e0f8     MSVCRT:MSVCR100.dll
 0002:00000100       __imp_realloc              000000018003e100     MSVCRT:MSVCR100.dll
 0002:00000108       __imp_calloc               000000018003e108     MSVCRT:MSVCR100.dll
 0002:00000110       __imp__setjmp              000000018003e110     MSVCRT:MSVCR100.dll
 0002:00000118       __imp_strrchr              000000018003e118     MSVCRT:MSVCR100.dll
 0002:00000120       __imp_ceil                 000000018003e120     MSVCRT:MSVCR100.dll
 0002:00000128       __imp_strncmp              000000018003e128     MSVCRT:MSVCR100.dll
 0002:00000130       __imp_longjmp              000000018003e130     MSVCRT:MSVCR100.dll
 0002:00000138       __imp_strncpy              000000018003e138     MSVCRT:MSVCR100.dll
 0002:00000140       __imp_memcpy               000000018003e140     MSVCRT:MSVCR100.dll
 0002:00000148       __imp_strcat               000000018003e148     MSVCRT:MSVCR100.dll
 0002:00000150       __imp_sprintf              000000018003e150     MSVCRT:MSVCR100.dll
 0002:00000158       __imp_strcmp               000000018003e158     MSVCRT:MSVCR100.dll
 0002:00000160       __imp_free                 000000018003e160     MSVCRT:MSVCR100.dll
 0002:00000168       __imp_malloc               000000018003e168     MSVCRT:MSVCR100.dll
 0002:00000170       __imp_memset               000000018003e170     MSVCRT:MSVCR100.dll
 0002:00000178       __imp_strlen               000000018003e178     MSVCRT:MSVCR100.dll
 0002:00000180       \177MSVCR100_NULL_THUNK_DATA 000000018003e180     MSVCRT:MSVCR100.dll
 0002:00000188       __imp_emlrtIsEnumR2009a    000000018003e188     libemlrt:libemlrt.dll
 0002:00000190       __imp_emlrtGetEnumUnderlyingArrayR2009a 000000018003e190     libemlrt:libemlrt.dll
 0002:00000198       __imp_emlrtTranslateUTF16MessagetoLCPstring 000000018003e198     libemlrt:libemlrt.dll
 0002:000001a0       __imp_emlrtForLoopVectorIsValidR2011b 000000018003e1a0     libemlrt:libemlrt.dll
 0002:000001a8       __imp_emlrtTranslateMessageIDtoLCPstring 000000018003e1a8     libemlrt:libemlrt.dll
 0002:000001b0       __imp_emlrtExtractMessageId 000000018003e1b0     libemlrt:libemlrt.dll
 0002:000001b8       __imp_emlrtNameCapturePostProcessR2012a 000000018003e1b8     libemlrt:libemlrt.dll
 0002:000001c0       __imp_emlrtCheckBuiltInR2012b 000000018003e1c0     libemlrt:libemlrt.dll
 0002:000001c8       __imp_emlrtDestroyRootTLS  000000018003e1c8     libemlrt:libemlrt.dll
 0002:000001d0       __imp_emlrtCreateRootTLS   000000018003e1d0     libemlrt:libemlrt.dll
 0002:000001d8       __imp_emlrtCheckEnumR2012b 000000018003e1d8     libemlrt:libemlrt.dll
 0002:000001e0       __imp_emlrtCreateEnumR2012b 000000018003e1e0     libemlrt:libemlrt.dll
 0002:000001e8       __imp_emlrtGetEnumElementR2009a 000000018003e1e8     libemlrt:libemlrt.dll
 0002:000001f0       __imp_emlrtCreateReference 000000018003e1f0     libemlrt:libemlrt.dll
 0002:000001f8       __imp_emlrtImportVsFiArrayR2009b 000000018003e1f8     libemlrt:libemlrt.dll
 0002:00000200       __imp_emlrtCheckVsBuiltInR2012b 000000018003e200     libemlrt:libemlrt.dll
 0002:00000208       \177libemlrt_NULL_THUNK_DATA 000000018003e208     libemlrt:libemlrt.dll
 0002:00000210       __imp_ssRegisterDataTypeFxpFSlopeFixExpBias 000000018003e210     libfixedpoint:libfixedpoint.dll
 0002:00000218       \177libfixedpoint_NULL_THUNK_DATA 000000018003e218     libfixedpoint:libfixedpoint.dll
 0002:00000220       __imp_mexFunctionName      000000018003e220     libmex:libmex.dll
 0002:00000228       __imp_mexMakeMemoryPersistent 000000018003e228     libmex:libmex.dll
 0002:00000230       __imp_mexLock              000000018003e230     libmex:libmex.dll
 0002:00000238       __imp_mexPutVariable       000000018003e238     libmex:libmex.dll
[...]
 0001:00012450       sf_mex_check_fimath        0000000180013450 f   sfc_mex:sfc_mex.obj
 0001:00013000       size_mismatch_error        0000000180014000 f   sfc_mex:sfc_mex.obj
 0001:00013aa0       check_array_dimensions     0000000180014aa0 f   sfc_mex:sfc_mex.obj
 0001:00013b10       check_input_mxarray        0000000180014b10 f   sfc_mex:sfc_mex.obj
 0001:00014250       sf_numeric_value_to_double 0000000180015250 f   sfc_mex:sfc_mex.obj
 0001:000142a0       ml_generic_out_of_bounds_check 00000001800152a0 f   sfc_mex:sfc_mex.obj
 0001:00014470       ml_get_element_value_from_array 0000000180015470 f   sfc_mex:sfc_mex.obj
 0001:00014810       _ml_generic_castability_check 0000000180015810 f   sfc_mex:sfc_mex.obj
 0001:00015570       ml_generic_castability_check 0000000180016570 f   sfc_mex:sfc_mex.obj
 0001:00015610       ml_check_mx_array_for_single_castability 0000000180016610 f   sfc_mex:sfc_mex.obj
 0001:000156b0       ml_check_mx_array_for_logical_castability 00000001800166b0 f   sfc_mex:sfc_mex.obj
 0001:00015750       ml_check_mx_array_for_int8_castability 0000000180016750 f   sfc_mex:sfc_mex.obj
 0001:00015800       ml_check_mx_array_for_uint8_castability 0000000180016800 f   sfc_mex:sfc_mex.obj
 0001:00015860       ml_check_mx_array_for_int16_castability 0000000180016860 f   sfc_mex:sfc_mex.obj
 0001:000158c0       ml_check_mx_array_for_uint16_castability 00000001800168c0 f   sfc_mex:sfc_mex.obj
 0001:00015920       ml_check_mx_array_for_int32_castability 0000000180016920 f   sfc_mex:sfc_mex.obj
 0001:00015980       ml_check_mx_array_for_uint32_castability 0000000180016980 f   sfc_mex:sfc_mex.obj
 0001:000159e0       ml_check_mx_array_for_castability 00000001800169e0 f   sfc_mex:sfc_mex.obj
 0001:00016310       set_data_value             0000000180017310 f   sfc_mex:sfc_mex.obj
 0001:00016680       get_data_value             0000000180017680 f   sfc_mex:sfc_mex.obj
 0001:00016790       get_next_element_address   0000000180017790 f   sfc_mex:sfc_mex.obj
 0001:00016860       sf_normalize_index         0000000180017860 f   sfc_mex:sfc_mex.obj
 0001:00016bf0       ml_array_index_bound_check 0000000180017bf0 f   sfc_mex:sfc_mex.obj
 0001:00017710       mx_value                   0000000180018710 f   sfc_mex:sfc_mex.obj
 0001:00017760       sf_create_numeric_array    0000000180018760 f   sfc_mex:sfc_mex.obj
 0001:00017800       sf_mex_assign_to_mx_array  0000000180018800 f   sfc_mex:sfc_mex.obj
 0001:00017b50       assign_from_mx_array       0000000180018b50 f   sfc_mex:sfc_mex.obj
 0001:00018380       sf_mex_import_v            0000000180019380 f   sfc_mex:sfc_mex.obj
 0001:00018a80       get_machine_and_chart_file_number 0000000180019a80 f   sfc_mex:sfc_sf.obj
 0001:00018b70       get_sfun_block_specialization 0000000180019b70 f   sfc_mex:sfc_sf.obj
 0001:00018c20       call_sf_machine_global_method_dispatcher 0000000180019c20 f   sfc_mex:sfc_sf.obj
 0001:00018e70       mdl_zeroCrossings_processing 0000000180019e70 f   sfc_mex:sfc_sf.obj
 0001:00018f40       mdl_derivatives_processing 0000000180019f40 f   sfc_mex:sfc_sf.obj
 0001:00019200       mdl_outputs_continuous_legacy 000000018001a200 f   sfc_mex:sfc_sf.obj
 0001:00019280       mdl_outputs_processing     000000018001a280 f   sfc_mex:sfc_sf.obj
 0001:000194f0       mdl_enable_processing      000000018001a4f0 f   sfc_mex:sfc_sf.obj
 0001:000195c0       mdl_disable_processing     000000018001a5c0 f   sfc_mex:sfc_sf.obj
 0001:0001a330       sf_call_output_fcn_enable_disable 000000018001b330 f   sfc_mex:sfc_sf.obj
 0001:0001a5b0       set_dwork_information_from_mx_array 000000018001b5b0 f   sfc_mex:sfc_sf.obj
 0001:0001ae70       ptr2mxStruct               000000018001be70 f   sfc_mex:sfc_sf.obj
 0001:0001b180       SNPRINTF_WRAPPER           000000018001c180 f   sfc_debug:sfcdebug.obj
 0001:0001b1a0       sf_debug_chart_instance_initialized_quick 000000018001c1a0 f   sfc_debug:sfcdebug.obj
 0001:0001b1b0       sf_debug_chart_instance_initialized 000000018001c1b0 f   sfc_debug:sfcdebug.obj
 0001:0001b350       sfrtAddSize                000000018001c350 f   sfc_debug:sfcdebug.obj
 0001:0001b410       sfrtGenSizeString          000000018001c410 f   sfc_debug:sfcdebug.obj
 0001:0001bb20       fill_single_message_info   000000018001cb20 f   sfc_debug:sfcdebug.obj
 0001:0001bce0       sf_debug_sim_status_listener 000000018001cce0 f   sfc_debug:sfcdebug.obj
 0001:0001c250       sf_debug_form_mask_bits    000000018001d250 f   sfc_debug:sfcdebug.obj
 0001:0001c290       sf_debug_form_sf_data_type_offsets 000000018001d290 f   sfc_debug:sfcdebug.obj
 0001:0001c350       sf_debug_free_all          000000018001d350 f   sfc_debug:sfcdebug.obj
 0001:0001c500       sf_debug_append_debugger_context 000000018001d500 f   sfc_debug:sfcdebug.obj
 0001:0001c6a0       sf_debug_update_always_honor_breakpoints 000000018001d6a0 f   sfc_debug:sfcdebug.obj
 0001:0001c870       local_strdup               000000018001d870 f   sfc_debug:sfcdebug.obj
 0001:0001d750       sf_debug_em_terminate      000000018001e750 f   sfc_debug:sfcdebug.obj
 0001:0001d790       sf_debug_push_eml_function 000000018001e790 f   sfc_debug:sfcdebug.obj
 0001:0001d830       sf_debug_pop_eml_function  000000018001e830 f   sfc_debug:sfcdebug.obj
 0001:0001e530       sf_debug_get_machine_number_from_id_or_name 000000018001f530 f   sfc_debug:sfcdebug.obj
 0001:0001e680       sf_debug_get_chart_number_from_id 000000018001f680 f   sfc_debug:sfcdebug.obj
 0001:0001f420       sf_debug_transfer_control_to_debugger_GUI 0000000180020420 f   sfc_debug:sfcdebug.obj
 0001:000203b0       sf_debug_scripts_rehash    00000001800213b0 f   sfc_debug:sfcdebug.obj
 0001:000205f0       sf_debug_get_script_line_count 00000001800215f0 f   sfc_debug:sfcdebug.obj
 0001:00020f20       cv_eml_state_cvId          0000000180021f20 f   sfc_debug:sfcdebug.obj
 0001:00020f90       cv_eml_trans_cvId          0000000180021f90 f   sfc_debug:sfcdebug.obj
 0001:00022320       sf_debug_data_array_bounds_error 0000000180023320 f   sfc_debug:sfcdebug.obj
 0001:00022750       eml_debug_runtime_error_doclink 0000000180023750 f   sfc_debug:sfcdebug.obj
 0001:000228b0       sf_debug_runtime_error     00000001800238b0 f   sfc_debug:sfcdebug.obj
 0001:00022920       sf_debug_matlab_error      0000000180023920 f   sfc_debug:sfcdebug.obj
 0001:00023260       sf_debug_data_value_error  0000000180024260 f   sfc_debug:sfcdebug.obj
 0001:00023b60       sf_debug_data_loss_error   0000000180024b60 f   sfc_debug:sfcdebug.obj
 0001:00024af0       call_cv_range_check        0000000180025af0 f   sfc_debug:sfcdebug.obj
 0001:000252c0       sf_debug_invoke_cycle_detection_code 00000001800262c0 f   sfc_debug:sfcdebug.obj
 0001:00026140       sf_reset_debug_info_struct 0000000180027140 f   sfc_debug:sfcdebug.obj
 0001:000269a0       cv_script_cvId             00000001800279a0 f   sfc_debug:sfcdebug.obj
 0001:00027700       sfc_api_chart_visible      0000000180028700 f   sfc_debug:sfc_api.obj
 0001:00027780       sfc_api_active_instance    0000000180028780 f   sfc_debug:sfc_api.obj
 0001:00027800       sfc_api_machine_load       0000000180028800 f   sfc_debug:sfc_api.obj
 0001:000278d0       sfc_api_debugger_alive     00000001800288d0 f   sfc_debug:sfc_api.obj
 0001:000278e0       sfc_api_go                 00000001800288e0 f   sfc_debug:sfc_api.obj
 0001:000278f0       sfc_api_step_over          00000001800288f0 f   sfc_debug:sfc_api.obj
 0001:00027900       sfc_api_step_out           0000000180028900 f   sfc_debug:sfc_api.obj
 0001:00027910       sfc_api_resume             0000000180028910 f   sfc_debug:sfc_api.obj
 0001:00027920       sfc_api_break              0000000180028920 f   sfc_debug:sfc_api.obj
 0001:00027930       sfc_api_stop_debugging     0000000180028930 f   sfc_debug:sfc_api.obj
 0001:00027980       sfc_api_is_cycle_detected  0000000180028980 f   sfc_debug:sfc_api.obj
 0001:000279d0       sfc_api_is_array_bounds_detected 00000001800289d0 f   sfc_debug:sfc_api.obj
 0001:00027a20       sfc_api_set_disable_all_breakpoints 0000000180028a20 f   sfc_debug:sfc_api.obj
 0001:00027a90       sfc_api_disable_all_breakpoints_and_go 0000000180028a90 f   sfc_debug:sfc_api.obj
 0001:00027aa0       sfc_api_close              0000000180028aa0 f   sfc_debug:sfc_api.obj
 0001:00027ab0       sfc_api_browse_data        0000000180028ab0 f   sfc_debug:sfc_api.obj
 0001:00027b20       sfc_api_watch_data         0000000180028b20 f   sfc_debug:sfc_api.obj
 0001:00027c20       sfc_api_extract_message_post_receive_info 0000000180028c20 f   sfc_debug:sfc_api.obj
 0001:00027c40       sfc_api_assign_data        0000000180028c40 f   sfc_debug:sfc_api.obj
 0001:00027ce0       sfc_api_whos               0000000180028ce0 f   sfc_debug:sfc_api.obj
 0001:00027d70       sfc_api_get_consistency_info 0000000180028d70 f   sfc_debug:sfc_api.obj
 0001:00027d80       sfc_api_browse_trace       0000000180028d80 f   sfc_debug:sfc_api.obj
 0001:00027d90       sfc_api_break_on_chart_entry 0000000180028d90 f   sfc_debug:sfc_api.obj
 0001:00027db0       sfc_api_break_on_event_broadcast 0000000180028db0 f   sfc_debug:sfc_api.obj
 0001:00027dd0       sfc_api_break_on_state_entry 0000000180028dd0 f   sfc_debug:sfc_api.obj
 0001:00027df0       sfc_api_set_watch          0000000180028df0 f   sfc_debug:sfc_api.obj
 0001:00027e90       sfc_api_set_breakpoints    0000000180028e90 f   sfc_debug:sfc_api.obj
 0001:00027f30       sfc_api_set_eml_breakpoints 0000000180028f30 f   sfc_debug:sfc_api.obj
 0001:00027fb0       sfc_api_set_script_breakpoints 0000000180028fb0 f   sfc_debug:sfc_api.obj
 0001:00028000       sfc_api_add_script_breakpoints 0000000180029000 f   sfc_debug:sfc_api.obj
 0001:00028050       sfc_api_clear_script_breakpoints 0000000180029050 f   sfc_debug:sfc_api.obj
 0001:000280a0       sfc_api_query_script_breakpoints 00000001800290a0 f   sfc_debug:sfc_api.obj
 0001:00028100       sfc_api_get_script_id      0000000180029100 f   sfc_debug:sfc_api.obj
 0001:000281c0       sfc_api_get_active_states  00000001800291c0 f   sfc_debug:sfc_api.obj
 0001:00028240       sfc_api_break_between_times 0000000180029240 f   sfc_debug:sfc_api.obj
 0001:000282a0       sfc_api_get_instance_handle 00000001800292a0 f   sfc_debug:sfc_api.obj
 0001:00028350       sfc_api_set_animation      0000000180029350 f   sfc_debug:sfc_api.obj
 0001:000283a0       sfc_api_select_chart       00000001800293a0 f   sfc_debug:sfc_api.obj
 0001:00028400       sfc_api_select_charts      0000000180029400 f   sfc_debug:sfc_api.obj
 0001:00028430       sfc_api_cycle_detection_check 0000000180029430 f   sfc_debug:sfc_api.obj
 0001:00028480       sfc_api_data_range_check   0000000180029480 f   sfc_debug:sfc_api.obj
 0001:000284d0       sfc_api_transition_conflict_check 00000001800294d0 f   sfc_debug:sfc_api.obj
 0001:00028520       sfc_api_state_consistency_check 0000000180029520 f   sfc_debug:sfc_api.obj
 0001:00028570       sfc_api_set_instance_cv_ids 0000000180029570 f   sfc_debug:sfc_api.obj
 0001:00028680       sfc_api_set_script_cv_ids  0000000180029680 f   sfc_debug:sfc_api.obj
 0001:00028730       sfc_api_get_current_machine_id 0000000180029730 f   sfc_debug:sfc_api.obj
 0001:00028760       sfc_api_get_current_machine_number 0000000180029760 f   sfc_debug:sfc_api.obj
 0001:00028790       sfc_api_get_current_chart_number 0000000180029790 f   sfc_debug:sfc_api.obj
 0001:000287c0       sfc_api_get_current_instance_number 00000001800297c0 f   sfc_debug:sfc_api.obj
 0001:000287f0       sfc_api_get_current_instance_handle 00000001800297f0 f   sfc_debug:sfc_api.obj
 0001:00028810       sfc_api_get_current_is_minor_time_step 0000000180029810 f   sfc_debug:sfc_api.obj
 0001:00028840       sfc_api_get_current_machine_name 0000000180029840 f   sfc_debug:sfc_api.obj
 0001:00028860       sfc_api_get_current_chart_id 0000000180029860 f   sfc_debug:sfc_api.obj
 0001:00028890       sfc_api_get_current_object_type 0000000180029890 f   sfc_debug:sfc_api.obj
 0001:000288c0       sfc_api_get_current_event_type 00000001800298c0 f   sfc_debug:sfc_api.obj
 0001:000288f0       sfc_api_get_current_object_id 00000001800298f0 f   sfc_debug:sfc_api.obj
 0001:00028920       sfc_get_current_active_event_type 0000000180029920 f   sfc_debug:sfc_api.obj
 0001:00028950       sfc_api_get_current_active_event_id 0000000180029950 f   sfc_debug:sfc_api.obj
 0001:00028980       sfc_api_get_current_simulation_time 0000000180029980 f   sfc_debug:sfc_api.obj
 0001:000289a0       sfc_get_current_tag_type   00000001800299a0 f   sfc_debug:sfc_api.obj
 0001:000289d0       sfc_get_current_coverage_percentage 00000001800299d0 f   sfc_debug:sfc_api.obj
 0001:000289f0       sfc_get_current_statement_context 00000001800299f0 f   sfc_debug:sfc_api.obj
 0001:00028a10       sfc_get_current_optional_integer 0000000180029a10 f   sfc_debug:sfc_api.obj
 0001:00028a40       sfc_get_current_statement_info 0000000180029a40 f   sfc_debug:sfc_api.obj
 0001:00028ae0       sfc_api_get                0000000180029ae0 f   sfc_debug:sfc_api.obj
 0001:00029750       sf_debug_sm_fill_state_activity_data 000000018002a750 f   sfc_debug:sfdb_animation.obj
 0001:0002c050       void_ptr_stack_vector_free_total 000000018002d050 f   sfc_debug:sfdb_data_browse.obj
 0001:0002c0e0       sf_debug_st_terminate_machine 000000018002d0e0 f   sfc_debug:sfdb_data_browse.obj
 0001:0002c120       sf_debug_st_terminate_instance 000000018002d120 f   sfc_debug:sfdb_data_browse.obj
 0001:0002c4d0       push_on_to_void_ptr_stack  000000018002d4d0 f   sfc_debug:sfdb_data_browse.obj
 0001:0002c660       pop_from_void_ptr_stack    000000018002d660 f   sfc_debug:sfdb_data_browse.obj
 0001:0002c790       sf_debug_st_get_data_value 000000018002d790 f   sfc_debug:sfdb_data_browse.obj
 0001:0002cd20       mx_value                   000000018002dd20 f   sfc_debug:sfdb_data_browse.obj
 0001:0002cd60       sf_debug_st_fill_data_struct 000000018002dd60 f   sfc_debug:sfdb_data_browse.obj
 0001:0002d0a0       data_type_format_strings   000000018002e0a0 f   sfc_debug:sfdb_data_browse.obj
 0001:0002d150       sf_debug_st_fill_data      000000018002e150 f   sfc_debug:sfdb_data_browse.obj
 0001:0002dea0       sf_debug_hm_get_simulink_handle 000000018002eea0 f   sfc_debug:sfdb_handle_management.obj
 0001:0002e9a0       sf_debug_hm_initialize_globals 000000018002f9a0 f   sfc_debug:sfdb_handle_management.obj
 0001:0002eaa0       sf_debug_hm_get_machine_debug_flag 000000018002faa0 f   sfc_debug:sfdb_handle_management.obj
 0001:0002ec10       sf_debug_hm_get_machine_id 000000018002fc10 f   sfc_debug:sfdb_handle_management.obj
 0001:0002ed30       sf_debug_hm_get_chart_id   000000018002fd30 f   sfc_debug:sfdb_handle_management.obj
 0001:0002eed0       sf_debug_hm_register_executing_SFunction 000000018002fed0 f   sfc_debug:sfdb_handle_management.obj
 0001:0002f260       sf_debug_hm_form_object_boolean_properties 0000000180030260 f   sfc_debug:sfdb_handle_management.obj
 0001:0002f530       sf_debug_hm_form_object_properties 0000000180030530 f   sfc_debug:sfdb_handle_management.obj
 0001:0002f770       sf_debug_hm_terminate_charts 0000000180030770 f   sfc_debug:sfdb_handle_management.obj
 0001:0002fed0       sf_debug_hm_terminate_machines 0000000180030ed0 f   sfc_debug:sfdb_handle_management.obj
 0001:00031ad0       sf_debug_ss_copy_dimension 0000000180032ad0 f   sfc_debug:sfdb_symbol_scope.obj
 0001:00031b90       sf_debug_ss_get_number_elements 0000000180032b90 f   sfc_debug:sfdb_symbol_scope.obj
 0001:00031bb0       sf_debug_ss_fill_data_struct 0000000180032bb0 f   sfc_debug:sfdb_symbol_scope.obj
 0001:00031f00       sf_debug_ss_reset_data_info 0000000180032f00 f   sfc_debug:sfdb_symbol_scope.obj
 0001:00031f60       sf_debug_fill_data_info_by_symbol_scope_entry 0000000180032f60 f   sfc_debug:sfdb_symbol_scope.obj
 0001:00032020       sf_debug_fill_data_info_by_data_vector 0000000180033020 f   sfc_debug:sfdb_symbol_scope.obj
 0001:00032270       get_data_info_helper       0000000180033270 f   sfc_debug:sfdb_symbol_scope.obj
 0001:00032370       sf_debug_ss_get_data_info  0000000180033370 f   sfc_debug:sfdb_symbol_scope.obj
 0001:000325a0       sf_debug_select_mex_function 00000001800335a0 f   sfc_debug:sfdb_symbol_scope.obj
 0001:000325d0       sf_debug_is_dyn_matrix_initialized 00000001800335d0 f   sfc_debug:sfdb_symbol_scope.obj
 0001:000325f0       sf_debug_ss_set_data_value_try 00000001800335f0 f   sfc_debug:sfdb_symbol_scope.obj
 0001:000327c0       sf_debug_ss_get_data_value 00000001800337c0 f   sfc_debug:sfdb_symbol_scope.obj
 0001:00032f30       sf_debug_ss_data_bytes_string 0000000180033f30 f   sfc_debug:sfdb_symbol_scope.obj
 0001:00032fe0       sf_debug_ss_data_class_string 0000000180033fe0 f   sfc_debug:sfdb_symbol_scope.obj
 0001:00033370       sf_debug_ss_data_size_string 0000000180034370 f   sfc_debug:sfdb_symbol_scope.obj
 0001:00033450       sf_debug_ss_data_create_data_info_struct 0000000180034450 f   sfc_debug:sfdb_symbol_scope.obj
 0001:00033720       sf_debug_ss_data_create_name_value_pair 0000000180034720 f   sfc_debug:sfdb_symbol_scope.obj
 0001:000337c0       sf_debug_ss_data_get_whos_info 00000001800347c0 f   sfc_debug:sfdb_symbol_scope.obj
 0001:000337d0       same_named_data_in_data_array 00000001800347d0 f   sfc_debug:sfdb_symbol_scope.obj
 0001:00035060       sf_debug_cc_terminate_chart 0000000180036060 f   sfc_debug:sfdb_coverage.obj
 0001:00035400       sf_debug_cc_terminate_instance 0000000180036400 f   sfc_debug:sfdb_coverage.obj
 0001:00035ff0       sf_debug_cc_mark_object_if_needed 0000000180036ff0 f   sfc_debug:sfdb_coverage.obj
 0001:000368f0       sf_debug_bm_initialize_eml 00000001800378f0 f   sfc_debug:sfdb_breakpoints.obj
 0001:00037a30       sf_debug_bm_map_debug_tag_to_breakpoint_tag 0000000180038a30 f   sfc_debug:sfdb_breakpoints.obj
 0001:00037b10       sf_debug_bm_is_a_eml_breakpoint_impl 0000000180038b10 f   sfc_debug:sfdb_breakpoints.obj
 0001:00039650       sf_debug_sc_push_on_error_stack 000000018003a650 f   sfc_debug:sfdb_state_consistency.obj
 0001:00039780       sf_debug_sc_reset_error_stack 000000018003a780 f   sfc_debug:sfdb_state_consistency.obj
 0001:00039910       sf_debug_sc_is_state_inconsistent 000000018003a910 f   sfc_debug:sfdb_state_consistency.obj
 0001:00039c10       sf_debug_sc_fill_consistency_info 000000018003ac10 f   sfc_debug:sfdb_state_consistency.obj
 0001:0003a1f0       void_assertion_fcn         000000018003b1f0 f   sfc_debug:sfdb_call_stack.obj
 0001:0003a770       sf_debug_tm_fill_local_trace 000000018003b770 f   sfc_debug:sfdb_call_stack.obj
 0001:0003ad40       sf_debug_cd_terminate_instance 000000018003bd40 f   sfc_debug:sfdb_cycle_detection.obj
 0001:0003ada0       sf_debug_cd_free_checksum_stack 000000018003bda0 f   sfc_debug:sfdb_cycle_detection.obj
 0001:0003adf0       sf_debug_cd_reset_pack_strings 000000018003bdf0 f   sfc_debug:sfdb_cycle_detection.obj
 0001:0003b4b0       md5file_clear              000000018003c4b0 f   sfc_debug:ckmd5.obj
 0001:0003b4e0       Encode                     000000018003c4e0 f   sfc_debug:ckmd5.obj
 0001:0003b530       Decode                     000000018003c530 f   sfc_debug:ckmd5.obj
 0001:0003b5d0       MD5Transform               000000018003c5d0 f   sfc_debug:ckmd5.obj
 0001:0003be20       md5file_addn               000000018003ce20 f   sfc_debug:ckmd5.obj
 0001:0003bef0       md5file_hash               000000018003cef0 f   sfc_debug:ckmd5.obj
 0001:0003c3e8       pre_c_init                 000000018003d3e8 f   MSVCRT:crtdll.obj
 0001:0003c6a4       __DllMainCRTStartup        000000018003d6a4 f   MSVCRT:crtdll.obj
 0001:0003cdb0       __DllMainCRTStartup$filt$0 000000018003ddb0 f   MSVCRT:crtdll.obj
 0001:0003cde0       __DllMainCRTStartup$fin$1  000000018003dde0 f   MSVCRT:crtdll.obj
 0001:0003cdfa       _onexit$fin$0              000000018003ddfa f   MSVCRT:atonexit.obj
 0001:0003ce20       _IsNonwritableInCurrentImage$filt$0 000000018003de20 f   MSVCRT:pesect.obj
