 QPSK_Transmit_v12c_optimizing_games_sfun

 Timestamp is 51a15b20 (Sat May 25 17:45:20 2013)

 Preferred load address is 0000000180000000

 Start         Length     Name                   Class
 0001:00000000 00046f54H .text                   CODE
 0001:00046f60 00000092H .text$x                 CODE
 0002:00000000 00000498H .idata$5                DATA
 0002:00000498 00000008H .CRT$XCA                DATA
 0002:000004a0 00000008H .CRT$XCZ                DATA
 0002:000004a8 00000008H .CRT$XIA                DATA
 0002:000004b0 00000008H .CRT$XIAA               DATA
 0002:000004b8 00000008H .CRT$XIZ                DATA
 0002:000004c0 00004b9cH .rdata                  DATA
 0002:00005060 00000008H .rtc$IAA                DATA
 0002:00005068 00000008H .rtc$IZZ                DATA
 0002:00005070 00000008H .rtc$TAA                DATA
 0002:00005078 00000008H .rtc$TZZ                DATA
 0002:00005080 00004334H .xdata                  DATA
 0002:000093b4 000000a0H .idata$2                DATA
 0002:00009454 00000014H .idata$3                DATA
 0002:00009468 00000498H .idata$4                DATA
 0002:00009900 00000ab0H .idata$6                DATA
 0002:0000a3b0 0000006eH .edata                  DATA
 0003:00000000 00007688H .data                   DATA
 0003:000076a0 00002738H .bss                    DATA
 0004:00000000 000034a4H .pdata                  DATA

  Address         Publics by Value              Rva+Base               Lib:Object

 0000:00000000       ___safe_se_handler_table   0000000000000000     <absolute>
 0000:00000000       ___safe_se_handler_count   0000000000000000     <absolute>
 0000:00000000       __ImageBase                0000000180000000     <linker-defined>
 0001:00000000       sf_c2_QPSK_Transmit_v12c_optimizing_games_get_eml_resolved_functions_info 0000000180001000 f   c2_QPSK_Transmit_v12c_optimizing_games.obj
 0001:00001b40       sf_c2_QPSK_Transmit_v12c_optimizing_games_get_check_sum 0000000180002b40 f   c2_QPSK_Transmit_v12c_optimizing_games.obj
 0001:00001bc0       sf_c2_QPSK_Transmit_v12c_optimizing_games_get_autoinheritance_info 0000000180002bc0 f   c2_QPSK_Transmit_v12c_optimizing_games.obj
 0001:00002280       sf_internal_get_sim_state_c2_QPSK_Transmit_v12c_optimizing_games 0000000180003280 f   c2_QPSK_Transmit_v12c_optimizing_games.obj
 0001:00002770       sf_internal_set_sim_state_c2_QPSK_Transmit_v12c_optimizing_games 0000000180003770 f   c2_QPSK_Transmit_v12c_optimizing_games.obj
 0001:00002cd0       c2_QPSK_Transmit_v12c_optimizing_games_method_dispatcher 0000000180003cd0 f   c2_QPSK_Transmit_v12c_optimizing_games.obj
 0001:000061c0       sf_c3_QPSK_Transmit_v12c_optimizing_games_get_eml_resolved_functions_info 00000001800071c0 f   c3_QPSK_Transmit_v12c_optimizing_games.obj
 0001:00008dc0       sf_c3_QPSK_Transmit_v12c_optimizing_games_get_check_sum 0000000180009dc0 f   c3_QPSK_Transmit_v12c_optimizing_games.obj
 0001:00008e40       sf_c3_QPSK_Transmit_v12c_optimizing_games_get_autoinheritance_info 0000000180009e40 f   c3_QPSK_Transmit_v12c_optimizing_games.obj
 0001:000093c0       sf_internal_get_sim_state_c3_QPSK_Transmit_v12c_optimizing_games 000000018000a3c0 f   c3_QPSK_Transmit_v12c_optimizing_games.obj
 0001:00009af0       sf_internal_set_sim_state_c3_QPSK_Transmit_v12c_optimizing_games 000000018000aaf0 f   c3_QPSK_Transmit_v12c_optimizing_games.obj
 0001:0000a2d0       c3_QPSK_Transmit_v12c_optimizing_games_method_dispatcher 000000018000b2d0 f   c3_QPSK_Transmit_v12c_optimizing_games.obj
 0001:000148b0       sf_process_check_sum_call  00000001800158b0 f   QPSK_Transmit_v12c_optimizing_games_sfun_registry.obj
 0001:00014900       sf_process_autoinheritance_call 0000000180015900 f   QPSK_Transmit_v12c_optimizing_games_sfun_registry.obj
 0001:00014aa0       sf_process_get_eml_resolved_functions_info_call 0000000180015aa0 f   QPSK_Transmit_v12c_optimizing_games_sfun_registry.obj
 0001:00014c20       sf_mex_unlock_call         0000000180015c20 f   QPSK_Transmit_v12c_optimizing_games_sfun_registry.obj
 0001:00014cd0       sf_machine_global_initializer_called 0000000180015cd0 f   QPSK_Transmit_v12c_optimizing_games_sfun_registry.obj
 0001:00014d00       sf_machine_global_method_dispatcher 0000000180015d00 f   QPSK_Transmit_v12c_optimizing_games_sfun_registry.obj
 0001:00014d60       sf_machine_global_terminator 0000000180015d60 f   QPSK_Transmit_v12c_optimizing_games_sfun_registry.obj
 0001:00014da0       sf_register_machine_exported_symbols 0000000180015da0 f   QPSK_Transmit_v12c_optimizing_games_sfun_registry.obj
 0001:00014dc0       callCustomFcn              0000000180015dc0 f   QPSK_Transmit_v12c_optimizing_games_sfun_registry.obj
 0001:00014dd0       sf_machine_global_initializer 0000000180015dd0 f   QPSK_Transmit_v12c_optimizing_games_sfun_registry.obj
 0001:00014e40       _ssSetStateAbsTol          0000000180015e40 f   QPSK_Transmit_v12c_optimizing_games_sfun_registry.obj
 0001:00014f20       _ssGetAbsTol               0000000180015f20 f   QPSK_Transmit_v12c_optimizing_games_sfun_registry.obj
 0001:00014f90       _ssSetInputPortMatrixDimensions 0000000180015f90 f   QPSK_Transmit_v12c_optimizing_games_sfun_registry.obj
 0001:000150a0       _ssSetOutputPortMatrixDimensions 00000001800160a0 f   QPSK_Transmit_v12c_optimizing_games_sfun_registry.obj
 0001:000151b0       _ssSetInputPortVectorDimension 00000001800161b0 f   QPSK_Transmit_v12c_optimizing_games_sfun_registry.obj
 0001:00015280       _ssSetOutputPortVectorDimension 0000000180016280 f   QPSK_Transmit_v12c_optimizing_games_sfun_registry.obj
 0001:00015350       ssIsRunTimeParamTunable    0000000180016350 f   QPSK_Transmit_v12c_optimizing_games_sfun_registry.obj
 0001:000153c0       ssGetSFuncBlockHandle      00000001800163c0 f   QPSK_Transmit_v12c_optimizing_games_sfun_registry.obj
 0001:00015430       _ssGetCurrentInputPortWidth 0000000180016430 f   QPSK_Transmit_v12c_optimizing_games_sfun_registry.obj
 0001:00015550       _ssGetCurrentOutputPortWidth 0000000180016550 f   QPSK_Transmit_v12c_optimizing_games_sfun_registry.obj
 0001:00015670       _ssGetCallSystemNumFcnCallDestinations 0000000180016670 f   QPSK_Transmit_v12c_optimizing_games_sfun_registry.obj
 0001:000156e0       ssWarning                  00000001800166e0 f   QPSK_Transmit_v12c_optimizing_games_sfun_registry.obj
 0001:000157f0       ssGetIsZeroCrossControlDisabled 00000001800167f0 f   QPSK_Transmit_v12c_optimizing_games_sfun_registry.obj
 0001:00015860       ssSetIsInputPortUsedForContZcSignal 0000000180016860 f   QPSK_Transmit_v12c_optimizing_games_sfun_registry.obj
 0001:000158d0       ssSetZcSignalIsZcElementDisc 00000001800168d0 f   QPSK_Transmit_v12c_optimizing_games_sfun_registry.obj
 0001:00015980       ssSetZcSignalName          0000000180016980 f   QPSK_Transmit_v12c_optimizing_games_sfun_registry.obj
 0001:000159f0       ssSetZcSignalWidth         00000001800169f0 f   QPSK_Transmit_v12c_optimizing_games_sfun_registry.obj
 0001:00015a60       ssSetZcSignalZcEventType   0000000180016a60 f   QPSK_Transmit_v12c_optimizing_games_sfun_registry.obj
 0001:00015ad0       ssSetZcSignalType          0000000180016ad0 f   QPSK_Transmit_v12c_optimizing_games_sfun_registry.obj
 0001:00015b40       ssSetZcSignalZcTol         0000000180016b40 f   QPSK_Transmit_v12c_optimizing_games_sfun_registry.obj
 0001:00015bb0       ssSetZcSignalNeedsEventNotification 0000000180016bb0 f   QPSK_Transmit_v12c_optimizing_games_sfun_registry.obj
 0001:00015c20       ssCreateAndAddZcSignalInfo 0000000180016c20 f   QPSK_Transmit_v12c_optimizing_games_sfun_registry.obj
 0001:00015c90       ssCloneAndAddZcSignalInfo  0000000180016c90 f   QPSK_Transmit_v12c_optimizing_games_sfun_registry.obj
 0001:00015d00       ssGetNumZcSignals          0000000180016d00 f   QPSK_Transmit_v12c_optimizing_games_sfun_registry.obj
 0001:00015d70       ssGetZcSignalVector        0000000180016d70 f   QPSK_Transmit_v12c_optimizing_games_sfun_registry.obj
 0001:00015de0       ssGetZcSignalZcEvents      0000000180016de0 f   QPSK_Transmit_v12c_optimizing_games_sfun_registry.obj
 0001:00015e50       ssGetZcSignalName          0000000180016e50 f   QPSK_Transmit_v12c_optimizing_games_sfun_registry.obj
 0001:00015ec0       ssGetZcSignalWidth         0000000180016ec0 f   QPSK_Transmit_v12c_optimizing_games_sfun_registry.obj
 0001:00015f30       ssGetZcSignalZcEventType   0000000180016f30 f   QPSK_Transmit_v12c_optimizing_games_sfun_registry.obj
 0001:00015fa0       ssGetZcSignalType          0000000180016fa0 f   QPSK_Transmit_v12c_optimizing_games_sfun_registry.obj
 0001:00016010       ssGetZcSignalZcTol         0000000180017010 f   QPSK_Transmit_v12c_optimizing_games_sfun_registry.obj
 0001:00016090       ssGetZcSignalNeedsEventNotification 0000000180017090 f   QPSK_Transmit_v12c_optimizing_games_sfun_registry.obj
 0001:00016100       ssGetZcSignalIsZcElementDisc 0000000180017100 f   QPSK_Transmit_v12c_optimizing_games_sfun_registry.obj
 0001:000161a0       ssGetIsInputPortElementContinuous 00000001800171a0 f   QPSK_Transmit_v12c_optimizing_games_sfun_registry.obj
 0001:00016240       _ssGetInputPortSignalPtrsFcn 0000000180017240 f   QPSK_Transmit_v12c_optimizing_games_sfun_registry.obj
 0001:00016500       _ssGetInputPortSignalFcn   0000000180017500 f   QPSK_Transmit_v12c_optimizing_games_sfun_registry.obj
 0001:00016720       _ssSetInputPortDirectFeedThroughFcn 0000000180017720 f   QPSK_Transmit_v12c_optimizing_games_sfun_registry.obj
 0001:00016880       _ssSetInputPortReusableFcn 0000000180017880 f   QPSK_Transmit_v12c_optimizing_games_sfun_registry.obj
 0001:00016970       _ssSetOutputPortReusableFcn 0000000180017970 f   QPSK_Transmit_v12c_optimizing_games_sfun_registry.obj
 0001:00016a50       ssGetDTypeIdFromMxArray    0000000180017a50 f   QPSK_Transmit_v12c_optimizing_games_sfun_registry.obj
 0001:00016b70       ssWriteRTWStr              0000000180017b70 f   QPSK_Transmit_v12c_optimizing_games_sfun_registry.obj
 0001:00016bd0       ssWriteRTWMxVectParam      0000000180017bd0 f   QPSK_Transmit_v12c_optimizing_games_sfun_registry.obj
 0001:00016c30       ssWriteRTWMx2dMatParam     0000000180017c30 f   QPSK_Transmit_v12c_optimizing_games_sfun_registry.obj
 0001:00016cb0       ssWriteRTWNameValuePair    0000000180017cb0 f   QPSK_Transmit_v12c_optimizing_games_sfun_registry.obj
 0001:000171a0       ssWriteRTWParameters       00000001800181a0 f   QPSK_Transmit_v12c_optimizing_games_sfun_registry.obj
 0001:000177a0       ssWriteRTWParamSettings    00000001800187a0 f   QPSK_Transmit_v12c_optimizing_games_sfun_registry.obj
 0001:00017e70       ssWriteRTWWorkVect         0000000180018e70 f   QPSK_Transmit_v12c_optimizing_games_sfun_registry.obj
 0001:00018370       mexFunction                0000000180019370 f   QPSK_Transmit_v12c_optimizing_games_sfun_registry.obj
 0001:0001a030       ProcessMexSfunctionEveryCall 000000018001b030 f   QPSK_Transmit_v12c_optimizing_games_sfun_registry.obj
 0001:0001a1a0       QPSK_Transmit_v12c_optimizing_games_initializer 000000018001b1a0 f   QPSK_Transmit_v12c_optimizing_games_sfun.obj
 0001:0001a1b0       QPSK_Transmit_v12c_optimizing_games_terminator 000000018001b1b0 f   QPSK_Transmit_v12c_optimizing_games_sfun.obj
 0001:0001a1c0       sf_QPSK_Transmit_v12c_optimizing_games_method_dispatcher 000000018001b1c0 f   QPSK_Transmit_v12c_optimizing_games_sfun.obj
 0001:0001a230       sf_QPSK_Transmit_v12c_optimizing_games_process_check_sum_call 000000018001b230 f   QPSK_Transmit_v12c_optimizing_games_sfun.obj
 0001:0001a650       sf_QPSK_Transmit_v12c_optimizing_games_autoinheritance_info 000000018001b650 f   QPSK_Transmit_v12c_optimizing_games_sfun.obj
 0001:0001a810       sf_QPSK_Transmit_v12c_optimizing_games_get_eml_resolved_functions_info 000000018001b810 f   QPSK_Transmit_v12c_optimizing_games_sfun.obj
 0001:0001a980       QPSK_Transmit_v12c_optimizing_games_debug_initialize 000000018001b980 f   QPSK_Transmit_v12c_optimizing_games_sfun.obj
 0001:0001a9f0       QPSK_Transmit_v12c_optimizing_games_register_exported_symbols 000000018001b9f0 f   QPSK_Transmit_v12c_optimizing_games_sfun.obj
 0001:0001aa00       load_QPSK_Transmit_v12c_optimizing_games_optimization_info 000000018001ba00 f   QPSK_Transmit_v12c_optimizing_games_sfun.obj
 0001:0001aa50       unload_QPSK_Transmit_v12c_optimizing_games_optimization_info 000000018001ba50 f   QPSK_Transmit_v12c_optimizing_games_sfun.obj
 0001:0001ab70       sf_mex_mx_is_numeric       000000018001bb70 f   sfc_mex:sfc_mex.obj
 0001:0001abb0       strcmp_ignore_ws           000000018001bbb0 f   sfc_mex:sfc_mex.obj
 0001:0001acf0       sf_mex_duplicatearraysafe  000000018001bcf0 f   sfc_mex:sfc_mex.obj
 0001:0001ae50       sf_set_error_debugger_context_message_fcn 000000018001be50 f   sfc_mex:sfc_mex.obj
 0001:0001ae60       sf_set_debugger_matlab_error_fcn 000000018001be60 f   sfc_mex:sfc_mex.obj
 0001:0001ae90       sf_set_error_prefix_string 000000018001be90 f   sfc_mex:sfc_mex.obj
 0001:0001aec0       sf_get_error_prefix_string 000000018001bec0 f   sfc_mex:sfc_mex.obj
 0001:0001aed0       sf_mex_enter_parallel_region 000000018001bed0 f   sfc_mex:sfc_mex.obj
 0001:0001aee0       sf_mex_exit_parallel_region 000000018001bee0 f   sfc_mex:sfc_mex.obj
 0001:0001aef0       sf_get_current_jmp_buf_ptr 000000018001bef0 f   sfc_mex:sfc_mex.obj
 0001:0001af00       sf_set_current_jmp_buf_ptr 000000018001bf00 f   sfc_mex:sfc_mex.obj
 0001:0001af10       sf_mex_set_halt_simulation 000000018001bf10 f   sfc_mex:sfc_mex.obj
 0001:0001af20       sf_mex_get_halt_simulation 000000018001bf20 f   sfc_mex:sfc_mex.obj
 0001:0001af30       sf_mex_clear_error_message 000000018001bf30 f   sfc_mex:sfc_mex.obj
 0001:0001af50       sf_mex_get_error_message_for_read 000000018001bf50 f   sfc_mex:sfc_mex.obj
 0001:0001af60       sf_mex_get_error_message_buffer_length 000000018001bf60 f   sfc_mex:sfc_mex.obj
 0001:0001b040       sf_mex_warning_message     000000018001c040 f   sfc_mex:sfc_mex.obj
 0001:0001b0b0       sf_mex_v_errbuf_createf    000000018001c0b0 f   sfc_mex:sfc_mex.obj
 0001:0001b0c0       sf_mex_errbuf_createf      000000018001c0c0 f   sfc_mex:sfc_mex.obj
 0001:0001b0f0       sf_mex_v_errbuf_catf       000000018001c0f0 f   sfc_mex:sfc_mex.obj
 0001:0001b130       sf_mex_errbuf_catf         000000018001c130 f   sfc_mex:sfc_mex.obj
 0001:0001b180       sf_mex_errbuf_copy         000000018001c180 f   sfc_mex:sfc_mex.obj
 0001:0001b190       sf_mex_errbuf_clear        000000018001c190 f   sfc_mex:sfc_mex.obj
 0001:0001b1a0       sf_mex_errbuf_isempty      000000018001c1a0 f   sfc_mex:sfc_mex.obj
 0001:0001b2b0       sf_mex_set_error_status    000000018001c2b0 f   sfc_mex:sfc_mex.obj
 0001:0001b300       sf_mex_error_direct_call   000000018001c300 f   sfc_mex:sfc_mex.obj
 0001:0001b320       sf_mex_error_message_no_long_jump 000000018001c320 f   sfc_mex:sfc_mex.obj
 0001:0001b340       sf_mex_long_jump_on_error  000000018001c340 f   sfc_mex:sfc_mex.obj
 0001:0001b370       sf_mex_call_matlab         000000018001c370 f   sfc_mex:sfc_mex.obj
 0001:0001b490       sf_mex_check_builtin       000000018001c490 f   sfc_mex:sfc_mex.obj
 0001:0001b530       sf_mex_check_builtin_vs    000000018001c530 f   sfc_mex:sfc_mex.obj
 0001:0001b5f0       sf_mex_check_enum          000000018001c5f0 f   sfc_mex:sfc_mex.obj
 0001:0001b670       sf_mex_create_enum         000000018001c670 f   sfc_mex:sfc_mex.obj
 0001:0001b6e0       sf_mex_get_enum_element    000000018001c6e0 f   sfc_mex:sfc_mex.obj
 0001:0001b6f0       sf_mex_createcellarray     000000018001c6f0 f   sfc_mex:sfc_mex.obj
 0001:0001b700       sf_mex_setcell             000000018001c700 f   sfc_mex:sfc_mex.obj
 0001:0001b710       sf_mex_getcell             000000018001c710 f   sfc_mex:sfc_mex.obj
 0001:0001b720       sf_mex_dup                 000000018001c720 f   sfc_mex:sfc_mex.obj
 0001:0001b740       sf_mex_assign              000000018001c740 f   sfc_mex:sfc_mex.obj
 0001:0001b7c0       sf_mex_destroy             000000018001c7c0 f   sfc_mex:sfc_mex.obj
 0001:0001b7f0       mx_array_has_fi_type       000000018001c7f0 f   sfc_mex:sfc_mex.obj
 0001:0001b820       sf_mex_convert_from_fi     000000018001c820 f   sfc_mex:sfc_mex.obj
 0001:0001b950       sf_mex_convert_to_double   000000018001c950 f   sfc_mex:sfc_mex.obj
 0001:0001ba70       sf_mex_import_fi_vs        000000018001ca70 f   sfc_mex:sfc_mex.obj
 0001:0001bc30       sf_matrix_matrix_index_ok  000000018001cc30 f   sfc_mex:sfc_mex.obj
 0001:0001bcc0       sf_vector_vector_index_ok  000000018001ccc0 f   sfc_mex:sfc_mex.obj
 0001:0001bcf0       ssGetCurrentInputPortDimensions_wrapper 000000018001ccf0 f   sfc_mex:sfc_mex.obj
 0001:0001bd10       ssGetCurrentOutputPortDimensions_wrapper 000000018001cd10 f   sfc_mex:sfc_mex.obj
 0001:0001bd30       sf_mex_emlrt_context_is_debug_mode 000000018001cd30 f   sfc_mex:sfc_mex.obj
 0001:0001bd40       sf_mex_emlrt_context_set_debug_mode 000000018001cd40 f   sfc_mex:sfc_mex.obj
 0001:0001bd50       sf_mex_emlrtNameCapturePostProcessR2012a 000000018001cd50 f   sfc_mex:sfc_mex.obj
 0001:0001bdc0       sf_clear_error_manager_info 000000018001cdc0 f   sfc_mex:sfc_mex.obj
 0001:0001be20       sf_mex_stop_simulation_abruptly_wo_error 000000018001ce20 f   sfc_mex:sfc_mex.obj
 0001:0001be60       sf_mex_error_message       000000018001ce60 f   sfc_mex:sfc_mex.obj
 0001:0001bec0       sf_react_to_error_in_matlab_call 000000018001cec0 f   sfc_mex:sfc_mex.obj
 0001:0001bef0       sf_mex_addfield            000000018001cef0 f   sfc_mex:sfc_mex.obj
 0001:0001bf90       sf_mex_getfield            000000018001cf90 f   sfc_mex:sfc_mex.obj
 0001:0001c290       sf_mex_check_class         000000018001d290 f   sfc_mex:sfc_mex.obj
 0001:0001c330       sf_mex_is_real             000000018001d330 f   sfc_mex:sfc_mex.obj
 0001:0001c7a0       sf_mex_decode_encoded_mx_struct_array 000000018001d7a0 f   sfc_mex:sfc_mex.obj
 0001:0001ca80       sf_mex_lw_bounds_check     000000018001da80 f   sfc_mex:sfc_mex.obj
 0001:0001cab0       sf_mex_lw_size_eq_check_1d 000000018001dab0 f   sfc_mex:sfc_mex.obj
 0001:0001cad0       sf_mex_lw_size_eq_check_nd 000000018001dad0 f   sfc_mex:sfc_mex.obj
 0001:0001ccb0       sf_mex_lw_dim_size_eq_check 000000018001dcb0 f   sfc_mex:sfc_mex.obj
 0001:0001cce0       sf_mex_lw_dim_size_geq_check 000000018001dce0 f   sfc_mex:sfc_mex.obj
 0001:0001cd10       sf_mex_lw_sub_assign_size_check_nd 000000018001dd10 f   sfc_mex:sfc_mex.obj
 0001:0001cf40       sf_mex_lw_runtime_error_msgid 000000018001df40 f   sfc_mex:sfc_mex.obj
 0001:0001d030       sf_mex_lw_matrix_matrix_index_check 000000018001e030 f   sfc_mex:sfc_mex.obj
 0001:0001d050       sf_mex_lw_vector_vector_index_check 000000018001e050 f   sfc_mex:sfc_mex.obj
 0001:0001d090       sf_mex_lw_for_loop_vector_check 000000018001e090 f   sfc_mex:sfc_mex.obj
 0001:0001d120       sf_mex_lw_non_negative_check 000000018001e120 f   sfc_mex:sfc_mex.obj
 0001:0001d160       sf_mex_overflow_error      000000018001e160 f   sfc_mex:sfc_mex.obj
 0001:0001d170       sf_mex_dividebyzero_error  000000018001e170 f   sfc_mex:sfc_mex.obj
 0001:0001d180       sf_mex_unsafe_enum_error   000000018001e180 f   sfc_mex:sfc_mex.obj
 0001:0001d190       sf_emlrtErrHandler         000000018001e190 f   sfc_mex:sfc_mex.obj
 0001:0001d270       sf_mex_size_one_check      000000018001e270 f   sfc_mex:sfc_mex.obj
 0001:0001d290       sf_mex_printf              000000018001e290 f   sfc_mex:sfc_mex.obj
 0001:0001d460       sf_mex_check_size          000000018001e460 f   sfc_mex:sfc_mex.obj
 0001:0001d730       sf_mex_check_struct        000000018001e730 f   sfc_mex:sfc_mex.obj
 0001:0001d990       sf_mex_check_struct_vs     000000018001e990 f   sfc_mex:sfc_mex.obj
 0001:0001da20       sf_mex_check_fi            000000018001ea20 f   sfc_mex:sfc_mex.obj
 0001:0001db20       sf_mex_check_fi_vs         000000018001eb20 f   sfc_mex:sfc_mex.obj
 0001:0001dbc0       sf_echo_expression         000000018001ebc0 f   sfc_mex:sfc_mex.obj
 0001:0001dc20       sf_assertion_failed        000000018001ec20 f   sfc_mex:sfc_mex.obj
 0001:0001df00       sf_mex_evalin              000000018001ef00 f   sfc_mex:sfc_mex.obj
 0001:0001e170       sf_mex_export              000000018001f170 f   sfc_mex:sfc_mex.obj
 0001:0001e230       sf_mex_get_ml_var_no_error 000000018001f230 f   sfc_mex:sfc_mex.obj
 0001:0001e3d0       sf_mex_get_ml_var          000000018001f3d0 f   sfc_mex:sfc_mex.obj
 0001:0001e870       ml_set_element_value_in_array 000000018001f870 f   sfc_mex:sfc_mex.obj
 0001:0001ff40       sf_mex_call_impl           0000000180020f40 f   sfc_mex:sfc_mex.obj
 0001:00020470       sf_mex_call_debug          0000000180021470 f   sfc_mex:sfc_mex.obj
 0001:000204a0       sf_mex_call                00000001800214a0 f   sfc_mex:sfc_mex.obj
 0001:00020af0       sf_mex_createstruct        0000000180021af0 f   sfc_mex:sfc_mex.obj
 0001:00020be0       sf_mex_createstructarray   0000000180021be0 f   sfc_mex:sfc_mex.obj
 0001:00020c60       sf_mex_get_mx_datatype_from_sf_datatype 0000000180021c60 f   sfc_mex:sfc_mex.obj
 0001:00020f70       sf_mex_ml_var_sub          0000000180021f70 f   sfc_mex:sfc_mex.obj
 0001:00021140       sf_mex_ml_var_subsasgn     0000000180022140 f   sfc_mex:sfc_mex.obj
 0001:00021530       sf_mex_sub                 0000000180022530 f   sfc_mex:sfc_mex.obj
 0001:00021730       sf_mex_subsasgn            0000000180022730 f   sfc_mex:sfc_mex.obj
 0001:00021c10       sf_mex_create              0000000180022c10 f   sfc_mex:sfc_mex.obj
 0001:00022660       sf_mex_import_named        0000000180023660 f   sfc_mex:sfc_mex.obj
 0001:000226c0       sf_mex_import              00000001800236c0 f   sfc_mex:sfc_mex.obj
 0001:00022710       sf_mex_import_vs           0000000180023710 f   sfc_mex:sfc_mex.obj
 0001:00022820       sf_mex_lower_fixpt_mx_array 0000000180023820 f   sfc_mex:sfc_mex.obj
 0001:00022b10       sf_send_message_wrapper    0000000180023b10 f   sfc_mex:sfc_sf.obj
 0001:00022b40       sf_receive_message_wrapper 0000000180023b40 f   sfc_mex:sfc_sf.obj
 0001:00022b80       sf_check_out_message_wrapper 0000000180023b80 f   sfc_mex:sfc_sf.obj
 0001:00022bc0       sf_check_in_message_wrapper 0000000180023bc0 f   sfc_mex:sfc_sf.obj
 0001:00022c00       sf_no_message_wrapper      0000000180023c00 f   sfc_mex:sfc_sf.obj
 0001:00022f90       sim_mode_is_rtw_gen        0000000180023f90 f   sfc_mex:sfc_sf.obj
 0001:00022fc0       sim_mode_is_external       0000000180023fc0 f   sfc_mex:sfc_sf.obj
 0001:00022fd0       sim_mode_is_modelref_sim   0000000180023fd0 f   sfc_mex:sfc_sf.obj
 0001:00022ff0       mdlInitializeSizes         0000000180023ff0 f   sfc_mex:sfc_sf.obj
 0001:00023010       mdlInitializeSampleTimes   0000000180024010 f   sfc_mex:sfc_sf.obj
 0001:00023050       mdlZeroCrossings           0000000180024050 f   sfc_mex:sfc_sf.obj
 0001:00023130       mdlDerivatives             0000000180024130 f   sfc_mex:sfc_sf.obj
 0001:000231e0       mdl_initialize_conditions_processing 00000001800241e0 f   sfc_mex:sfc_sf.obj
 0001:00023210       mdlInitializeConditions    0000000180024210 f   sfc_mex:sfc_sf.obj
 0001:000232d0       mdlGetSimState             00000001800242d0 f   sfc_mex:sfc_sf.obj
 0001:000232e0       mdlSetSimState             00000001800242e0 f   sfc_mex:sfc_sf.obj
 0001:000232f0       mdl_ext_mode_exec_processing 00000001800242f0 f   sfc_mex:sfc_sf.obj
 0001:00023310       mdlExtModeExec             0000000180024310 f   sfc_mex:sfc_sf.obj
 0001:000234a0       mdlTerminate               00000001800244a0 f   sfc_mex:sfc_sf.obj
 0001:00023510       mdlRTW                     0000000180024510 f   sfc_mex:sfc_sf.obj
 0001:00023540       mdlSetWorkWidths           0000000180024540 f   sfc_mex:sfc_sf.obj
 0001:00023550       mdlProcessParameters       0000000180024550 f   sfc_mex:sfc_sf.obj
 0001:00023560       mdl_start_processing       0000000180024560 f   sfc_mex:sfc_sf.obj
 0001:000235c0       mdlStart                   00000001800245c0 f   sfc_mex:sfc_sf.obj
 0001:000236d0       mdlEnable                  00000001800246d0 f   sfc_mex:sfc_sf.obj
 0001:000237a0       mdlDisable                 00000001800247a0 f   sfc_mex:sfc_sf.obj
 0001:00023850       sf_get_chart_instance_ptr  0000000180024850 f   sfc_mex:sfc_sf.obj
 0001:00023870       sf_load_rtw_optimization_info 0000000180024870 f   sfc_mex:sfc_sf.obj
 0001:00023940       sf_rtw_info_uint_prop      0000000180024940 f   sfc_mex:sfc_sf.obj
 0001:00023a80       sf_is_chart_inlinable      0000000180024a80 f   sfc_mex:sfc_sf.obj
 0001:00023aa0       sf_mark_output_events_with_multiple_callers 0000000180024aa0 f   sfc_mex:sfc_sf.obj
 0001:00023c30       sf_mark_chart_reusable_outputs 0000000180024c30 f   sfc_mex:sfc_sf.obj
 0001:00023e90       sf_mark_chart_expressionable_inputs 0000000180024e90 f   sfc_mex:sfc_sf.obj
 0001:000240f0       sf_get_subchart_simstruct  00000001800250f0 f   sfc_mex:sfc_sf.obj
 0001:00024140       sf_get_fixpt_data_type_id  0000000180025140 f   sfc_mex:sfc_sf.obj
 0001:00024180       sf_get_enum_data_type_id   0000000180025180 f   sfc_mex:sfc_sf.obj
 0001:000241c0       sf_get_param_data_type_id  00000001800251c0 f   sfc_mex:sfc_sf.obj
 0001:000241f0       sf_mex_listen_for_ctrl_c_force 00000001800251f0 f   sfc_mex:sfc_sf.obj
 0001:00024300       sf_mex_draw_now            0000000180025300 f   sfc_mex:sfc_sf.obj
 0001:00024340       sf_mex_set_debugger_sim_status_listener_fcn 0000000180025340 f   sfc_mex:sfc_sf.obj
 0001:00024350       sf_mex_listen_for_ctrl_c   0000000180025350 f   sfc_mex:sfc_sf.obj
 0001:000243e0       sf_mex_get_sfun_param      00000001800253e0 f   sfc_mex:sfc_sf.obj
 0001:00024430       sf_get_runtime_param_data  0000000180025430 f   sfc_mex:sfc_sf.obj
 0001:00024470       sf_call_output_fcn_call    0000000180025470 f   sfc_mex:sfc_sf.obj
 0001:000245b0       sf_call_output_fcn_enable  00000001800255b0 f   sfc_mex:sfc_sf.obj
 0001:00024640       sf_call_output_fcn_disable 0000000180025640 f   sfc_mex:sfc_sf.obj
 0001:000246d0       sf_clear_rtw_identifier    00000001800256d0 f   sfc_mex:sfc_sf.obj
 0001:00024ec0       sf_set_encoded_dwork_info  0000000180025ec0 f   sfc_mex:sfc_sf.obj
 0001:00024f10       sf_get_dwork_info_from_mat_file 0000000180025f10 f   sfc_mex:sfc_sf.obj
 0001:000250d0       sf_set_rtw_dwork_info      00000001800260d0 f   sfc_mex:sfc_sf.obj
 0001:00025240       mdlOutputs                 0000000180026240 f   sfc_mex:sfc_sf.obj
 0001:000253e0       sf_debug_disp              00000001800263e0 f   sfc_debug:sfcdebug.obj
 0001:00025640       sf_debug_data_runtime_size_mismatch_error_check 0000000180026640 f   sfc_debug:sfcdebug.obj
 0001:000256e0       sf_debug_try_loading_machine 00000001800266e0 f   sfc_debug:sfcdebug.obj
 0001:000257e0       sf_debug_reset_current_state_configuration 00000001800267e0 f   sfc_debug:sfcdebug.obj
 0001:00025870       sf_debug_store_current_state_configuration 0000000180026870 f   sfc_debug:sfcdebug.obj
 0001:00025900       sf_debug_restore_previous_state_configuration 0000000180026900 f   sfc_debug:sfcdebug.obj
 0001:00025990       sf_debug_restore_previous_state_configuration2 0000000180026990 f   sfc_debug:sfcdebug.obj
 0001:00025a20       sf_debug_get_event_scope   0000000180026a20 f   sfc_debug:sfcdebug.obj
 0001:00025b90       use_debugger_step_animation 0000000180026b90 f   sfc_debug:sfcdebug.obj
 0001:00025bb0       sf_debug_get_script_id     0000000180026bb0 f   sfc_debug:sfcdebug.obj
 0001:00025c40       sf_debug_set_script_translation 0000000180026c40 f   sfc_debug:sfcdebug.obj
 0001:00025dc0       sf_debug_extract_message_post_receive_info 0000000180026dc0 f   sfc_debug:sfcdebug.obj
 0001:00025ec0       sf_debug_get_current_machine_id 0000000180026ec0 f   sfc_debug:sfcdebug.obj
 0001:00025ee0       sf_debug_get_current_optional_integer 0000000180026ee0 f   sfc_debug:sfcdebug.obj
 0001:00025ef0       sf_debug_get_current_machine_number 0000000180026ef0 f   sfc_debug:sfcdebug.obj
 0001:00025f10       sf_debug_get_current_machine_name 0000000180026f10 f   sfc_debug:sfcdebug.obj
 0001:00025f30       sf_debug_get_current_chart_id 0000000180026f30 f   sfc_debug:sfcdebug.obj
 0001:00025f80       sf_debug_get_current_chart_number 0000000180026f80 f   sfc_debug:sfcdebug.obj
 0001:00025f90       sf_debug_get_current_instance_number 0000000180026f90 f   sfc_debug:sfcdebug.obj
 0001:00025fa0       sf_debug_get_current_is_minor_time_step 0000000180026fa0 f   sfc_debug:sfcdebug.obj
 0001:00026020       sf_debug_get_current_object_type 0000000180027020 f   sfc_debug:sfcdebug.obj
 0001:00026030       sf_debug_get_current_instance_handle 0000000180027030 f   sfc_debug:sfcdebug.obj
 0001:00026090       sf_debug_get_current_event_type 0000000180027090 f   sfc_debug:sfcdebug.obj
 0001:000260a0       sf_debug_get_current_object_id 00000001800270a0 f   sfc_debug:sfcdebug.obj
 0001:000260e0       sf_debug_get_current_active_event_type 00000001800270e0 f   sfc_debug:sfcdebug.obj
 0001:000260f0       sf_debug_get_current_active_event_id 00000001800270f0 f   sfc_debug:sfcdebug.obj
 0001:00026130       sf_debug_get_current_tag_type 0000000180027130 f   sfc_debug:sfcdebug.obj
 0001:00026140       sf_debug_get_current_simulation_time 0000000180027140 f   sfc_debug:sfcdebug.obj
 0001:00026150       sf_debug_get_current_coverage_percentage 0000000180027150 f   sfc_debug:sfcdebug.obj
 0001:00026160       sf_debug_current_statement_context 0000000180027160 f   sfc_debug:sfcdebug.obj
 0001:000261f0       sf_debug_get_current_statement_info 00000001800271f0 f   sfc_debug:sfcdebug.obj
 0001:00026370       sf_debug_terminate_instance 0000000180027370 f   sfc_debug:sfcdebug.obj
 0001:000266b0       sf_debug_assertion_failed  00000001800276b0 f   sfc_debug:sfcdebug.obj
 0001:00026910       sf_debug_set_number_of_data_with_change_event_for_machine 0000000180027910 f   sfc_debug:sfcdebug.obj
 0001:00026950       sf_debug_set_machine_event_thresholds 0000000180027950 f   sfc_debug:sfcdebug.obj
 0001:00026970       sf_debug_set_machine_event_scope 0000000180027970 f   sfc_debug:sfcdebug.obj
 0001:000269b0       sf_debug_set_machine_data_thresholds 00000001800279b0 f   sfc_debug:sfcdebug.obj
 0001:000269f0       sf_debug_set_machine_data_scope 00000001800279f0 f   sfc_debug:sfcdebug.obj
 0001:00026a80       sf_debug_set_machine_data_name 0000000180027a80 f   sfc_debug:sfcdebug.obj
 0001:00026b20       sf_debug_set_machine_data_size 0000000180027b20 f   sfc_debug:sfcdebug.obj
 0001:00026c60       sf_debug_set_machine_data_type 0000000180027c60 f   sfc_debug:sfcdebug.obj
 0001:00026dd0       sf_debug_get_chart_data_number 0000000180027dd0 f   sfc_debug:sfcdebug.obj
 0001:00026df0       sf_debug_get_chart_event_number 0000000180027df0 f   sfc_debug:sfcdebug.obj
 0001:00026e10       sf_debug_set_chart_state_info 0000000180027e10 f   sfc_debug:sfcdebug.obj
 0001:00026e90       sf_debug_set_chart_decomposition 0000000180027e90 f   sfc_debug:sfcdebug.obj
 0001:00026f00       sf_debug_set_chart_substate_count 0000000180027f00 f   sfc_debug:sfcdebug.obj
 0001:00026fe0       sf_debug_set_chart_substate_index 0000000180027fe0 f   sfc_debug:sfcdebug.obj
 0001:00027050       sf_debug_set_chart_state_substate_count 0000000180028050 f   sfc_debug:sfcdebug.obj
 0001:00027160       sf_debug_set_chart_state_substate_index 0000000180028160 f   sfc_debug:sfcdebug.obj
 0001:000271e0       sf_debug_set_number_of_data_with_change_event_for_chart 00000001800281e0 f   sfc_debug:sfcdebug.obj
 0001:00027260       sf_debug_set_number_of_states_with_entry_event_for_chart 0000000180028260 f   sfc_debug:sfcdebug.obj
 0001:000272d0       sf_debug_set_number_of_states_with_exit_event_for_chart 00000001800282d0 f   sfc_debug:sfcdebug.obj
 0001:00027340       sf_debug_set_chart_disable_implicit_casting 0000000180028340 f   sfc_debug:sfcdebug.obj
 0001:000273b0       sf_debug_set_chart_event_thresholds 00000001800283b0 f   sfc_debug:sfcdebug.obj
 0001:00027420       sf_debug_set_chart_data_compiled_props 0000000180028420 f   sfc_debug:sfcdebug.obj
 0001:00027770       sf_debug_set_chart_data_props 0000000180028770 f   sfc_debug:sfcdebug.obj
 0001:00027a90       sf_debug_check_fi_license  0000000180028a90 f   sfc_debug:sfcdebug.obj
 0001:00027c80       sf_debug_symbol_scope_push 0000000180028c80 f   sfc_debug:sfcdebug.obj
 0001:00027cc0       sf_debug_symbol_scope_push_eml 0000000180028cc0 f   sfc_debug:sfcdebug.obj
 0001:00027d10       sf_debug_symbol_scope_pop  0000000180028d10 f   sfc_debug:sfcdebug.obj
 0001:00027d50       sf_debug_symbol_scope_add_importable 0000000180028d50 f   sfc_debug:sfcdebug.obj
 0001:00027dd0       sf_debug_symbol_scope_add  0000000180028dd0 f   sfc_debug:sfcdebug.obj
 0001:00027e50       sf_debug_symbol_scope_add_dyn_importable 0000000180028e50 f   sfc_debug:sfcdebug.obj
 0001:00027f10       sf_debug_symbol_scope_add_dyn 0000000180028f10 f   sfc_debug:sfcdebug.obj
 0001:00027f40       sf_debug_symbol_scope_add_eml_importable 0000000180028f40 f   sfc_debug:sfcdebug.obj
 0001:00027f80       sf_debug_symbol_scope_add_eml 0000000180028f80 f   sfc_debug:sfcdebug.obj
 0001:00027fc0       sf_debug_symbol_scope_add_eml_dyn_importable 0000000180028fc0 f   sfc_debug:sfcdebug.obj
 0001:00028030       sf_debug_symbol_scope_add_eml_dyn 0000000180029030 f   sfc_debug:sfcdebug.obj
 0001:00028090       sf_debug_symbol_switch     0000000180029090 f   sfc_debug:sfcdebug.obj
 0001:000280b0       sf_debug_symbol_scope_add_verbose 00000001800290b0 f   sfc_debug:sfcdebug.obj
 0001:00028180       sf_debug_set_machine_data_value_ptr 0000000180029180 f   sfc_debug:sfcdebug.obj
 0001:000281c0       sf_debug_set_instance_data_value_ptr 00000001800291c0 f   sfc_debug:sfcdebug.obj
 0001:00028280       sf_debug_unset_instance_data_value_ptr 0000000180029280 f   sfc_debug:sfcdebug.obj
 0001:00028330       sf_debug_set_chart_event_scope 0000000180029330 f   sfc_debug:sfcdebug.obj
 0001:000283b0       sf_debug_set_chart_transition_coverage_maps 00000001800293b0 f   sfc_debug:sfcdebug.obj
 0001:000284c0       sf_debug_set_chart_state_coverage_maps 00000001800294c0 f   sfc_debug:sfcdebug.obj
 0001:000285a0       sf_debug_set_instance_transition_coverage_weights 00000001800295a0 f   sfc_debug:sfcdebug.obj
 0001:00028640       sf_debug_set_instance_state_coverage_weights 0000000180029640 f   sfc_debug:sfcdebug.obj
 0001:00028890       sf_debug_unload_machine    0000000180029890 f   sfc_debug:sfcdebug.obj
 0001:000288e0       sf_debug_load_machine      00000001800298e0 f   sfc_debug:sfcdebug.obj
 0001:000289e0       sf_debug_set_active_instance_in_data_dictionary 00000001800299e0 f   sfc_debug:sfcdebug.obj
 0001:00028bc0       sf_debug_set_active_instance 0000000180029bc0 f   sfc_debug:sfcdebug.obj
 0001:00028d20       sf_debug_chart_visiblity_change 0000000180029d20 f   sfc_debug:sfcdebug.obj
 0001:00028e20       sf_debug_select_chart      0000000180029e20 f   sfc_debug:sfcdebug.obj
 0001:00028f90       sf_debug_set_instance_cv_ids 0000000180029f90 f   sfc_debug:sfcdebug.obj
 0001:000292a0       sf_debug_select_charts     000000018002a2a0 f   sfc_debug:sfcdebug.obj
 0001:00029430       sf_debug_initialized       000000018002a430 f   sfc_debug:sfcdebug.obj
 0001:00029440       sf_debug_is_uninterruptible 000000018002a440 f   sfc_debug:sfcdebug.obj
 0001:00029470       sf_debug_initialize_debugger_gui 000000018002a470 f   sfc_debug:sfcdebug.obj
 0001:00029860       sf_debug_resume            000000018002a860 f   sfc_debug:sfcdebug.obj
 0001:00029880       sf_debug_go                000000018002a880 f   sfc_debug:sfcdebug.obj
 0001:00029890       sf_debug_break             000000018002a890 f   sfc_debug:sfcdebug.obj
 0001:000298a0       sf_debug_step_over         000000018002a8a0 f   sfc_debug:sfcdebug.obj
 0001:000298b0       sf_debug_step_out          000000018002a8b0 f   sfc_debug:sfcdebug.obj
 0001:000298c0       sf_debug_set_disable_all_breakpoints 000000018002a8c0 f   sfc_debug:sfcdebug.obj
 0001:000298d0       sf_debug_disable_all_breakpoints_and_go 000000018002a8d0 f   sfc_debug:sfcdebug.obj
 0001:000298e0       sf_debug_break_on_chart_entry 000000018002a8e0 f   sfc_debug:sfcdebug.obj
 0001:000298f0       sf_debug_break_on_event_broadcast 000000018002a8f0 f   sfc_debug:sfcdebug.obj
 0001:00029900       sf_debug_break_on_state_entry 000000018002a900 f   sfc_debug:sfcdebug.obj
 0001:00029910       sf_debug_break_between_times 000000018002a910 f   sfc_debug:sfcdebug.obj
 0001:00029930       sf_debug_browse_data       000000018002a930 f   sfc_debug:sfcdebug.obj
 0001:00029950       sf_debug_watch_data        000000018002a950 f   sfc_debug:sfcdebug.obj
 0001:00029970       sf_debug_assign_data       000000018002a970 f   sfc_debug:sfcdebug.obj
 0001:00029990       sf_debug_whos              000000018002a990 f   sfc_debug:sfcdebug.obj
 0001:000299b0       sf_debug_get_consistency_info 000000018002a9b0 f   sfc_debug:sfcdebug.obj
 0001:000299c0       sf_debug_browse_trace      000000018002a9c0 f   sfc_debug:sfcdebug.obj
 0001:000299d0       sf_debug_set_breakpoints   000000018002a9d0 f   sfc_debug:sfcdebug.obj
 0001:00029b30       sf_debug_set_eml_breakpoints 000000018002ab30 f   sfc_debug:sfcdebug.obj
 0001:00029c90       sf_debug_set_script_breakpoints 000000018002ac90 f   sfc_debug:sfcdebug.obj
 0001:00029d10       sf_debug_add_script_breakpoints 000000018002ad10 f   sfc_debug:sfcdebug.obj
 0001:00029d80       sf_debug_clear_script_breakpoints 000000018002ad80 f   sfc_debug:sfcdebug.obj
 0001:00029df0       sf_debug_query_script_breakpoints 000000018002adf0 f   sfc_debug:sfcdebug.obj
 0001:00029eb0       sf_debug_get_eml_script_id 000000018002aeb0 f   sfc_debug:sfcdebug.obj
 0001:00029f00       sf_debug_set_watch         000000018002af00 f   sfc_debug:sfcdebug.obj
 0001:0002a130       sf_debug_get_instance_handle 000000018002b130 f   sfc_debug:sfcdebug.obj
 0001:0002a1c0       sf_debug_get_active_states 000000018002b1c0 f   sfc_debug:sfcdebug.obj
 0001:0002a1d0       sf_debug_get_animation     000000018002b1d0 f   sfc_debug:sfcdebug.obj
 0001:0002a1e0       sf_debug_set_animation     000000018002b1e0 f   sfc_debug:sfcdebug.obj
 0001:0002a1f0       sf_debug_animate           000000018002b1f0 f   sfc_debug:sfcdebug.obj
 0001:0002a220       sf_debug_cycle_detection_check 000000018002b220 f   sfc_debug:sfcdebug.obj
 0001:0002a230       sf_debug_data_range_check  000000018002b230 f   sfc_debug:sfcdebug.obj
 0001:0002a240       sf_debug_transition_conflict_check 000000018002b240 f   sfc_debug:sfcdebug.obj
 0001:0002a250       sf_debug_state_consistency_check 000000018002b250 f   sfc_debug:sfcdebug.obj
 0001:0002a260       sf_debug_data_range_check_enabled 000000018002b260 f   sfc_debug:sfcdebug.obj
 0001:0002a280       sf_debug_transition_conflict_check_enabled 000000018002b280 f   sfc_debug:sfcdebug.obj
 0001:0002a2a0       sf_debug_transition_conflict_check_begin 000000018002b2a0 f   sfc_debug:sfcdebug.obj
 0001:0002a2c0       sf_debug_transition_conflict_check_end 000000018002b2c0 f   sfc_debug:sfcdebug.obj
 0001:0002a2e0       sf_debug_stop_debugging    000000018002b2e0 f   sfc_debug:sfcdebug.obj
 0001:0002a310       sf_debug_is_cycle_detected 000000018002b310 f   sfc_debug:sfcdebug.obj
 0001:0002a320       sf_debug_is_array_bounds_detected 000000018002b320 f   sfc_debug:sfcdebug.obj
 0001:0002a330       sf_debug_get_state_vectors_data_size 000000018002b330 f   sfc_debug:sfcdebug.obj
 0001:0002a370       sf_debug_get_state_vectors_data 000000018002b370 f   sfc_debug:sfcdebug.obj
 0001:0002a470       sf_debug_set_state_vectors_data 000000018002b470 f   sfc_debug:sfcdebug.obj
 0001:0002a730       sf_debug_get_script_index  000000018002b730 f   sfc_debug:sfcdebug.obj
 0001:0002a8c0       sf_debug_add_script        000000018002b8c0 f   sfc_debug:sfcdebug.obj
 0001:0002aa50       cv_eval_point              000000018002ba50 f   sfc_debug:sfcdebug.obj
 0001:0002abc0       cv_eval_testobjective      000000018002bbc0 f   sfc_debug:sfcdebug.obj
 0001:0002ace0       sf_debug_cv_init_state     000000018002bce0 f   sfc_debug:sfcdebug.obj
 0001:0002ae00       sf_debug_cv_init_chart     000000018002be00 f   sfc_debug:sfcdebug.obj
 0001:0002aee0       sf_debug_cv_init_trans     000000018002bee0 f   sfc_debug:sfcdebug.obj
 0001:0002afe0       sf_debug_cv_init_testobjectives 000000018002bfe0 f   sfc_debug:sfcdebug.obj
 0001:0002b1c0       cv_eml_init_script         000000018002c1c0 f   sfc_debug:sfcdebug.obj
 0001:0002b2d0       cv_eml_init_fcn            000000018002c2d0 f   sfc_debug:sfcdebug.obj
 0001:0002b380       cv_eml_init_testobjective  000000018002c380 f   sfc_debug:sfcdebug.obj
 0001:0002b450       cv_eml_init_saturation     000000018002c450 f   sfc_debug:sfcdebug.obj
 0001:0002b510       cv_eml_init_if             000000018002c510 f   sfc_debug:sfcdebug.obj
 0001:0002b5e0       cv_eml_init_for            000000018002c5e0 f   sfc_debug:sfcdebug.obj
 0001:0002b6a0       cv_eml_init_while          000000018002c6a0 f   sfc_debug:sfcdebug.obj
 0001:0002b760       cv_eml_init_mcdc           000000018002c760 f   sfc_debug:sfcdebug.obj
 0001:0002b870       cv_eml_init_switch         000000018002c870 f   sfc_debug:sfcdebug.obj
 0001:0002b960       cv_eml_eval                000000018002c960 f   sfc_debug:sfcdebug.obj
 0001:0002ba40       sf_debug_bm_is_a_eml_breakpoint 000000018002ca40 f   sfc_debug:sfcdebug.obj
 0001:0002bb90       sf_debug_temporal_threshold 000000018002cb90 f   sfc_debug:sfcdebug.obj
 0001:0002bef0       sf_debug_transition_conflict_error 000000018002cef0 f   sfc_debug:sfcdebug.obj
 0001:0002c270       sf_debug_state_inconsistency_error 000000018002d270 f   sfc_debug:sfcdebug.obj
 0001:0002c390       sf_debug_check_for_state_inconsistency 000000018002d390 f   sfc_debug:sfcdebug.obj
 0001:0002c3c0       sf_debug_cycle_detecton_error 000000018002d3c0 f   sfc_debug:sfcdebug.obj
 0001:0002cb90       sf_debug_size_eq_check_1d  000000018002db90 f   sfc_debug:sfcdebug.obj
 0001:0002cbb0       sf_debug_size_eq_check_nd  000000018002dbb0 f   sfc_debug:sfcdebug.obj
 0001:0002cd90       sf_debug_dim_size_eq_check 000000018002dd90 f   sfc_debug:sfcdebug.obj
 0001:0002cdc0       sf_debug_dim_size_geq_check 000000018002ddc0 f   sfc_debug:sfcdebug.obj
 0001:0002cdf0       sf_debug_sub_assign_size_check_nd 000000018002ddf0 f   sfc_debug:sfcdebug.obj
 0001:0002d030       sf_debug_matrix_matrix_index_check 000000018002e030 f   sfc_debug:sfcdebug.obj
 0001:0002d060       sf_debug_vector_vector_index_check 000000018002e060 f   sfc_debug:sfcdebug.obj
 0001:0002d090       sf_debug_for_loop_vector_check 000000018002e090 f   sfc_debug:sfcdebug.obj
 0001:0002d120       sf_debug_runtime_error_msgid 000000018002e120 f   sfc_debug:sfcdebug.obj
 0001:0002d1b0       sf_debug_data_array_bounds_error_check 000000018002e1b0 f   sfc_debug:sfcdebug.obj
 0001:0002d2c0       sf_debug_eml_data_array_bounds_error_check 000000018002e2c0 f   sfc_debug:sfcdebug.obj
 0001:0002d7a0       sf_debug_integer_check     000000018002e7a0 f   sfc_debug:sfcdebug.obj
 0001:0002d880       sf_debug_not_nan_check     000000018002e880 f   sfc_debug:sfcdebug.obj
 0001:0002d940       sf_debug_non_negative_check 000000018002e940 f   sfc_debug:sfcdebug.obj
 0001:0002da00       sf_debug_overflow_detection 000000018002ea00 f   sfc_debug:sfcdebug.obj
 0001:0002e0f0       sf_debug_cast_to_real32_T  000000018002f0f0 f   sfc_debug:sfcdebug.obj
 0001:0002e1b0       sf_debug_cast_to_int8_T    000000018002f1b0 f   sfc_debug:sfcdebug.obj
 0001:0002e270       sf_debug_cast_to_uint8_T   000000018002f270 f   sfc_debug:sfcdebug.obj
 0001:0002e330       sf_debug_cast_to_int16_T   000000018002f330 f   sfc_debug:sfcdebug.obj
 0001:0002e3f0       sf_debug_cast_to_uint16_T  000000018002f3f0 f   sfc_debug:sfcdebug.obj
 0001:0002e4b0       sf_debug_cast_to_int32_T   000000018002f4b0 f   sfc_debug:sfcdebug.obj
 0001:0002e570       sf_debug_cast_to_uint32_T  000000018002f570 f   sfc_debug:sfcdebug.obj
 0001:0002e630       sf_debug_data_range_error  000000018002f630 f   sfc_debug:sfcdebug.obj
 0001:0002e980       sf_debug_read_before_write_check 000000018002f980 f   sfc_debug:sfcdebug.obj
 0001:0002ede0       sf_debug_data_range_error_wrapper_min_max 000000018002fde0 f   sfc_debug:sfcdebug.obj
 0001:0002eed0       sf_debug_data_range_error_wrapper_min 000000018002fed0 f   sfc_debug:sfcdebug.obj
 0001:0002efb0       sf_debug_data_range_error_wrapper_max 000000018002ffb0 f   sfc_debug:sfcdebug.obj
 0001:0002f090       sf_debug_data_range_wrapper 0000000180030090 f   sfc_debug:sfcdebug.obj
 0001:0002f140       sf_debug_set_current_status_info 0000000180030140 f   sfc_debug:sfcdebug.obj
 0001:0002f4f0       sf_debug_register_message_post_receive_info 00000001800304f0 f   sfc_debug:sfcdebug.obj
 0001:0002f760       sf_debug_call              0000000180030760 f   sfc_debug:sfcdebug.obj
 0001:000303c0       sf_debug_initialize_machine 00000001800313c0 f   sfc_debug:sfcdebug.obj
 0001:000306d0       sf_debug_initialize_chart  00000001800316d0 f   sfc_debug:sfcdebug.obj
 0001:00030b20       sf_debug_ensure_script     0000000180031b20 f   sfc_debug:sfcdebug.obj
 0001:00030be0       cv_script_init_script      0000000180031be0 f   sfc_debug:sfcdebug.obj
 0001:00030cd0       cv_script_init_fcn         0000000180031cd0 f   sfc_debug:sfcdebug.obj
 0001:00030d80       cv_script_init_testobjective 0000000180031d80 f   sfc_debug:sfcdebug.obj
 0001:00030e30       cv_script_init_if          0000000180031e30 f   sfc_debug:sfcdebug.obj
 0001:00030ee0       cv_script_init_for         0000000180031ee0 f   sfc_debug:sfcdebug.obj
 0001:00030f90       cv_script_init_while       0000000180031f90 f   sfc_debug:sfcdebug.obj
 0001:00031040       cv_script_init_mcdc        0000000180032040 f   sfc_debug:sfcdebug.obj
 0001:00031140       cv_script_init_switch      0000000180032140 f   sfc_debug:sfcdebug.obj
 0001:00031220       cv_script_eval             0000000180032220 f   sfc_debug:sfcdebug.obj
 0001:00031300       eml_debug_line_call        0000000180032300 f   sfc_debug:sfcdebug.obj
 0001:000314b0       sf_debug_terminate         00000001800324b0 f   sfc_debug:sfcdebug.obj
 0001:00031620       sf_debug_set_script_cv_ids 0000000180032620 f   sfc_debug:sfcdebug.obj
 0001:00031750       sf_debug_api               0000000180032750 f   sfc_debug:sfc_api.obj
 0001:00032e00       sf_debug_sm_terminate      0000000180033e00 f   sfc_debug:sfdb_animation.obj
 0001:00032fc0       sf_debug_reset_path_objects 0000000180033fc0 f   sfc_debug:sfdb_animation.obj
 0001:00033040       sf_debug_sm_reset_object_selection_status 0000000180034040 f   sfc_debug:sfdb_animation.obj
 0001:000330e0       sf_debug_sm_reset_state_buffer 00000001800340e0 f   sfc_debug:sfdb_animation.obj
 0001:000331b0       sf_debug_sm_store_state_buffer 00000001800341b0 f   sfc_debug:sfdb_animation.obj
 0001:00033230       sf_debug_sm_restore_state_buffer1 0000000180034230 f   sfc_debug:sfdb_animation.obj
 0001:000332a0       sf_debug_sm_restore_state_buffer2 00000001800342a0 f   sfc_debug:sfdb_animation.obj
 0001:00033310       sf_debug_sm_chart_active   0000000180034310 f   sfc_debug:sfdb_animation.obj
 0001:00033360       sf_debug_sm_select_active_objects 0000000180034360 f   sfc_debug:sfdb_animation.obj
 0001:00033850       sf_debug_sm_is_chart_active 0000000180034850 f   sfc_debug:sfdb_animation.obj
 0001:00033890       sf_debug_sm_is_state_active 0000000180034890 f   sfc_debug:sfdb_animation.obj
 0001:00033ad0       sf_debug_sm_get_active_states 0000000180034ad0 f   sfc_debug:sfdb_animation.obj
 0001:00034090       sf_debug_sm_initialize_instance 0000000180035090 f   sfc_debug:sfdb_animation.obj
 0001:000342b0       sf_debug_sm_change_object_selection_status 00000001800352b0 f   sfc_debug:sfdb_animation.obj
 0001:000345c0       cv_create_interface        00000001800355c0 f   sfc_debug:cv_sfinterface.obj
 0001:00034920       cv_init_trans              0000000180035920 f   sfc_debug:cv_sfinterface.obj
 0001:00034970       cv_init_testobjective      0000000180035970 f   sfc_debug:cv_sfinterface.obj
 0001:000349b0       cv_init_state              00000001800359b0 f   sfc_debug:cv_sfinterface.obj
 0001:00034a20       cv_init_chart              0000000180035a20 f   sfc_debug:cv_sfinterface.obj
 0001:00034a70       cv_dec_update_call         0000000180035a70 f   sfc_debug:cv_sfinterface.obj
 0001:00034ab0       cv_cond_update_call        0000000180035ab0 f   sfc_debug:cv_sfinterface.obj
 0001:00034af0       cv_testobjective_update_call 0000000180035af0 f   sfc_debug:cv_sfinterface.obj
 0001:00034b30       cv_sigrange_update         0000000180035b30 f   sfc_debug:cv_sfinterface.obj
 0001:00034b70       cvsf_eml_eval              0000000180035b70 f   sfc_debug:cv_sfinterface.obj
 0001:00034c60       cvsf_eml_init_script       0000000180035c60 f   sfc_debug:cv_sfinterface.obj
 0001:00034cf0       cvsf_eml_init_fcn          0000000180035cf0 f   sfc_debug:cv_sfinterface.obj
 0001:00034d50       cvsf_eml_init_testobjective 0000000180035d50 f   sfc_debug:cv_sfinterface.obj
 0001:00034db0       cvsf_eml_init_saturation   0000000180035db0 f   sfc_debug:cv_sfinterface.obj
 0001:00034e00       cvsf_eml_init_if           0000000180035e00 f   sfc_debug:cv_sfinterface.obj
 0001:00034e60       cvsf_eml_init_for          0000000180035e60 f   sfc_debug:cv_sfinterface.obj
 0001:00034eb0       cvsf_eml_init_while        0000000180035eb0 f   sfc_debug:cv_sfinterface.obj
 0001:00034f00       cvsf_eml_init_mcdc         0000000180035f00 f   sfc_debug:cv_sfinterface.obj
 0001:00034f90       cvsf_eml_init_switch       0000000180035f90 f   sfc_debug:cv_sfinterface.obj
 0001:00035000       cvsf_script_eval           0000000180036000 f   sfc_debug:cv_sfinterface.obj
 0001:000350f0       cvsf_script_init_script    00000001800360f0 f   sfc_debug:cv_sfinterface.obj
 0001:00035180       cvsf_script_init_fcn       0000000180036180 f   sfc_debug:cv_sfinterface.obj
 0001:000351e0       cvsf_script_init_testobjective 00000001800361e0 f   sfc_debug:cv_sfinterface.obj
 0001:00035240       cvsf_script_init_saturation 0000000180036240 f   sfc_debug:cv_sfinterface.obj
 0001:00035290       cvsf_script_init_if        0000000180036290 f   sfc_debug:cv_sfinterface.obj
 0001:000352f0       cvsf_script_init_for       00000001800362f0 f   sfc_debug:cv_sfinterface.obj
 0001:00035340       cvsf_script_init_while     0000000180036340 f   sfc_debug:cv_sfinterface.obj
 0001:00035390       cvsf_script_init_mcdc      0000000180036390 f   sfc_debug:cv_sfinterface.obj
 0001:00035420       cvsf_script_init_switch    0000000180036420 f   sfc_debug:cv_sfinterface.obj
 0001:00035490       cv_destroy_interface       0000000180036490 f   sfc_debug:cv_sfinterface.obj
 0001:000354b0       cv_create_instance_objects 00000001800364b0 f   sfc_debug:cv_sfinterface.obj
 0001:00035960       cv_is_enabled              0000000180036960 f   sfc_debug:cv_sfinterface.obj
 0001:00035970       sf_debug_cv_initialize_script 0000000180036970 f   sfc_debug:cv_sfinterface.obj
 0001:00035b20       sf_debug_cv_initialize_instance 0000000180036b20 f   sfc_debug:cv_sfinterface.obj
 0001:00035ec0       sf_debug_cv_terminate_chart 0000000180036ec0 f   sfc_debug:cv_sfinterface.obj
 0001:00036000       cv_call_trans_test         0000000180037000 f   sfc_debug:cv_sfinterface.obj
 0001:00036010       cv_call_sub_cond_test      0000000180037010 f   sfc_debug:cv_sfinterface.obj
 0001:00036050       sf_debug_st_initialize_machine 0000000180037050 f   sfc_debug:sfdb_data_browse.obj
 0001:00036110       sf_debug_st_initialize_instance 0000000180037110 f   sfc_debug:sfdb_data_browse.obj
 0001:00036340       sf_debug_st_terminate      0000000180037340 f   sfc_debug:sfdb_data_browse.obj
 0001:000366e0       sf_debug_st_set_data_value_ptr_in_machine 00000001800376e0 f   sfc_debug:sfdb_data_browse.obj
 0001:00036770       sf_debug_st_set_data_value_ptr_in_instance 0000000180037770 f   sfc_debug:sfdb_data_browse.obj
 0001:00036850       sf_debug_st_unset_data_value_ptr_in_machine 0000000180037850 f   sfc_debug:sfdb_data_browse.obj
 0001:000368c0       sf_debug_st_unset_data_value_ptr_in_instance 00000001800378c0 f   sfc_debug:sfdb_data_browse.obj
 0001:00036bd0       sf_debug_mx_value          0000000180037bd0 f   sfc_debug:sfdb_data_browse.obj
 0001:00036c30       sf_debug_mx_packed_vector  0000000180037c30 f   sfc_debug:sfdb_data_browse.obj
 0001:00036d10       sf_debug_mx_uint_vector    0000000180037d10 f   sfc_debug:sfdb_data_browse.obj
 0001:00036dd0       sf_debug_st_get_double_value_from_void_ptr_vector 0000000180037dd0 f   sfc_debug:sfdb_data_browse.obj
 0001:000378c0       sf_debug_st_browse_data    00000001800388c0 f   sfc_debug:sfdb_data_browse.obj
 0001:00038150       sf_debug_hm_initialize_instance 0000000180039150 f   sfc_debug:sfdb_handle_management.obj
 0001:00038680       sf_debug_hm_get_object_id  0000000180039680 f   sfc_debug:sfdb_handle_management.obj
 0001:00039230       sf_debug_hm_update_chart_visibility 000000018003a230 f   sfc_debug:sfdb_handle_management.obj
 0001:0003a510       sf_debug_object_is_eml_function 000000018003b510 f   sfc_debug:sfdb_handle_management.obj
 0001:0003a580       sf_debug_hm_initialize_ids_in_machine 000000018003b580 f   sfc_debug:sfdb_handle_management.obj
 0001:0003a6f0       sf_debug_hm_initialize_ids_in_chart 000000018003b6f0 f   sfc_debug:sfdb_handle_management.obj
 0001:0003a7f0       sf_debug_hm_initialize_chart 000000018003b7f0 f   sfc_debug:sfdb_handle_management.obj
 0001:0003af90       sf_debug_hm_terminate      000000018003bf90 f   sfc_debug:sfdb_handle_management.obj
 0001:0003aff0       sf_debug_hm_initialize_machine 000000018003bff0 f   sfc_debug:sfdb_handle_management.obj
 0001:0003b7a0       sf_debug_ss_initialize     000000018003c7a0 f   sfc_debug:sfdb_symbol_scope.obj
 0001:0003b7c0       sf_debug_ss_terminate      000000018003c7c0 f   sfc_debug:sfdb_symbol_scope.obj
 0001:0003b850       sf_debug_ss_push_symbol_scope 000000018003c850 f   sfc_debug:sfdb_symbol_scope.obj
 0001:0003b950       sf_debug_ss_push_symbol_scope_eml 000000018003c950 f   sfc_debug:sfdb_symbol_scope.obj
 0001:0003b9b0       sf_debug_ss_pop_symbol_scope 000000018003c9b0 f   sfc_debug:sfdb_symbol_scope.obj
 0001:0003ba60       sf_debug_ss_add_symbol     000000018003ca60 f   sfc_debug:sfdb_symbol_scope.obj
 0001:0003bbc0       sf_debug_ss_add_symbol_eml 000000018003cbc0 f   sfc_debug:sfdb_symbol_scope.obj
 0001:0003c8e0       sf_debug_ss_set_data_value 000000018003d8e0 f   sfc_debug:sfdb_symbol_scope.obj
 0001:0003cdb0       getInstanceNumber          000000018003ddb0 f   sfc_debug:sfdb_symbol_scope.obj
 0001:0003ce80       sf_debug_ss_watch_data     000000018003de80 f   sfc_debug:sfdb_symbol_scope.obj
 0001:0003d020       sf_debug_ss_assign_data    000000018003e020 f   sfc_debug:sfdb_symbol_scope.obj
 0001:0003da40       get_data_entry_name        000000018003ea40 f   sfc_debug:sfdb_symbol_scope.obj
 0001:0003da90       sf_debug_ss_whos           000000018003ea90 f   sfc_debug:sfdb_symbol_scope.obj
 0001:0003e1b0       sf_debug_cc_initialize_chart 000000018003f1b0 f   sfc_debug:sfdb_coverage.obj
 0001:0003eba0       sf_debug_cc_initialize_instance 000000018003fba0 f   sfc_debug:sfdb_coverage.obj
 0001:0003f9b0       sf_debug_cc_terminate      00000001800409b0 f   sfc_debug:sfdb_coverage.obj
 0001:0003faa0       sf_debug_cc_set_transition_maps 0000000180040aa0 f   sfc_debug:sfdb_coverage.obj
 0001:0003fbd0       sf_debug_cc_set_state_maps 0000000180040bd0 f   sfc_debug:sfdb_coverage.obj
 0001:0003fcb0       sf_debug_cc_set_transition_weights 0000000180040cb0 f   sfc_debug:sfdb_coverage.obj
 0001:0003ff80       sf_debug_cc_set_state_weights 0000000180040f80 f   sfc_debug:sfdb_coverage.obj
 0001:00040250       sf_debug_cc_mark_transition_guard 0000000180041250 f   sfc_debug:sfdb_coverage.obj
 0001:000402e0       sf_debug_cc_mark_transition_trigger 00000001800412e0 f   sfc_debug:sfdb_coverage.obj
 0001:00040370       sf_debug_cc_mark_transition_decision 0000000180041370 f   sfc_debug:sfdb_coverage.obj
 0001:000403e0       sf_debug_cc_mark_transition_condition_action 00000001800413e0 f   sfc_debug:sfdb_coverage.obj
 0001:00040430       sf_debug_cc_mark_transition_transition_action 0000000180041430 f   sfc_debug:sfdb_coverage.obj
 0001:00040480       sf_debug_cc_mark_state_entry 0000000180041480 f   sfc_debug:sfdb_coverage.obj
 0001:000404d0       sf_debug_cc_mark_state_during 00000001800414d0 f   sfc_debug:sfdb_coverage.obj
 0001:00040520       sf_debug_cc_mark_state_exit 0000000180041520 f   sfc_debug:sfdb_coverage.obj
 0001:00040570       sf_debug_bm_clear_script_breakpoints 0000000180041570 f   sfc_debug:sfdb_breakpoints.obj
 0001:000405a0       sf_debug_bm_set_script_breakpoint 00000001800415a0 f   sfc_debug:sfdb_breakpoints.obj
 0001:00040620       sf_debug_bm_clear_single_script_breakpoint 0000000180041620 f   sfc_debug:sfdb_breakpoints.obj
 0001:000406a0       sf_debug_bm_query_script_breakpoint 00000001800416a0 f   sfc_debug:sfdb_breakpoints.obj
 0001:000406f0       sf_debug_bm_initialize_scripts 00000001800416f0 f   sfc_debug:sfdb_breakpoints.obj
 0001:00040e10       sf_debug_bm_terminate      0000000180041e10 f   sfc_debug:sfdb_breakpoints.obj
 0001:00041100       sf_debug_bm_remove_all_breakpoints_in_machine 0000000180042100 f   sfc_debug:sfdb_breakpoints.obj
 0001:00041170       sf_debug_bm_remove_all_breakpoints_in_chart 0000000180042170 f   sfc_debug:sfdb_breakpoints.obj
 0001:000412c0       sf_debug_bm_initialize_global_breakpoints 00000001800422c0 f   sfc_debug:sfdb_breakpoints.obj
 0001:00041440       sf_debug_bm_set_breakpoint 0000000180042440 f   sfc_debug:sfdb_breakpoints.obj
 0001:00041a40       sf_debug_bm_set_eml_breakpoint 0000000180042a40 f   sfc_debug:sfdb_breakpoints.obj
 0001:00041ae0       sf_debug_bm_initialize_machine_breakpoint_map 0000000180042ae0 f   sfc_debug:sfdb_breakpoints.obj
 0001:00041f00       sf_debug_bm_is_a_breakpoint 0000000180042f00 f   sfc_debug:sfdb_breakpoints.obj
 0001:000424e0       sf_debug_bm_get_all_breakpoints_in_machine 00000001800434e0 f   sfc_debug:sfdb_breakpoints.obj
 0001:000427e0       sf_debug_bm_get_all_breakpoints_in_chart 00000001800437e0 f   sfc_debug:sfdb_breakpoints.obj
 0001:000434a0       sf_debug_bm_initialize_machine 00000001800444a0 f   sfc_debug:sfdb_breakpoints.obj
 0001:00043570       sf_debug_bm_initialize_chart 0000000180044570 f   sfc_debug:sfdb_breakpoints.obj
 0001:00043990       sf_debug_sc_terminate      0000000180044990 f   sfc_debug:sfdb_state_consistency.obj
 0001:00043cc0       sf_debug_sc_is_chart_consistent 0000000180044cc0 f   sfc_debug:sfdb_state_consistency.obj
 0001:00043f70       sf_debug_sc_get_consistency_error_info 0000000180044f70 f   sfc_debug:sfdb_state_consistency.obj
 0001:000443c0       sf_debug_tm_terminate      00000001800453c0 f   sfc_debug:sfdb_call_stack.obj
 0001:00044480       sf_debug_tm_push_chart_instance 0000000180045480 f   sfc_debug:sfdb_call_stack.obj
 0001:000445d0       sf_debug_tm_pop_chart_instance 00000001800455d0 f   sfc_debug:sfdb_call_stack.obj
 0001:00044630       sf_debug_tm_push_trace_node 0000000180045630 f   sfc_debug:sfdb_call_stack.obj
 0001:000447c0       sf_debug_tm_pop_trace_node 00000001800457c0 f   sfc_debug:sfdb_call_stack.obj
 0001:00044840       sf_debug_tm_get_current_global_trace_index 0000000180045840 f   sfc_debug:sfdb_call_stack.obj
 0001:00044850       sf_debug_tm_get_current_local_trace_index 0000000180045850 f   sfc_debug:sfdb_call_stack.obj
 0001:00044880       sf_debug_tm_set_cycle_detected_flag 0000000180045880 f   sfc_debug:sfdb_call_stack.obj
 0001:000448c0       sf_debug_tm_set_cycle_started_flag 00000001800458c0 f   sfc_debug:sfdb_call_stack.obj
 0001:00044900       sf_debug_tm_get_chart_number_from_stack 0000000180045900 f   sfc_debug:sfdb_call_stack.obj
 0001:00044b00       sf_debug_tm_browse_trace   0000000180045b00 f   sfc_debug:sfdb_call_stack.obj
 0001:00044e40       sf_debug_cd_initialize_instance 0000000180045e40 f   sfc_debug:sfdb_cycle_detection.obj
 0001:000450f0       sf_debug_cd_mark_processed_transition_in_instance 00000001800460f0 f   sfc_debug:sfdb_cycle_detection.obj
 0001:00045190       sf_debug_cd_checksum_push  0000000180046190 f   sfc_debug:sfdb_cycle_detection.obj
 0001:00045450       sf_debug_cd_checksum_pop   0000000180046450 f   sfc_debug:sfdb_cycle_detection.obj
 0001:000454c0       sf_debug_cd_turn_off_cycle_detection 00000001800464c0 f   sfc_debug:sfdb_cycle_detection.obj
 0001:00045510       sf_debug_cd_terminate      0000000180046510 f   sfc_debug:sfdb_cycle_detection.obj
 0001:00045750       md5_initialize_state       0000000180046750 f   sfc_debug:ckmd5.obj
 0001:000461c0       md5_update_state           00000001800471c0 f   sfc_debug:ckmd5.obj
 0001:000461e0       md5_get_hash               00000001800471e0 f   sfc_debug:ckmd5.obj
 0001:00046210       md5_get_hash_for_a_single_string 0000000180047210 f   sfc_debug:ckmd5.obj
 0001:00046274       mxGetPr                    0000000180047274 f   libmx:libmx.dll
 0001:0004627a       mxCreateDoubleScalar       000000018004727a f   libmx:libmx.dll
 0001:00046280       mxCreateDoubleMatrix_730   0000000180047280 f   libmx:libmx.dll
 0001:00046286       mxSetField_730             0000000180047286 f   libmx:libmx.dll
 0001:0004628c       mxCreateString             000000018004728c f   libmx:libmx.dll
 0001:00046292       mxCreateStructMatrix_730   0000000180047292 f   libmx:libmx.dll
 0001:00046298       mxDestroyArray             0000000180047298 f   libmx:libmx.dll
 0001:0004629e       mxDuplicateArray           000000018004729e f   libmx:libmx.dll
 0001:000462a4       mxIsEmpty                  00000001800472a4 f   libmx:libmx.dll
 0001:000462aa       mxGetString_730            00000001800472aa f   libmx:libmx.dll
 0001:000462b0       mxIsChar                   00000001800472b0 f   libmx:libmx.dll
 0001:000462b6       mxGetClassID               00000001800472b6 f   libmx:libmx.dll
 0001:000462bc       mxIsNumeric                00000001800472bc f   libmx:libmx.dll
 0001:000462c2       mxIsComplex                00000001800472c2 f   libmx:libmx.dll
 0001:000462c8       mxGetN                     00000001800472c8 f   libmx:libmx.dll
 0001:000462ce       mxGetM                     00000001800472ce f   libmx:libmx.dll
 0001:000462d4       mxCalloc                   00000001800472d4 f   libmx:libmx.dll
 0001:000462da       mxGetScalar                00000001800472da f   libmx:libmx.dll
 0001:000462e0       mxIsLogical                00000001800472e0 f   libmx:libmx.dll
 0001:000462e6       mxCreateDoubleMatrix_700   00000001800472e6 f   libmx:libmx.dll
 0001:000462ec       mxFree                     00000001800472ec f   libmx:libmx.dll
 0001:000462f2       mxArrayToString            00000001800472f2 f   libmx:libmx.dll
 0001:000462f8       mxCreateCellMatrix_700     00000001800472f8 f   libmx:libmx.dll
 0001:000462fe       mxSetCell_700              00000001800472fe f   libmx:libmx.dll
 0001:00046304       mxGetCell_700              0000000180047304 f   libmx:libmx.dll
 0001:0004630a       mxGetClassName             000000018004730a f   libmx:libmx.dll
 0001:00046310       mxSetField_700             0000000180047310 f   libmx:libmx.dll
 0001:00046316       mxAddField                 0000000180047316 f   libmx:libmx.dll
 0001:0004631c       mxGetField_700             000000018004731c f   libmx:libmx.dll
 0001:00046322       mxGetNumberOfElements      0000000180047322 f   libmx:libmx.dll
 0001:00046328       mxIsStruct                 0000000180047328 f   libmx:libmx.dll
 0001:0004632e       mxIsA                      000000018004732e f   libmx:libmx.dll
 0001:00046334       mxIsClass                  0000000180047334 f   libmx:libmx.dll
 0001:0004633a       mxGetLogicals              000000018004733a f   libmx:libmx.dll
 0001:00046340       mxIsSparse                 0000000180047340 f   libmx:libmx.dll
 0001:00046346       mxSetFieldByNumber_700     0000000180047346 f   libmx:libmx.dll
 0001:0004634c       mxGetFieldByNumber_700     000000018004734c f   libmx:libmx.dll
 0001:00046352       mxGetFieldNameByNumber     0000000180047352 f   libmx:libmx.dll
 0001:00046358       mxGetNumberOfFields        0000000180047358 f   libmx:libmx.dll
 0001:0004635e       mxCreateStructMatrix_700   000000018004735e f   libmx:libmx.dll
 0001:00046364       mxGetFieldNumber           0000000180047364 f   libmx:libmx.dll
 0001:0004636a       mxIsNaN                    000000018004736a f   libmx:libmx.dll
 0001:00046370       mxGetData                  0000000180047370 f   libmx:libmx.dll
 0001:00046376       mxGetImagData              0000000180047376 f   libmx:libmx.dll
 0001:0004637c       mxArrayClassIDName         000000018004737c f   libmx:libmx.dll
 0001:00046382       mxCreateNumericMatrix_700  0000000180047382 f   libmx:libmx.dll
 0001:00046388       mxCreateStructArray_700    0000000180047388 f   libmx:libmx.dll
 0001:0004638e       mxCalcSingleSubscript_700  000000018004738e f   libmx:libmx.dll
 0001:00046394       mxGetDimensions_700        0000000180047394 f   libmx:libmx.dll
 0001:0004639a       mxGetNumberOfDimensions_700 000000018004739a f   libmx:libmx.dll
 0001:000463a0       mxCreateNumericArray_700   00000001800473a0 f   libmx:libmx.dll
 0001:000463a6       mxGetElementSize           00000001800473a6 f   libmx:libmx.dll
 0001:000463ac       mxCreateStringFromNChars_700 00000001800473ac f   libmx:libmx.dll
 0001:000463b2       mxGetString_700            00000001800473b2 f   libmx:libmx.dll
 0001:000463b8       mxIsLogicalScalarTrue      00000001800473b8 f   libmx:libmx.dll
 0001:000463be       mxCreateLogicalScalar      00000001800473be f   libmx:libmx.dll
 0001:000463c4       mexUnlock                  00000001800473c4 f   libmex:libmex.dll
 0001:000463ca       mexIsLocked                00000001800473ca f   libmex:libmex.dll
 0001:000463d0       mexWarnMsgTxt              00000001800473d0 f   libmex:libmex.dll
 0001:000463d6       mexCallMATLAB              00000001800473d6 f   libmex:libmex.dll
 0001:000463dc       mexErrMsgTxt               00000001800473dc f   libmex:libmex.dll
 0001:000463e2       mexMakeArrayPersistent     00000001800473e2 f   libmex:libmex.dll
 0001:000463e8       mexSetTrapFlag             00000001800473e8 f   libmex:libmex.dll
 0001:000463ee       mexPutVariable             00000001800473ee f   libmex:libmex.dll
 0001:000463f4       mexGetVariable             00000001800473f4 f   libmex:libmex.dll
 0001:000463fa       mexLock                    00000001800473fa f   libmex:libmex.dll
 0001:00046400       mexMakeMemoryPersistent    0000000180047400 f   libmex:libmex.dll
 0001:00046406       mexFunctionName            0000000180047406 f   libmex:libmex.dll
 0001:0004640c       ssRegisterDataTypeFxpFSlopeFixExpBias 000000018004740c f   libfixedpoint:libfixedpoint.dll
 0001:00046412       utVSNprintf                0000000180047412 f   libut:libut.dll
 0001:00046418       utCPUtime                  0000000180047418 f   libut:libut.dll
 0001:0004641e       utFree                     000000018004741e f   libut:libut.dll
 0001:00046424       utMalloc                   0000000180047424 f   libut:libut.dll
 0001:0004642a       muDoubleScalarRound        000000018004742a f   libmwmathutil:libmwmathutil.dll
 0001:00046430       muDoubleScalarFloor        0000000180047430 f   libmwmathutil:libmwmathutil.dll
 0001:00046436       muDoubleScalarCeil         0000000180047436 f   libmwmathutil:libmwmathutil.dll
 0001:0004643c       emlrtCreateRootTLS         000000018004743c f   libemlrt:libemlrt.dll
 0001:00046442       emlrtDestroyRootTLS        0000000180047442 f   libemlrt:libemlrt.dll
 0001:00046448       emlrtCheckBuiltInR2012b    0000000180047448 f   libemlrt:libemlrt.dll
 0001:0004644e       emlrtCheckVsBuiltInR2012b  000000018004744e f   libemlrt:libemlrt.dll
 0001:00046454       emlrtCheckEnumR2012b       0000000180047454 f   libemlrt:libemlrt.dll
 0001:0004645a       emlrtCreateEnumR2012b      000000018004745a f   libemlrt:libemlrt.dll
 0001:00046460       emlrtGetEnumElementR2009a  0000000180047460 f   libemlrt:libemlrt.dll
 0001:00046466       emlrtCreateReference       0000000180047466 f   libemlrt:libemlrt.dll
 0001:0004646c       emlrtImportVsFiArrayR2009b 000000018004746c f   libemlrt:libemlrt.dll
 0001:00046472       emlrtNameCapturePostProcessR2012a 0000000180047472 f   libemlrt:libemlrt.dll
 0001:00046478       emlrtExtractMessageId      0000000180047478 f   libemlrt:libemlrt.dll
 0001:0004647e       emlrtTranslateMessageIDtoLCPstring 000000018004747e f   libemlrt:libemlrt.dll
 0001:00046484       emlrtForLoopVectorIsValidR2011b 0000000180047484 f   libemlrt:libemlrt.dll
 0001:0004648a       emlrtTranslateUTF16MessagetoLCPstring 000000018004748a f   libemlrt:libemlrt.dll
 0001:00046490       emlrtGetEnumUnderlyingArrayR2009a 0000000180047490 f   libemlrt:libemlrt.dll
 0001:00046496       emlrtIsEnumR2009a          0000000180047496 f   libemlrt:libemlrt.dll
 0001:0004649c       __GSHandlerCheckCommon     000000018004749c f   MSVCRT:gshandler.obj
 0001:00046500       __GSHandlerCheck           0000000180047500 f   MSVCRT:gshandler.obj
 0001:0004651e       strlen                     000000018004751e f   MSVCRT:MSVCR100.dll
 0001:00046540       __security_check_cookie    0000000180047540 f   MSVCRT:amdsecgs.obj
 0001:00046560       memset                     0000000180047560 f   MSVCRT:MSVCR100.dll
 0001:00046566       malloc                     0000000180047566 f   MSVCRT:MSVCR100.dll
 0001:0004656c       free                       000000018004756c f   MSVCRT:MSVCR100.dll
 0001:00046572       strcmp                     0000000180047572 f   MSVCRT:MSVCR100.dll
 0001:00046578       sprintf                    0000000180047578 f   MSVCRT:MSVCR100.dll
 0001:0004657e       strcat                     000000018004757e f   MSVCRT:MSVCR100.dll
 0001:00046584       memcpy                     0000000180047584 f   MSVCRT:MSVCR100.dll
 0001:0004658c       NtCurrentTeb               000000018004758c f i MSVCRT:crtdll.obj
 0001:000465f8       _CRT_INIT                  00000001800475f8 f   MSVCRT:crtdll.obj
 0001:00046990       _DllMainCRTStartup         0000000180047990 f   MSVCRT:crtdll.obj
 0001:000469ce       strncpy                    00000001800479ce f   MSVCRT:MSVCR100.dll
 0001:000469f0       _alloca_probe              00000001800479f0     MSVCRT:chkstk.obj
 0001:000469f0       __chkstk                   00000001800479f0 f   MSVCRT:chkstk.obj
 0001:00046a3e       longjmp                    0000000180047a3e f   MSVCRT:MSVCR100.dll
 0001:00046a44       strncmp                    0000000180047a44 f   MSVCRT:MSVCR100.dll
 0001:00046a4a       ceil                       0000000180047a4a f   MSVCRT:MSVCR100.dll
 0001:00046a50       strrchr                    0000000180047a50 f   MSVCRT:MSVCR100.dll
 0001:00046a56       _setjmp                    0000000180047a56 f   MSVCRT:MSVCR100.dll
 0001:00046a5c       calloc                     0000000180047a5c f   MSVCRT:MSVCR100.dll
 0001:00046a62       realloc                    0000000180047a62 f   MSVCRT:MSVCR100.dll
 0001:00046a68       ldexp                      0000000180047a68 f   MSVCRT:MSVCR100.dll
 0001:00046a70       __report_gsfailure         0000000180047a70 f   MSVCRT:gs_report.obj
 0001:00046bbc       __clean_type_info_names    0000000180047bbc f   MSVCRT:tncleanup.obj
 0001:00046bc8       _onexit                    0000000180047bc8 f   MSVCRT:atonexit.obj
 0001:00046c78       atexit                     0000000180047c78 f   MSVCRT:atonexit.obj
 0001:00046c90       _RTC_Initialize            0000000180047c90 f   MSVCRT:_initsect_.obj
 0001:00046cc8       _RTC_Terminate             0000000180047cc8 f   MSVCRT:_initsect_.obj
 0001:00046d00       _malloc_crt                0000000180047d00 f   MSVCRT:MSVCR100.dll
 0001:00046d10       _ValidateImageBase         0000000180047d10 f   MSVCRT:pesect.obj
 0001:00046d40       _FindPESection             0000000180047d40 f   MSVCRT:pesect.obj
 0001:00046d90       _IsNonwritableInCurrentImage 0000000180047d90 f   MSVCRT:pesect.obj
 0001:00046dd2       _initterm                  0000000180047dd2 f   MSVCRT:MSVCR100.dll
 0001:00046dd8       _initterm_e                0000000180047dd8 f   MSVCRT:MSVCR100.dll
 0001:00046dde       _encoded_null              0000000180047dde f   MSVCRT:MSVCR100.dll
 0001:00046de4       _amsg_exit                 0000000180047de4 f   MSVCRT:MSVCR100.dll
 0001:00046dea       __C_specific_handler       0000000180047dea f   MSVCRT:MSVCR100.dll
 0001:00046df0       __CppXcptFilter            0000000180047df0 f   MSVCRT:MSVCR100.dll
 0001:00046df8       DllMain                    0000000180047df8 f   MSVCRT:dllmain.obj
 0001:00046e1c       __security_init_cookie     0000000180047e1c f   MSVCRT:gs_support.obj
 0001:00046ed0       __crt_debugger_hook        0000000180047ed0 f   MSVCRT:MSVCR100.dll
 0001:00046ed6       __clean_type_info_names_internal 0000000180047ed6 f   MSVCRT:MSVCR100.dll
 0001:00046edc       _unlock                    0000000180047edc f   MSVCRT:MSVCR100.dll
 0001:00046ee2       __dllonexit                0000000180047ee2 f   MSVCRT:MSVCR100.dll
 0001:00046ee8       _lock                      0000000180047ee8 f   MSVCRT:MSVCR100.dll
 0001:00046eee       EncodePointer              0000000180047eee f   kernel32:KERNEL32.dll
 0001:00046ef4       DecodePointer              0000000180047ef4 f   kernel32:KERNEL32.dll
 0001:00046efa       Sleep                      0000000180047efa f   kernel32:KERNEL32.dll
 0001:00046f00       TerminateProcess           0000000180047f00 f   kernel32:KERNEL32.dll
 0001:00046f06       GetCurrentProcess          0000000180047f06 f   kernel32:KERNEL32.dll
 0001:00046f0c       UnhandledExceptionFilter   0000000180047f0c f   kernel32:KERNEL32.dll
 0001:00046f12       SetUnhandledExceptionFilter 0000000180047f12 f   kernel32:KERNEL32.dll
 0001:00046f18       IsDebuggerPresent          0000000180047f18 f   kernel32:KERNEL32.dll
 0001:00046f1e       RtlVirtualUnwind           0000000180047f1e f   kernel32:KERNEL32.dll
 0001:00046f24       RtlLookupFunctionEntry     0000000180047f24 f   kernel32:KERNEL32.dll
 0001:00046f2a       RtlCaptureContext          0000000180047f2a f   kernel32:KERNEL32.dll
 0001:00046f30       DisableThreadLibraryCalls  0000000180047f30 f   kernel32:KERNEL32.dll
 0001:00046f36       QueryPerformanceCounter    0000000180047f36 f   kernel32:KERNEL32.dll
 0001:00046f3c       GetTickCount               0000000180047f3c f   kernel32:KERNEL32.dll
 0001:00046f42       GetCurrentThreadId         0000000180047f42 f   kernel32:KERNEL32.dll
 0001:00046f48       GetCurrentProcessId        0000000180047f48 f   kernel32:KERNEL32.dll
 0001:00046f4e       GetSystemTimeAsFileTime    0000000180047f4e f   kernel32:KERNEL32.dll
 0002:00000000       __imp_DisableThreadLibraryCalls 0000000180048000     kernel32:KERNEL32.dll
 0002:00000008       __imp_RtlCaptureContext    0000000180048008     kernel32:KERNEL32.dll
 0002:00000010       __imp_RtlLookupFunctionEntry 0000000180048010     kernel32:KERNEL32.dll
 0002:00000018       __imp_RtlVirtualUnwind     0000000180048018     kernel32:KERNEL32.dll
 0002:00000020       __imp_IsDebuggerPresent    0000000180048020     kernel32:KERNEL32.dll
 0002:00000028       __imp_SetUnhandledExceptionFilter 0000000180048028     kernel32:KERNEL32.dll
 0002:00000030       __imp_UnhandledExceptionFilter 0000000180048030     kernel32:KERNEL32.dll
 0002:00000038       __imp_GetCurrentProcess    0000000180048038     kernel32:KERNEL32.dll
 0002:00000040       __imp_TerminateProcess     0000000180048040     kernel32:KERNEL32.dll
 0002:00000048       __imp_Sleep                0000000180048048     kernel32:KERNEL32.dll
 0002:00000050       __imp_DecodePointer        0000000180048050     kernel32:KERNEL32.dll
 0002:00000058       __imp_EncodePointer        0000000180048058     kernel32:KERNEL32.dll
 0002:00000060       __imp_GetTickCount         0000000180048060     kernel32:KERNEL32.dll
 0002:00000068       __imp_GetCurrentThreadId   0000000180048068     kernel32:KERNEL32.dll
 0002:00000070       __imp_GetCurrentProcessId  0000000180048070     kernel32:KERNEL32.dll
 0002:00000078       __imp_GetSystemTimeAsFileTime 0000000180048078     kernel32:KERNEL32.dll
 0002:00000080       __imp_QueryPerformanceCounter 0000000180048080     kernel32:KERNEL32.dll
 0002:00000088       \177KERNEL32_NULL_THUNK_DATA 0000000180048088     kernel32:KERNEL32.dll
 0002:00000090       __imp_realloc              0000000180048090     MSVCRT:MSVCR100.dll
 0002:00000098       __imp__onexit              0000000180048098     MSVCRT:MSVCR100.dll
 0002:000000a0       __imp__lock                00000001800480a0     MSVCRT:MSVCR100.dll
 0002:000000a8       __imp___dllonexit          00000001800480a8     MSVCRT:MSVCR100.dll
 0002:000000b0       __imp__unlock              00000001800480b0     MSVCRT:MSVCR100.dll
 0002:000000b8       __imp___clean_type_info_names_internal 00000001800480b8     MSVCRT:MSVCR100.dll
 0002:000000c0       __imp___crt_debugger_hook  00000001800480c0     MSVCRT:MSVCR100.dll
 0002:000000c8       __imp___CppXcptFilter      00000001800480c8     MSVCRT:MSVCR100.dll
 0002:000000d0       __imp___C_specific_handler 00000001800480d0     MSVCRT:MSVCR100.dll
 0002:000000d8       __imp__amsg_exit           00000001800480d8     MSVCRT:MSVCR100.dll
 0002:000000e0       __imp__encoded_null        00000001800480e0     MSVCRT:MSVCR100.dll
 0002:000000e8       __imp__initterm_e          00000001800480e8     MSVCRT:MSVCR100.dll
 0002:000000f0       __imp__initterm            00000001800480f0     MSVCRT:MSVCR100.dll
 0002:000000f8       __imp__malloc_crt          00000001800480f8     MSVCRT:MSVCR100.dll
 0002:00000100       __imp_ldexp                0000000180048100     MSVCRT:MSVCR100.dll
 0002:00000108       __imp_strlen               0000000180048108     MSVCRT:MSVCR100.dll
 0002:00000110       __imp_calloc               0000000180048110     MSVCRT:MSVCR100.dll
 0002:00000118       __imp__setjmp              0000000180048118     MSVCRT:MSVCR100.dll
 0002:00000120       __imp_strrchr              0000000180048120     MSVCRT:MSVCR100.dll
 0002:00000128       __imp_ceil                 0000000180048128     MSVCRT:MSVCR100.dll
 0002:00000130       __imp_strncmp              0000000180048130     MSVCRT:MSVCR100.dll
 0002:00000138       __imp_longjmp              0000000180048138     MSVCRT:MSVCR100.dll
 0002:00000140       __imp_strncpy              0000000180048140     MSVCRT:MSVCR100.dll
 0002:00000148       __imp_memcpy               0000000180048148     MSVCRT:MSVCR100.dll
 0002:00000150       __imp_strcat               0000000180048150     MSVCRT:MSVCR100.dll
 0002:00000158       __imp_sprintf              0000000180048158     MSVCRT:MSVCR100.dll
 0002:00000160       __imp_strcmp               0000000180048160     MSVCRT:MSVCR100.dll
 0002:00000168       __imp_free                 0000000180048168     MSVCRT:MSVCR100.dll
 0002:00000170       __imp_malloc               0000000180048170     MSVCRT:MSVCR100.dll
 0002:00000178       __imp_memset               0000000180048178     MSVCRT:MSVCR100.dll
 0002:00000180       \177MSVCR100_NULL_THUNK_DATA 0000000180048180     MSVCRT:MSVCR100.dll
 0002:00000188       __imp_emlrtIsEnumR2009a    0000000180048188     libemlrt:libemlrt.dll
 0002:00000190       __imp_emlrtCheckVsBuiltInR2012b 0000000180048190     libemlrt:libemlrt.dll
 0002:00000198       __imp_emlrtGetEnumUnderlyingArrayR2009a 0000000180048198     libemlrt:libemlrt.dll
 0002:000001a0       __imp_emlrtTranslateUTF16MessagetoLCPstring 00000001800481a0     libemlrt:libemlrt.dll
 0002:000001a8       __imp_emlrtForLoopVectorIsValidR2011b 00000001800481a8     libemlrt:libemlrt.dll
 0002:000001b0       __imp_emlrtTranslateMessageIDtoLCPstring 00000001800481b0     libemlrt:libemlrt.dll
 0002:000001b8       __imp_emlrtExtractMessageId 00000001800481b8     libemlrt:libemlrt.dll
 0002:000001c0       __imp_emlrtCheckBuiltInR2012b 00000001800481c0     libemlrt:libemlrt.dll
[...]
 0001:0001c610       sf_mex_check_fimath        000000018001d610 f   sfc_mex:sfc_mex.obj
 0001:0001d1c0       size_mismatch_error        000000018001e1c0 f   sfc_mex:sfc_mex.obj
 0001:0001dc60       check_array_dimensions     000000018001ec60 f   sfc_mex:sfc_mex.obj
 0001:0001dcd0       check_input_mxarray        000000018001ecd0 f   sfc_mex:sfc_mex.obj
 0001:0001e410       sf_numeric_value_to_double 000000018001f410 f   sfc_mex:sfc_mex.obj
 0001:0001e460       ml_generic_out_of_bounds_check 000000018001f460 f   sfc_mex:sfc_mex.obj
 0001:0001e630       ml_get_element_value_from_array 000000018001f630 f   sfc_mex:sfc_mex.obj
 0001:0001e9d0       _ml_generic_castability_check 000000018001f9d0 f   sfc_mex:sfc_mex.obj
 0001:0001f730       ml_generic_castability_check 0000000180020730 f   sfc_mex:sfc_mex.obj
 0001:0001f7d0       ml_check_mx_array_for_single_castability 00000001800207d0 f   sfc_mex:sfc_mex.obj
 0001:0001f870       ml_check_mx_array_for_logical_castability 0000000180020870 f   sfc_mex:sfc_mex.obj
 0001:0001f910       ml_check_mx_array_for_int8_castability 0000000180020910 f   sfc_mex:sfc_mex.obj
 0001:0001f9c0       ml_check_mx_array_for_uint8_castability 00000001800209c0 f   sfc_mex:sfc_mex.obj
 0001:0001fa20       ml_check_mx_array_for_int16_castability 0000000180020a20 f   sfc_mex:sfc_mex.obj
 0001:0001fa80       ml_check_mx_array_for_uint16_castability 0000000180020a80 f   sfc_mex:sfc_mex.obj
 0001:0001fae0       ml_check_mx_array_for_int32_castability 0000000180020ae0 f   sfc_mex:sfc_mex.obj
 0001:0001fb40       ml_check_mx_array_for_uint32_castability 0000000180020b40 f   sfc_mex:sfc_mex.obj
 0001:0001fba0       ml_check_mx_array_for_castability 0000000180020ba0 f   sfc_mex:sfc_mex.obj
 0001:000204d0       set_data_value             00000001800214d0 f   sfc_mex:sfc_mex.obj
 0001:00020840       get_data_value             0000000180021840 f   sfc_mex:sfc_mex.obj
 0001:00020950       get_next_element_address   0000000180021950 f   sfc_mex:sfc_mex.obj
 0001:00020a20       sf_normalize_index         0000000180021a20 f   sfc_mex:sfc_mex.obj
 0001:00020db0       ml_array_index_bound_check 0000000180021db0 f   sfc_mex:sfc_mex.obj
 0001:000218d0       mx_value                   00000001800228d0 f   sfc_mex:sfc_mex.obj
 0001:00021920       sf_create_numeric_array    0000000180022920 f   sfc_mex:sfc_mex.obj
 0001:000219c0       sf_mex_assign_to_mx_array  00000001800229c0 f   sfc_mex:sfc_mex.obj
 0001:00021d10       assign_from_mx_array       0000000180022d10 f   sfc_mex:sfc_mex.obj
 0001:00022540       sf_mex_import_v            0000000180023540 f   sfc_mex:sfc_mex.obj
 0001:00022c40       get_machine_and_chart_file_number 0000000180023c40 f   sfc_mex:sfc_sf.obj
 0001:00022d30       get_sfun_block_specialization 0000000180023d30 f   sfc_mex:sfc_sf.obj
 0001:00022de0       call_sf_machine_global_method_dispatcher 0000000180023de0 f   sfc_mex:sfc_sf.obj
 0001:00023030       mdl_zeroCrossings_processing 0000000180024030 f   sfc_mex:sfc_sf.obj
 0001:00023100       mdl_derivatives_processing 0000000180024100 f   sfc_mex:sfc_sf.obj
 0001:000233c0       mdl_outputs_continuous_legacy 00000001800243c0 f   sfc_mex:sfc_sf.obj
 0001:00023440       mdl_outputs_processing     0000000180024440 f   sfc_mex:sfc_sf.obj
 0001:000236b0       mdl_enable_processing      00000001800246b0 f   sfc_mex:sfc_sf.obj
 0001:00023780       mdl_disable_processing     0000000180024780 f   sfc_mex:sfc_sf.obj
 0001:000244f0       sf_call_output_fcn_enable_disable 00000001800254f0 f   sfc_mex:sfc_sf.obj
 0001:00024770       set_dwork_information_from_mx_array 0000000180025770 f   sfc_mex:sfc_sf.obj
 0001:00025030       ptr2mxStruct               0000000180026030 f   sfc_mex:sfc_sf.obj
 0001:00025340       SNPRINTF_WRAPPER           0000000180026340 f   sfc_debug:sfcdebug.obj
 0001:00025360       sf_debug_chart_instance_initialized_quick 0000000180026360 f   sfc_debug:sfcdebug.obj
 0001:00025370       sf_debug_chart_instance_initialized 0000000180026370 f   sfc_debug:sfcdebug.obj
 0001:00025510       sfrtAddSize                0000000180026510 f   sfc_debug:sfcdebug.obj
 0001:000255d0       sfrtGenSizeString          00000001800265d0 f   sfc_debug:sfcdebug.obj
 0001:00025ce0       fill_single_message_info   0000000180026ce0 f   sfc_debug:sfcdebug.obj
 0001:00025ea0       sf_debug_sim_status_listener 0000000180026ea0 f   sfc_debug:sfcdebug.obj
 0001:00026410       sf_debug_form_mask_bits    0000000180027410 f   sfc_debug:sfcdebug.obj
 0001:00026450       sf_debug_form_sf_data_type_offsets 0000000180027450 f   sfc_debug:sfcdebug.obj
 0001:00026510       sf_debug_free_all          0000000180027510 f   sfc_debug:sfcdebug.obj
 0001:000266c0       sf_debug_append_debugger_context 00000001800276c0 f   sfc_debug:sfcdebug.obj
 0001:00026860       sf_debug_update_always_honor_breakpoints 0000000180027860 f   sfc_debug:sfcdebug.obj
 0001:00026a30       local_strdup               0000000180027a30 f   sfc_debug:sfcdebug.obj
 0001:00027910       sf_debug_em_terminate      0000000180028910 f   sfc_debug:sfcdebug.obj
 0001:00027950       sf_debug_push_eml_function 0000000180028950 f   sfc_debug:sfcdebug.obj
 0001:000279f0       sf_debug_pop_eml_function  00000001800289f0 f   sfc_debug:sfcdebug.obj
 0001:000286f0       sf_debug_get_machine_number_from_id_or_name 00000001800296f0 f   sfc_debug:sfcdebug.obj
 0001:00028840       sf_debug_get_chart_number_from_id 0000000180029840 f   sfc_debug:sfcdebug.obj
 0001:000295e0       sf_debug_transfer_control_to_debugger_GUI 000000018002a5e0 f   sfc_debug:sfcdebug.obj
 0001:0002a570       sf_debug_scripts_rehash    000000018002b570 f   sfc_debug:sfcdebug.obj
 0001:0002a7b0       sf_debug_get_script_line_count 000000018002b7b0 f   sfc_debug:sfcdebug.obj
 0001:0002b0e0       cv_eml_state_cvId          000000018002c0e0 f   sfc_debug:sfcdebug.obj
 0001:0002b150       cv_eml_trans_cvId          000000018002c150 f   sfc_debug:sfcdebug.obj
 0001:0002c4e0       sf_debug_data_array_bounds_error 000000018002d4e0 f   sfc_debug:sfcdebug.obj
 0001:0002c910       eml_debug_runtime_error_doclink 000000018002d910 f   sfc_debug:sfcdebug.obj
 0001:0002ca70       sf_debug_runtime_error     000000018002da70 f   sfc_debug:sfcdebug.obj
 0001:0002cae0       sf_debug_matlab_error      000000018002dae0 f   sfc_debug:sfcdebug.obj
 0001:0002d420       sf_debug_data_value_error  000000018002e420 f   sfc_debug:sfcdebug.obj
 0001:0002dd20       sf_debug_data_loss_error   000000018002ed20 f   sfc_debug:sfcdebug.obj
 0001:0002ecb0       call_cv_range_check        000000018002fcb0 f   sfc_debug:sfcdebug.obj
 0001:0002f480       sf_debug_invoke_cycle_detection_code 0000000180030480 f   sfc_debug:sfcdebug.obj
 0001:00030300       sf_reset_debug_info_struct 0000000180031300 f   sfc_debug:sfcdebug.obj
 0001:00030b60       cv_script_cvId             0000000180031b60 f   sfc_debug:sfcdebug.obj
 0001:000318c0       sfc_api_chart_visible      00000001800328c0 f   sfc_debug:sfc_api.obj
 0001:00031940       sfc_api_active_instance    0000000180032940 f   sfc_debug:sfc_api.obj
 0001:000319c0       sfc_api_machine_load       00000001800329c0 f   sfc_debug:sfc_api.obj
 0001:00031a90       sfc_api_debugger_alive     0000000180032a90 f   sfc_debug:sfc_api.obj
 0001:00031aa0       sfc_api_go                 0000000180032aa0 f   sfc_debug:sfc_api.obj
 0001:00031ab0       sfc_api_step_over          0000000180032ab0 f   sfc_debug:sfc_api.obj
 0001:00031ac0       sfc_api_step_out           0000000180032ac0 f   sfc_debug:sfc_api.obj
 0001:00031ad0       sfc_api_resume             0000000180032ad0 f   sfc_debug:sfc_api.obj
 0001:00031ae0       sfc_api_break              0000000180032ae0 f   sfc_debug:sfc_api.obj
 0001:00031af0       sfc_api_stop_debugging     0000000180032af0 f   sfc_debug:sfc_api.obj
 0001:00031b40       sfc_api_is_cycle_detected  0000000180032b40 f   sfc_debug:sfc_api.obj
 0001:00031b90       sfc_api_is_array_bounds_detected 0000000180032b90 f   sfc_debug:sfc_api.obj
 0001:00031be0       sfc_api_set_disable_all_breakpoints 0000000180032be0 f   sfc_debug:sfc_api.obj
 0001:00031c50       sfc_api_disable_all_breakpoints_and_go 0000000180032c50 f   sfc_debug:sfc_api.obj
 0001:00031c60       sfc_api_close              0000000180032c60 f   sfc_debug:sfc_api.obj
 0001:00031c70       sfc_api_browse_data        0000000180032c70 f   sfc_debug:sfc_api.obj
 0001:00031ce0       sfc_api_watch_data         0000000180032ce0 f   sfc_debug:sfc_api.obj
 0001:00031de0       sfc_api_extract_message_post_receive_info 0000000180032de0 f   sfc_debug:sfc_api.obj
 0001:00031e00       sfc_api_assign_data        0000000180032e00 f   sfc_debug:sfc_api.obj
 0001:00031ea0       sfc_api_whos               0000000180032ea0 f   sfc_debug:sfc_api.obj
 0001:00031f30       sfc_api_get_consistency_info 0000000180032f30 f   sfc_debug:sfc_api.obj
 0001:00031f40       sfc_api_browse_trace       0000000180032f40 f   sfc_debug:sfc_api.obj
 0001:00031f50       sfc_api_break_on_chart_entry 0000000180032f50 f   sfc_debug:sfc_api.obj
 0001:00031f70       sfc_api_break_on_event_broadcast 0000000180032f70 f   sfc_debug:sfc_api.obj
 0001:00031f90       sfc_api_break_on_state_entry 0000000180032f90 f   sfc_debug:sfc_api.obj
 0001:00031fb0       sfc_api_set_watch          0000000180032fb0 f   sfc_debug:sfc_api.obj
 0001:00032050       sfc_api_set_breakpoints    0000000180033050 f   sfc_debug:sfc_api.obj
 0001:000320f0       sfc_api_set_eml_breakpoints 00000001800330f0 f   sfc_debug:sfc_api.obj
 0001:00032170       sfc_api_set_script_breakpoints 0000000180033170 f   sfc_debug:sfc_api.obj
 0001:000321c0       sfc_api_add_script_breakpoints 00000001800331c0 f   sfc_debug:sfc_api.obj
 0001:00032210       sfc_api_clear_script_breakpoints 0000000180033210 f   sfc_debug:sfc_api.obj
 0001:00032260       sfc_api_query_script_breakpoints 0000000180033260 f   sfc_debug:sfc_api.obj
 0001:000322c0       sfc_api_get_script_id      00000001800332c0 f   sfc_debug:sfc_api.obj
 0001:00032380       sfc_api_get_active_states  0000000180033380 f   sfc_debug:sfc_api.obj
 0001:00032400       sfc_api_break_between_times 0000000180033400 f   sfc_debug:sfc_api.obj
 0001:00032460       sfc_api_get_instance_handle 0000000180033460 f   sfc_debug:sfc_api.obj
 0001:00032510       sfc_api_set_animation      0000000180033510 f   sfc_debug:sfc_api.obj
 0001:00032560       sfc_api_select_chart       0000000180033560 f   sfc_debug:sfc_api.obj
 0001:000325c0       sfc_api_select_charts      00000001800335c0 f   sfc_debug:sfc_api.obj
 0001:000325f0       sfc_api_cycle_detection_check 00000001800335f0 f   sfc_debug:sfc_api.obj
 0001:00032640       sfc_api_data_range_check   0000000180033640 f   sfc_debug:sfc_api.obj
 0001:00032690       sfc_api_transition_conflict_check 0000000180033690 f   sfc_debug:sfc_api.obj
 0001:000326e0       sfc_api_state_consistency_check 00000001800336e0 f   sfc_debug:sfc_api.obj
 0001:00032730       sfc_api_set_instance_cv_ids 0000000180033730 f   sfc_debug:sfc_api.obj
 0001:00032840       sfc_api_set_script_cv_ids  0000000180033840 f   sfc_debug:sfc_api.obj
 0001:000328f0       sfc_api_get_current_machine_id 00000001800338f0 f   sfc_debug:sfc_api.obj
 0001:00032920       sfc_api_get_current_machine_number 0000000180033920 f   sfc_debug:sfc_api.obj
 0001:00032950       sfc_api_get_current_chart_number 0000000180033950 f   sfc_debug:sfc_api.obj
 0001:00032980       sfc_api_get_current_instance_number 0000000180033980 f   sfc_debug:sfc_api.obj
 0001:000329b0       sfc_api_get_current_instance_handle 00000001800339b0 f   sfc_debug:sfc_api.obj
 0001:000329d0       sfc_api_get_current_is_minor_time_step 00000001800339d0 f   sfc_debug:sfc_api.obj
 0001:00032a00       sfc_api_get_current_machine_name 0000000180033a00 f   sfc_debug:sfc_api.obj
 0001:00032a20       sfc_api_get_current_chart_id 0000000180033a20 f   sfc_debug:sfc_api.obj
 0001:00032a50       sfc_api_get_current_object_type 0000000180033a50 f   sfc_debug:sfc_api.obj
 0001:00032a80       sfc_api_get_current_event_type 0000000180033a80 f   sfc_debug:sfc_api.obj
 0001:00032ab0       sfc_api_get_current_object_id 0000000180033ab0 f   sfc_debug:sfc_api.obj
 0001:00032ae0       sfc_get_current_active_event_type 0000000180033ae0 f   sfc_debug:sfc_api.obj
 0001:00032b10       sfc_api_get_current_active_event_id 0000000180033b10 f   sfc_debug:sfc_api.obj
 0001:00032b40       sfc_api_get_current_simulation_time 0000000180033b40 f   sfc_debug:sfc_api.obj
 0001:00032b60       sfc_get_current_tag_type   0000000180033b60 f   sfc_debug:sfc_api.obj
 0001:00032b90       sfc_get_current_coverage_percentage 0000000180033b90 f   sfc_debug:sfc_api.obj
 0001:00032bb0       sfc_get_current_statement_context 0000000180033bb0 f   sfc_debug:sfc_api.obj
 0001:00032bd0       sfc_get_current_optional_integer 0000000180033bd0 f   sfc_debug:sfc_api.obj
 0001:00032c00       sfc_get_current_statement_info 0000000180033c00 f   sfc_debug:sfc_api.obj
 0001:00032ca0       sfc_api_get                0000000180033ca0 f   sfc_debug:sfc_api.obj
 0001:00033910       sf_debug_sm_fill_state_activity_data 0000000180034910 f   sfc_debug:sfdb_animation.obj
 0001:00036210       void_ptr_stack_vector_free_total 0000000180037210 f   sfc_debug:sfdb_data_browse.obj
 0001:000362a0       sf_debug_st_terminate_machine 00000001800372a0 f   sfc_debug:sfdb_data_browse.obj
 0001:000362e0       sf_debug_st_terminate_instance 00000001800372e0 f   sfc_debug:sfdb_data_browse.obj
 0001:00036690       push_on_to_void_ptr_stack  0000000180037690 f   sfc_debug:sfdb_data_browse.obj
 0001:00036820       pop_from_void_ptr_stack    0000000180037820 f   sfc_debug:sfdb_data_browse.obj
 0001:00036950       sf_debug_st_get_data_value 0000000180037950 f   sfc_debug:sfdb_data_browse.obj
 0001:00036ee0       mx_value                   0000000180037ee0 f   sfc_debug:sfdb_data_browse.obj
 0001:00036f20       sf_debug_st_fill_data_struct 0000000180037f20 f   sfc_debug:sfdb_data_browse.obj
 0001:00037260       data_type_format_strings   0000000180038260 f   sfc_debug:sfdb_data_browse.obj
 0001:00037310       sf_debug_st_fill_data      0000000180038310 f   sfc_debug:sfdb_data_browse.obj
 0001:00038060       sf_debug_hm_get_simulink_handle 0000000180039060 f   sfc_debug:sfdb_handle_management.obj
 0001:00038b60       sf_debug_hm_initialize_globals 0000000180039b60 f   sfc_debug:sfdb_handle_management.obj
 0001:00038c60       sf_debug_hm_get_machine_debug_flag 0000000180039c60 f   sfc_debug:sfdb_handle_management.obj
 0001:00038dd0       sf_debug_hm_get_machine_id 0000000180039dd0 f   sfc_debug:sfdb_handle_management.obj
 0001:00038ef0       sf_debug_hm_get_chart_id   0000000180039ef0 f   sfc_debug:sfdb_handle_management.obj
 0001:00039090       sf_debug_hm_register_executing_SFunction 000000018003a090 f   sfc_debug:sfdb_handle_management.obj
 0001:00039420       sf_debug_hm_form_object_boolean_properties 000000018003a420 f   sfc_debug:sfdb_handle_management.obj
 0001:000396f0       sf_debug_hm_form_object_properties 000000018003a6f0 f   sfc_debug:sfdb_handle_management.obj
 0001:00039930       sf_debug_hm_terminate_charts 000000018003a930 f   sfc_debug:sfdb_handle_management.obj
 0001:0003a090       sf_debug_hm_terminate_machines 000000018003b090 f   sfc_debug:sfdb_handle_management.obj
 0001:0003bc90       sf_debug_ss_copy_dimension 000000018003cc90 f   sfc_debug:sfdb_symbol_scope.obj
 0001:0003bd50       sf_debug_ss_get_number_elements 000000018003cd50 f   sfc_debug:sfdb_symbol_scope.obj
 0001:0003bd70       sf_debug_ss_fill_data_struct 000000018003cd70 f   sfc_debug:sfdb_symbol_scope.obj
 0001:0003c0c0       sf_debug_ss_reset_data_info 000000018003d0c0 f   sfc_debug:sfdb_symbol_scope.obj
 0001:0003c120       sf_debug_fill_data_info_by_symbol_scope_entry 000000018003d120 f   sfc_debug:sfdb_symbol_scope.obj
 0001:0003c1e0       sf_debug_fill_data_info_by_data_vector 000000018003d1e0 f   sfc_debug:sfdb_symbol_scope.obj
 0001:0003c430       get_data_info_helper       000000018003d430 f   sfc_debug:sfdb_symbol_scope.obj
 0001:0003c530       sf_debug_ss_get_data_info  000000018003d530 f   sfc_debug:sfdb_symbol_scope.obj
 0001:0003c760       sf_debug_select_mex_function 000000018003d760 f   sfc_debug:sfdb_symbol_scope.obj
 0001:0003c790       sf_debug_is_dyn_matrix_initialized 000000018003d790 f   sfc_debug:sfdb_symbol_scope.obj
 0001:0003c7b0       sf_debug_ss_set_data_value_try 000000018003d7b0 f   sfc_debug:sfdb_symbol_scope.obj
 0001:0003c980       sf_debug_ss_get_data_value 000000018003d980 f   sfc_debug:sfdb_symbol_scope.obj
 0001:0003d0f0       sf_debug_ss_data_bytes_string 000000018003e0f0 f   sfc_debug:sfdb_symbol_scope.obj
 0001:0003d1a0       sf_debug_ss_data_class_string 000000018003e1a0 f   sfc_debug:sfdb_symbol_scope.obj
 0001:0003d530       sf_debug_ss_data_size_string 000000018003e530 f   sfc_debug:sfdb_symbol_scope.obj
 0001:0003d610       sf_debug_ss_data_create_data_info_struct 000000018003e610 f   sfc_debug:sfdb_symbol_scope.obj
 0001:0003d8e0       sf_debug_ss_data_create_name_value_pair 000000018003e8e0 f   sfc_debug:sfdb_symbol_scope.obj
 0001:0003d980       sf_debug_ss_data_get_whos_info 000000018003e980 f   sfc_debug:sfdb_symbol_scope.obj
 0001:0003d990       same_named_data_in_data_array 000000018003e990 f   sfc_debug:sfdb_symbol_scope.obj
 0001:0003f220       sf_debug_cc_terminate_chart 0000000180040220 f   sfc_debug:sfdb_coverage.obj
 0001:0003f5c0       sf_debug_cc_terminate_instance 00000001800405c0 f   sfc_debug:sfdb_coverage.obj
 0001:000401b0       sf_debug_cc_mark_object_if_needed 00000001800411b0 f   sfc_debug:sfdb_coverage.obj
 0001:00040ab0       sf_debug_bm_initialize_eml 0000000180041ab0 f   sfc_debug:sfdb_breakpoints.obj
 0001:00041bf0       sf_debug_bm_map_debug_tag_to_breakpoint_tag 0000000180042bf0 f   sfc_debug:sfdb_breakpoints.obj
 0001:00041cd0       sf_debug_bm_is_a_eml_breakpoint_impl 0000000180042cd0 f   sfc_debug:sfdb_breakpoints.obj
 0001:00043810       sf_debug_sc_push_on_error_stack 0000000180044810 f   sfc_debug:sfdb_state_consistency.obj
 0001:00043940       sf_debug_sc_reset_error_stack 0000000180044940 f   sfc_debug:sfdb_state_consistency.obj
 0001:00043ad0       sf_debug_sc_is_state_inconsistent 0000000180044ad0 f   sfc_debug:sfdb_state_consistency.obj
 0001:00043dd0       sf_debug_sc_fill_consistency_info 0000000180044dd0 f   sfc_debug:sfdb_state_consistency.obj
 0001:000443b0       void_assertion_fcn         00000001800453b0 f   sfc_debug:sfdb_call_stack.obj
 0001:00044930       sf_debug_tm_fill_local_trace 0000000180045930 f   sfc_debug:sfdb_call_stack.obj
 0001:00044f00       sf_debug_cd_terminate_instance 0000000180045f00 f   sfc_debug:sfdb_cycle_detection.obj
 0001:00044f60       sf_debug_cd_free_checksum_stack 0000000180045f60 f   sfc_debug:sfdb_cycle_detection.obj
 0001:00044fb0       sf_debug_cd_reset_pack_strings 0000000180045fb0 f   sfc_debug:sfdb_cycle_detection.obj
 0001:00045670       md5file_clear              0000000180046670 f   sfc_debug:ckmd5.obj
 0001:000456a0       Encode                     00000001800466a0 f   sfc_debug:ckmd5.obj
 0001:000456f0       Decode                     00000001800466f0 f   sfc_debug:ckmd5.obj
 0001:00045790       MD5Transform               0000000180046790 f   sfc_debug:ckmd5.obj
 0001:00045fe0       md5file_addn               0000000180046fe0 f   sfc_debug:ckmd5.obj
 0001:000460b0       md5file_hash               00000001800470b0 f   sfc_debug:ckmd5.obj
 0001:00046598       pre_c_init                 0000000180047598 f   MSVCRT:crtdll.obj
 0001:00046854       __DllMainCRTStartup        0000000180047854 f   MSVCRT:crtdll.obj
 0001:00046f60       __DllMainCRTStartup$filt$0 0000000180047f60 f   MSVCRT:crtdll.obj
 0001:00046f90       __DllMainCRTStartup$fin$1  0000000180047f90 f   MSVCRT:crtdll.obj
 0001:00046faa       _onexit$fin$0              0000000180047faa f   MSVCRT:atonexit.obj
 0001:00046fd0       _IsNonwritableInCurrentImage$filt$0 0000000180047fd0 f   MSVCRT:pesect.obj
